   прогон lin_A_15 50 м: 13168 шагов, 11.5 с
   прогон lin_B_15 50 м: 13168 шагов, 10.2 с
   прогон lin_AB_15 50 м: 13168 шагов, 7.1 с
   очень слабый 15 Вт/м²: ошибка суперпозиции u 3.3%, w 4.7%, θ′ 1.7%; w_max 0.04
   прогон lin_A_60 50 м: 13168 шагов, 7.2 с
   прогон lin_B_60 50 м: 13168 шагов, 7.2 с
   прогон lin_AB_60 50 м: 13168 шагов, 7.2 с
   слабый 60 Вт/м²: ошибка суперпозиции u 11.4%, w 18.6%, θ′ 4.1%; w_max 0.16
   прогон lin_A_250 50 м: 13168 шагов, 7.2 с
   прогон lin_B_250 50 м: 13168 шагов, 10.5 с
   прогон lin_AB_250 50 м: 13168 шагов, 11.1 с
   средний 250 Вт/м²: ошибка суперпозиции u 40.3%, w 69.4%, θ′ 12.4%; w_max 1.12
   прогон lin_A_600 50 м: 13168 шагов, 7.7 с
   прогон lin_B_600 50 м: 13168 шагов, 7.1 с
   прогон lin_AB_600 50 м: 13168 шагов, 7.3 с
   сильный 600 Вт/м²: ошибка суперпозиции u 76.1%, w 87.2%, θ′ 20.7%; w_max 2.48
| Нагрев | Макс. подъём A+B, м/с | Макс. θ′ A+B, К | Ошибка суперпозиции w | u | θ′ |
|---|---|---|---|---|---|
| очень слабый, 15 Вт/м² | 0.04 | 0.09 | 4.7% | 3.3% | 1.7% |
| слабый, 60 Вт/м² | 0.16 | 0.32 | 18.6% | 11.4% | 4.1% |
| средний, 250 Вт/м² | 1.12 | 1.11 | 69.4% | 40.3% | 12.4% |
| сильный, 600 Вт/м² | 2.48 | 2.32 | 87.2% | 76.1% | 20.7% |

Недоустановление (поле 8 ч против 7 ч, A+B 250 Вт/м²): u 0.1%, w 0.1%, θ′ 0.7%.
   прогон pt_800 50 м: 13168 шагов, 13.3 с
   прогон pt_2200 50 м: 13168 шагов, 13.5 с
   прогон pt_2750 50 м: 13168 шагов, 8.2 с
   прогон s1_sun_one_slope 100 м: 6585 шагов, 4.0 с
   прогон pt_50 100 м: 6585 шагов, 3.3 с
   прогон pt_150 100 м: 6585 шагов, 3.3 с
   прогон pt_250 100 м: 6585 шагов, 3.3 с
   прогон pt_350 100 м: 6585 шагов, 3.3 с
   прогон pt_450 100 м: 6585 шагов, 3.3 с
   прогон pt_550 100 м: 6585 шагов, 3.5 с
   прогон pt_650 100 м: 6585 шагов, 3.5 с
   прогон pt_750 100 м: 6585 шагов, 3.3 с
   прогон pt_850 100 м: 6585 шагов, 3.3 с
   прогон pt_950 100 м: 6585 шагов, 3.3 с
   прогон pt_1050 100 м: 6585 шагов, 3.3 с
   прогон pt_1150 100 м: 6585 шагов, 3.3 с
   прогон pt_1250 100 м: 6585 шагов, 3.3 с
   прогон pt_1350 100 м: 6585 шагов, 3.3 с
   прогон pt_1450 100 м: 6585 шагов, 3.3 с
   прогон pt_1550 100 м: 6585 шагов, 3.3 с
   прогон pt_1650 100 м: 6585 шагов, 3.3 с
   прогон pt_1750 100 м: 6585 шагов, 3.3 с
   прогон pt_1850 100 м: 6585 шагов, 3.3 с
   прогон pt_1950 100 м: 6585 шагов, 3.3 с
   прогон pt_2050 100 м: 6585 шагов, 3.3 с
   прогон pt_2150 100 м: 6585 шагов, 3.5 с
   прогон pt_2250 100 м: 6585 шагов, 3.8 с
   прогон pt_2350 100 м: 6585 шагов, 3.3 с
   прогон pt_2450 100 м: 6585 шагов, 3.3 с
   прогон pt_2550 100 м: 6585 шагов, 3.3 с
   прогон pt_2650 100 м: 6585 шагов, 3.3 с
   прогон pt_2750 100 м: 6585 шагов, 3.6 с
   прогон pt_2850 100 м: 6585 шагов, 3.3 с
   прогон pt_2950 100 м: 6585 шагов, 3.5 с
   прогон pt_3050 100 м: 6585 шагов, 3.3 с
   прогон pt_3150 100 м: 6585 шагов, 3.3 с
   прогон pt_3250 100 м: 6585 шагов, 3.3 с
   прогон pt_3350 100 м: 6585 шагов, 3.3 с
   прогон pt_3450 100 м: 6585 шагов, 3.4 с
   прогон pt_3550 100 м: 6585 шагов, 3.3 с
   прогон pt_3650 100 м: 6585 шагов, 3.3 с
   прогон pt_3750 100 м: 6585 шагов, 3.3 с
   прогон pt_3850 100 м: 6585 шагов, 3.3 с
   прогон pt_3950 100 м: 6585 шагов, 4.1 с
   прогон pt_4050 100 м: 6585 шагов, 5.7 с
   прогон pt_4150 100 м: 6585 шагов, 5.7 с
   прогон pt_4250 100 м: 6585 шагов, 5.3 с
   прогон pt_4350 100 м: 6585 шагов, 4.9 с
   прогон pt_4450 100 м: 6585 шагов, 4.7 с
   прогон pt_4550 100 м: 6585 шагов, 3.8 с
   прогон pt_4650 100 м: 6585 шагов, 4.4 с
   прогон pt_4750 100 м: 6585 шагов, 5.3 с
   прогон pt_4850 100 м: 6585 шагов, 5.4 с
   прогон pt_4950 100 м: 6585 шагов, 6.5 с
   прогон pt_5050 100 м: 6585 шагов, 7.7 с
   прогон pt_5150 100 м: 6585 шагов, 6.7 с
   прогон pt_5250 100 м: 6585 шагов, 6.7 с
   прогон pt_5350 100 м: 6585 шагов, 7.2 с
   прогон pt_5450 100 м: 6585 шагов, 6.9 с
   прогон pt_5550 100 м: 6585 шагов, 6.8 с
   прогон pt_5650 100 м: 6585 шагов, 6.9 с
   прогон pt_5750 100 м: 6585 шагов, 6.7 с
   прогон pt_5850 100 м: 6585 шагов, 5.8 с
   прогон pt_5950 100 м: 6585 шагов, 4.1 с
   прогон pt_6050 100 м: 6585 шагов, 4.1 с
   прогон pt_6150 100 м: 6585 шагов, 5.8 с
   прогон pt_6250 100 м: 6585 шагов, 4.1 с
   прогон pt_6350 100 м: 6585 шагов, 3.3 с
Ядра — отклик на нагрев одного столбца 50 м потоком 250 Вт/м² (поля через 8 ч):

| Источник | Пик |w|, см/с | w < 5 % дальше, км (клеток) | w < 1 %, км (клеток) | Пик |u|, см/с | u < 5 % / 1 %, км | Пик θ′, мК | θ′ < 5 % / 1 %, км |
|---|---|---|---|---|---|---|---|
| равнина (x = 0,8 км) | 10.2 | 1.95 (39) | 3.85 (77) | 9.2 | 3.50 / 5.20 | 297 | 1.75 / 5.70 |
| середина склона (x = 2,2 км) | 11.0 | 2.20 (44) | 2.45 (49) | 12.7 | 2.00 / 3.60 | 271 | 2.25 / 4.30 |
| у гребня (x = 2,75 км) | 10.8 | 1.20 (24) | 3.70 (74) | 10.4 | 2.40 / 3.45 | 257 | 2.75 / 3.75 |

Сборка сценария 1 (клетка 100 м, 64 нагретых столбцов; эталон — автомат через 8 ч; он отличается от сохранённого эталона out/refs на u 4.4%, w 5.5%, θ′ 11.7%):

| Способ | Ошибка u / w / θ′ | Макс. подъём, м/с | Приток у подножия, м/с | Высота подъёма, м | Опускание в долине, м/с |
|---|---|---|---|---|---|
| эталон (автомат) | — | 1.45 | +0.55 | 1400 | -0.084 |
| сумма точных ядер столбцов | 0.77 / 0.86 / 0.25 | 0.48 | +0.41 | 1000 | -0.027 |
| свёртка тремя ядрами | 0.79 / 0.87 / 0.31 | 0.41 | +0.07 | 1000 | -0.014 |

Цена «одного широкого слоя»: умножение матрицы ядер 6144×64 на вектор нагрева — 0.033 мс на GPU, матрица 1.5 МБ (float32). Недостающее усиление подъёма: ×3.0.
