s1_sun_one_slope 200 м: 1.023 мс (без графа 17.03); эталон 0.62 с
s1_sun_one_slope 100 м: 1.100 мс (без графа 20.30); эталон 1.37 с
s1_sun_one_slope 50 м: 1.408 мс (без графа 23.24); эталон 3.07 с
s1_sun_one_slope 25 м: 1.761 мс (без графа 26.81); эталон 7.07 с
s2_both_slopes 200 м: 1.209 мс (без графа 17.30); эталон 0.76 с
s2_both_slopes 100 м: 1.378 мс (без графа 20.31); эталон 1.58 с
s2_both_slopes 50 м: 1.566 мс (без графа 23.12); эталон 3.36 с
s2_both_slopes 25 м: 1.823 мс (без графа 26.26); эталон 8.38 с
s3_wind 200 м: 1.222 мс (без графа 17.40); эталон 0.38 с
s3_wind 100 м: 1.389 мс (без графа 20.42); эталон 0.92 с
s3_wind 50 м: 1.577 мс (без графа 23.40); эталон 3.03 с
s3_wind 25 м: 1.830 мс (без графа 25.89); эталон 9.97 с
s4_inversion 200 м: 0.948 мс (без графа 16.66); эталон 0.63 с
s4_inversion 100 м: 1.077 мс (без графа 19.56); эталон 1.23 с
s4_inversion 50 м: 1.214 мс (без графа 22.61); эталон 2.78 с
s4_inversion 25 м: 1.404 мс (без графа 25.40); эталон 4.17 с
   V-циклов 1: 0.309 мс, ошибка u 0.709 w 0.613, div 7.4e-02
   V-циклов 2: 0.471 мс, ошибка u 0.710 w 0.610, div 2.2e-03
   V-циклов 4: 0.788 мс, ошибка u 0.710 w 0.609, div 4.6e-06
   V-циклов 8: 1.422 мс, ошибка u 0.710 w 0.609, div 3.5e-06
   V-циклов 16: 2.698 мс, ошибка u 0.710 w 0.609, div 4.4e-06
### Время на GPU (NVIDIA GeForce RTX 4070 SUPER, CuPy RawKernel + CUDA Graph, float32; один расчёт поля; неразрывность — 8 V-циклов многосеточного)

| Сценарий | Клетка | Сетка (воздушных) | Ядро струи, мс (без графа) | Автомат до установления, с | Во сколько раз быстрее |
|---|---|---|---|---|---|
| 1. Солнце на крутой склон | 200 м | 32×16 (489) | 1.023 (17.0) | 0.62 | 605 |
| 1. Солнце на крутой склон | 100 м | 64×32 (1948) | 1.100 (20.3) | 1.37 | 1246 |
| 1. Солнце на крутой склон | 50 м | 128×64 (7792) | 1.408 (23.2) | 3.07 | 2178 |
| 1. Солнце на крутой склон | 25 м | 256×128 (31168) | 1.761 (26.8) | 7.07 | 4014 |
| 2. Оба склона | 200 м | 32×16 (489) | 1.209 (17.3) | 0.76 | 629 |
| 2. Оба склона | 100 м | 64×32 (1948) | 1.378 (20.3) | 1.58 | 1147 |
| 2. Оба склона | 50 м | 128×64 (7792) | 1.566 (23.1) | 3.36 | 2147 |
| 2. Оба склона | 25 м | 256×128 (31168) | 1.823 (26.3) | 8.38 | 4596 |
| 3. Ветер 3 м/с | 200 м | 48×16 (745) | 1.222 (17.4) | 0.38 | 309 |
| 3. Ветер 3 м/с | 100 м | 96×32 (2972) | 1.389 (20.4) | 0.92 | 665 |
| 3. Ветер 3 м/с | 50 м | 192×64 (11888) | 1.577 (23.4) | 3.03 | 1920 |
| 3. Ветер 3 м/с | 25 м | 384×128 (47552) | 1.830 (25.9) | 9.97 | 5447 |
| 4. Инверсия 1,5 км | 200 м | 32×16 (489) | 0.948 (16.7) | 0.63 | 665 |
| 4. Инверсия 1,5 км | 100 м | 64×32 (1948) | 1.077 (19.6) | 1.23 | 1145 |
| 4. Инверсия 1,5 км | 50 м | 128×64 (7792) | 1.214 (22.6) | 2.78 | 2288 |
| 4. Инверсия 1,5 км | 25 м | 256×128 (31168) | 1.404 (25.4) | 4.17 | 2970 |

Число V-циклов (сценарий 1, 25 м):

| V-циклов | мс | ошибка u | ошибка w | остаток дивергенции (отн.) |
|---|---|---|---|---|
| 1 | 0.309 | 0.709 | 0.613 | 7.4e-02 |
| 2 | 0.471 | 0.710 | 0.610 | 2.2e-03 |
| 4 | 0.788 | 0.710 | 0.609 | 4.6e-06 |
| 8 | 1.422 | 0.710 | 0.609 | 3.5e-06 |
| 16 | 2.698 | 0.710 | 0.609 | 4.4e-06 |

Оценка для 3D (40×40 км × 32 уровня): мс = 1.02 мс (пол накладных расходов) + 24.04 нс на клетку (приращение 200 → 25 м в 2D) × 1,5 за 3D; эталон 3D — из общей таблицы автомата (../out/summary.md). Струй в 3D — десятки (по максимумам размытой карты), их уравнения — по потоку на струю, в счёт не входят.

| Клетка | Ячеек 3D | Ядро струи 3D, мс (оценка) | Автомат 3D до установления, с (оценка базы) |
|---|---|---|---|
| 200 м | 1.28 млн | 47.2 | 7 |
| 100 м | 5.12 млн | 185.6 | 61 |
| 50 м | 20.48 млн | 739.4 | 509 |
| 25 м | 81.92 млн | 2954.7 | 4270 |
