Godot Engine v4.7.2.stable.official.ed1daf0bf - https://godotengine.org
Vulkan 1.3.277 - Forward+ - Using Device #0: NVIDIA - NVIDIA GeForce RTX 4070 SUPER

[row] {"err":"","field_ms":602.032,"frame":{"max":52.017,"mean":13.3342100456621,"n":219,"p50":13.287,"p95":14.396},"gpu_ms":1668.17083692551,"hour":12.0,"iters":[230,190],"main_wall_ms":2919.967,"ok":true,"read_ms":43.575,"record_cpu_ms":563.871,"sync_wait_ms":1687.404,"wall_ms":2271.801,"warm":false}
[row] {"err":"","field_ms":606.015,"frame":{"max":53.434,"mean":13.3337329545454,"n":176,"p50":13.328,"p95":14.434},"gpu_ms":1252.80733537674,"hour":12.25,"iters":[120,190],"main_wall_ms":2346.549,"ok":true,"read_ms":35.584,"record_cpu_ms":408.917,"sync_wait_ms":1269.237,"wall_ms":1696.169,"warm":true}
[row] {"err":"","field_ms":604.279,"frame":{"max":51.483,"mean":13.4880751445087,"n":173,"p50":13.32,"p95":14.319},"gpu_ms":1267.12559872866,"hour":12.5,"iters":[110,180],"main_wall_ms":2333.192,"ok":true,"read_ms":18.224,"record_cpu_ms":406.333,"sync_wait_ms":1281.383,"wall_ms":1700.231,"warm":true}
[row] {"err":"","field_ms":614.466,"frame":{"max":52.533,"mean":13.3343592814371,"n":167,"p50":13.322,"p95":14.431},"gpu_ms":1221.20956850052,"hour":12.75,"iters":[120,180],"main_wall_ms":2227.026,"ok":true,"read_ms":16.48,"record_cpu_ms":341.599,"sync_wait_ms":1233.451,"wall_ms":1586.662,"warm":true}
[ev]    369.1 main: thread start
[ev]    369.4 init begin
[ev]    584.1 prep start h=12.00
[ev]    643.0 init end ok=true
[ev]    643.0 A7: buffer_clear после submit до sync — вызов прошёл (0.00 мс), смотри ошибки в логе
[ev]   1475.8 prep end
[ev]   1475.9 job start
[ev]   3747.7 job solved
[ev]   4393.7 job done
[ev]   4396.3 prep start h=12.25
[ev]   5249.2 prep end
[ev]   5251.3 job start
[ev]   6947.5 job solved
[ev]   7589.5 job done
[ev]   7596.1 prep start h=12.50
[ev]   8476.0 prep end
[ev]   8477.4 job start
[ev]  10177.6 job solved
[ev]  10800.5 job done
[ev]  10809.7 prep start h=12.75
[ev]  11675.9 prep end
[ev]  11677.3 job start
[ev]  13264.0 job solved
[ev]  13895.3 job done
[ev]  13942.2 destroyed
[big frames] [[318.187, 55.683], [584.13, 228.276], [625.877, 41.747], [2676.076, 52.017], [4472.002, 49.643], [7222.668, 53.434], [9541.847, 51.483], [13222.89, 52.533]]
WARNING: 15 ObjectDB instances were leaked at exit (run with `--verbose` for details).
   at: cleanup (core/object/object.cpp:2536)
ERROR: 11 resources still in use at exit (run with --verbose for details).
   at: clear (core/io/resource.cpp:822)
