{
 "split": {
  "info": {
   "status": "ok",
   "iters": 41,
   "t_solve": 0.14,
   "th_rms": 7.278832470092311e-08,
   "thd_rms": 7.141628088902507e-08,
   "mom_rms": 1.4737893909409554e-05
  },
  "w_max": 0.5630184412002563,
  "w_min": -0.3602425456047058,
  "th_max": 0.28080523014068604,
  "th_min": 0.0038913260214030743,
  "budget": {
   "q_in": 1034888.4162267495,
   "bg": -0.0,
   "cool": 86439.57327575967,
   "sponge": 260858.8271567669,
   "outflow": 687710.4383953223,
   "residual": -120.42260109935887,
   "rel": -5.817805729501412e-05
  },
  "thd_max": 0.28080183267593384,
  "thd_min": 0.0,
  "tha_max": 3.516674041748047e-06,
  "tha_min": 0.0
 }
}
