0.0 1.0 {'iters': {'d400': 61, 'w100': 71, 'w50': 161}, 'status': {'d400': 'ok', 'w100': 'ok', 'w50': 'ok'}, 'd400': {'start_w200_max': 0.3945050618591873, 'w200_p99': 0.40164494752266877, 'start_th50': 0.6882692613667069}, 'w50': {'start_w200_max': 0.5160191963985562, 'start_speed50': 0.7959765057675674, 'start_w50': 0.19329094600171917, 'start_th50': 0.7208299421323636, 'th_max': 0.7784960269927979}, 'k_theta_max_d400': 861.60595703125, 't': 5.4}
0.0 0.85 {'iters': {'d400': 61, 'w100': 71, 'w50': 171}, 'status': {'d400': 'ok', 'w100': 'ok', 'w50': 'ok'}, 'd400': {'start_w200_max': 0.3820644070598064, 'w200_p99': 0.40884135299282215, 'start_th50': 0.67939934477438}, 'w50': {'start_w200_max': 0.5048336790502072, 'start_speed50': 0.7525253938512202, 'start_w50': 0.18854183572984323, 'start_th50': 0.716822800349294, 'th_max': 0.7663158774375916}, 'k_theta_max_d400': 963.0299682617188, 't': 4.7}
0.0 0.74 {'iters': {'d400': 61, 'w100': 81, 'w50': 181}, 'status': {'d400': 'ok', 'w100': 'ok', 'w50': 'ok'}, 'd400': {'start_w200_max': 0.3700603061954358, 'w200_p99': 0.4177711218501441, 'start_th50': 0.6707997022905012}, 'w50': {'start_w200_max': 0.49564117559231813, 'start_speed50': 0.7142920741764751, 'start_w50': 0.18398563974207982, 'start_th50': 0.7113644545598978, 'th_max': 0.7530138492584229}, 'k_theta_max_d400': 1057.8438720703125, 't': 4.9}
3.0 1.0 {'iters': {'d400': 91, 'w100': 41, 'w50': 71}, 'status': {'d400': 'ok', 'w100': 'ok', 'w50': 'ok'}, 'd400': {'start_w200_max': 1.1990636853908654, 'w200_p99': 1.229089662068256, 'start_th50': 0.2975897246864306}, 'w50': {'start_w200_max': 1.3315444746986032, 'start_speed50': 5.057404214655074, 'start_w50': 0.7151529127701173, 'start_th50': 0.31832887707230056, 'th_max': 0.3643551468849182}, 'k_theta_max_d400': 1024.832763671875, 't': 3.4}
3.0 0.85 {'iters': {'d400': 91, 'w100': 41, 'w50': 71}, 'status': {'d400': 'ok', 'w100': 'ok', 'w50': 'ok'}, 'd400': {'start_w200_max': 1.196716330267511, 'w200_p99': 1.2291215453634714, 'start_th50': 0.29336941335923106}, 'w50': {'start_w200_max': 1.328488318063319, 'start_speed50': 5.050326950914693, 'start_w50': 0.7136767694990781, 'start_th50': 0.3130877792678317, 'th_max': 0.35571762919425964}, 'k_theta_max_d400': 1149.6573486328125, 't': 3.4}
3.0 0.74 {'iters': {'d400': 91, 'w100': 41, 'w50': 61}, 'status': {'d400': 'ok', 'w100': 'ok', 'w50': 'ok'}, 'd400': {'start_w200_max': 1.1945209269614203, 'w200_p99': 1.2291527518580898, 'start_th50': 0.2896308233272481}, 'w50': {'start_w200_max': 1.3257679827883841, 'start_speed50': 5.043650058892203, 'start_w50': 0.7123171799748512, 'start_th50': 0.3084848900305718, 'th_max': 0.3484763205051422}, 'k_theta_max_d400': 1267.920654296875, 't': 3.3}
{
 "U0_prt1.0": {
  "iters": {
   "d400": 61,
   "w100": 71,
   "w50": 161
  },
  "status": {
   "d400": "ok",
   "w100": "ok",
   "w50": "ok"
  },
  "d400": {
   "start_w200_max": 0.3945050618591873,
   "w200_p99": 0.40164494752266877,
   "start_th50": 0.6882692613667069
  },
  "w50": {
   "start_w200_max": 0.5160191963985562,
   "start_speed50": 0.7959765057675674,
   "start_w50": 0.19329094600171917,
   "start_th50": 0.7208299421323636,
   "th_max": 0.7784960269927979
  },
  "k_theta_max_d400": 861.60595703125,
  "t": 5.4
 },
 "U0_prt0.85": {
  "iters": {
   "d400": 61,
   "w100": 71,
   "w50": 171
  },
  "status": {
   "d400": "ok",
   "w100": "ok",
   "w50": "ok"
  },
  "d400": {
   "start_w200_max": 0.3820644070598064,
   "w200_p99": 0.40884135299282215,
   "start_th50": 0.67939934477438
  },
  "w50": {
   "start_w200_max": 0.5048336790502072,
   "start_speed50": 0.7525253938512202,
   "start_w50": 0.18854183572984323,
   "start_th50": 0.716822800349294,
   "th_max": 0.7663158774375916
  },
  "k_theta_max_d400": 963.0299682617188,
  "t": 4.7
 },
 "U0_prt0.74": {
  "iters": {
   "d400": 61,
   "w100": 81,
   "w50": 181
  },
  "status": {
   "d400": "ok",
   "w100": "ok",
   "w50": "ok"
  },
  "d400": {
   "start_w200_max": 0.3700603061954358,
   "w200_p99": 0.4177711218501441,
   "start_th50": 0.6707997022905012
  },
  "w50": {
   "start_w200_max": 0.49564117559231813,
   "start_speed50": 0.7142920741764751,
   "start_w50": 0.18398563974207982,
   "start_th50": 0.7113644545598978,
   "th_max": 0.7530138492584229
  },
  "k_theta_max_d400": 1057.8438720703125,
  "t": 4.9
 },
 "U3_prt1.0": {
  "iters": {
   "d400": 91,
   "w100": 41,
   "w50": 71
  },
  "status": {
   "d400": "ok",
   "w100": "ok",
   "w50": "ok"
  },
  "d400": {
   "start_w200_max": 1.1990636853908654,
   "w200_p99": 1.229089662068256,
   "start_th50": 0.2975897246864306
  },
  "w50": {
   "start_w200_max": 1.3315444746986032,
   "start_speed50": 5.057404214655074,
   "start_w50": 0.7151529127701173,
   "start_th50": 0.31832887707230056,
   "th_max": 0.3643551468849182
  },
  "k_theta_max_d400": 1024.832763671875,
  "t": 3.4
 },
 "U3_prt0.85": {
  "iters": {
   "d400": 91,
   "w100": 41,
   "w50": 71
  },
  "status": {
   "d400": "ok",
   "w100": "ok",
   "w50": "ok"
  },
  "d400": {
   "start_w200_max": 1.196716330267511,
   "w200_p99": 1.2291215453634714,
   "start_th50": 0.29336941335923106
  },
  "w50": {
   "start_w200_max": 1.328488318063319,
   "start_speed50": 5.050326950914693,
   "start_w50": 0.7136767694990781,
   "start_th50": 0.3130877792678317,
   "th_max": 0.35571762919425964
  },
  "k_theta_max_d400": 1149.6573486328125,
  "t": 3.4
 },
 "U3_prt0.74": {
  "iters": {
   "d400": 91,
   "w100": 41,
   "w50": 61
  },
  "status": {
   "d400": "ok",
   "w100": "ok",
   "w50": "ok"
  },
  "d400": {
   "start_w200_max": 1.1945209269614203,
   "w200_p99": 1.2291527518580898,
   "start_th50": 0.2896308233272481
  },
  "w50": {
   "start_w200_max": 1.3257679827883841,
   "start_speed50": 5.043650058892203,
   "start_w50": 0.7123171799748512,
   "start_th50": 0.3084848900305718,
   "th_max": 0.3484763205051422
  },
  "k_theta_max_d400": 1267.920654296875,
  "t": 3.3
 }
}
