now 1800.0 {'info': {'status': 'ok', 'iters': 101, 't_solve': 1.49, 'th_rms': 3.337746932174923e-07, 'thd_rms': None, 'mom_rms': 1.500424271980718e-05}, 'ratio20': 1.7079221919287655, 'ratio50': 1.5864572267375703, 'lee50': 0.9318597387777688, 'th_min': -1.179988145828247, 'th_max': 0.5997070074081421}
now 7200.0 {'info': {'status': 'ok', 'iters': 151, 't_solve': 2.22, 'th_rms': 3.357821469762712e-07, 'thd_rms': None, 'mom_rms': 1.5827317039886226e-05}, 'ratio20': 1.8996238919688175, 'ratio50': 1.7444652583023006, 'lee50': 1.1436360178299703, 'th_min': -1.3198646306991577, 'th_max': 0.6725261807441711}
now 21600.0 {'info': {'status': 'ok', 'iters': 171, 't_solve': 2.52, 'th_rms': 3.5264156394987367e-07, 'thd_rms': None, 'mom_rms': 1.6643654879509863e-05}, 'ratio20': 1.9920804793350324, 'ratio50': 1.819713571306293, 'lee50': 1.2353988810331438, 'th_min': -1.3648544549942017, 'th_max': 0.6902446746826172}
split 1800.0 {'info': {'status': 'ok', 'iters': 161, 't_solve': 2.98, 'th_rms': 4.4016888978148927e-07, 'thd_rms': 0.0, 'mom_rms': 1.5591587576259427e-05}, 'ratio20': 2.0509253174682316, 'ratio50': 1.8670381754922385, 'lee50': 1.2935836375675753, 'th_min': -1.3916776180267334, 'th_max': 0.6995413303375244}
split 7200.0 {'info': {'status': 'ok', 'iters': 171, 't_solve': 3.17, 'th_rms': 4.2478080786167993e-07, 'thd_rms': 0.0, 'mom_rms': 1.8197986387040998e-05}, 'ratio20': 2.0511185106688794, 'ratio50': 1.8672817966675042, 'lee50': 1.292524155575485, 'th_min': -1.391578197479248, 'th_max': 0.6986644864082336}
split 21600.0 {'info': {'status': 'ok', 'iters': 181, 't_solve': 3.35, 'th_rms': 3.7107076877873624e-07, 'thd_rms': 0.0, 'mom_rms': 1.6828719328340503e-05}, 'ratio20': 2.055356624594318, 'ratio50': 1.8708053588857825, 'lee50': 1.2961220187323734, 'th_min': -1.3916149139404297, 'th_max': 0.6998751163482666}
{
 "x": [
  -6350.0,
  -6250.0,
  -6150.0,
  -6050.0,
  -5950.0,
  -5850.0,
  -5750.0,
  -5650.0,
  -5550.0,
  -5450.0,
  -5350.0,
  -5250.0,
  -5150.0,
  -5050.0,
  -4950.0,
  -4850.0,
  -4750.0,
  -4650.0,
  -4550.0,
  -4450.0,
  -4350.0,
  -4250.0,
  -4150.0,
  -4050.0,
  -3950.0,
  -3850.0,
  -3750.0,
  -3650.0,
  -3550.0,
  -3450.0,
  -3350.0,
  -3250.0,
  -3150.0,
  -3050.0,
  -2950.0,
  -2850.0,
  -2750.0,
  -2650.0,
  -2550.0,
  -2450.0,
  -2350.0,
  -2250.0,
  -2150.0,
  -2050.0,
  -1950.0,
  -1850.0,
  -1750.0,
  -1650.0,
  -1550.0,
  -1450.0,
  -1350.0,
  -1250.0,
  -1150.0,
  -1050.0,
  -950.0,
  -850.0,
  -750.0,
  -650.0,
  -550.0,
  -450.0,
  -350.0,
  -250.0,
  -150.0,
  -50.0,
  50.0,
  150.0,
  250.0,
  350.0,
  450.0,
  550.0,
  650.0,
  750.0,
  850.0,
  950.0,
  1050.0,
  1150.0,
  1250.0,
  1350.0,
  1450.0,
  1550.0,
  1650.0,
  1750.0,
  1850.0,
  1950.0,
  2050.0,
  2150.0,
  2250.0,
  2350.0,
  2450.0,
  2550.0,
  2650.0,
  2750.0,
  2850.0,
  2950.0,
  3050.0,
  3150.0,
  3250.0,
  3350.0,
  3450.0,
  3550.0,
  3650.0,
  3750.0,
  3850.0,
  3950.0,
  4050.0,
  4150.0,
  4250.0,
  4350.0,
  4450.0,
  4550.0,
  4650.0,
  4750.0,
  4850.0,
  4950.0,
  5050.0,
  5150.0,
  5250.0,
  5350.0,
  5450.0,
  5550.0,
  5650.0,
  5750.0,
  5850.0,
  5950.0,
  6050.0,
  6150.0,
  6250.0,
  6350.0
 ],
 "h_axis": [
  2.229469318664735,
  2.300726375967483,
  2.3754438697460376,
  2.453848780698764,
  2.536186943210852,
  2.6227249492251308,
  2.713752279350081,
  2.8095836926067714,
  2.910561911161752,
  3.017060642214655,
  3.1294879860805005,
  3.248290287638216,
  3.3739564979662635,
  3.507023124468945,
  3.648079861501381,
  3.7977760099059177,
  3.956827813570862,
  4.12602686485059,
  4.306249759362758,
  4.498469215453345,
  4.7037669159381865,
  4.9233483814128425,
  5.158560247779217,
  5.410910398602719,
  5.682091499237469,
  5.974008599148894,
  6.288811617720789,
  6.6289337150797065,
  6.997136783535435,
  7.396565590750506,
  7.830812480602469,
  8.303995015479796,
  8.820849555709028,
  9.386844559542364,
  10.008318406243097,
  10.69264786991784,
  11.448455103386316,
  12.285863265367839,
  13.216813924455822,
  14.255463348774555,
  15.418680077616333,
  16.726673223896373,
  18.203790377637347,
  19.879536560345883,
  21.789882415994736,
  23.978951898632673,
  26.501208343777385,
  29.424293773423546,
  32.832718753512424,
  36.8326438808439,
  41.55802316452604,
  47.17835399561928,
  53.90810434269128,
  62.017357645523475,
  71.84188954976483,
  83.78788504071878,
  98.3202011453421,
  115.91103585505189,
  136.90624234955183,
  161.24512987836104,
  187.9800736923898,
  214.67546877296587,
  237.12519099758975,
  250.2079601560775,
  250.2079601560775,
  237.12519099758975,
  214.67546877296587,
  187.9800736923898,
  161.24512987836104,
  136.90624234955183,
  115.91103585505189,
  98.3202011453421,
  83.78788504071878,
  71.84188954976483,
  62.017357645523475,
  53.90810434269128,
  47.17835399561928,
  41.55802316452604,
  36.8326438808439,
  32.832718753512424,
  29.424293773423546,
  26.501208343777385,
  23.978951898632673,
  21.789882415994736,
  19.879536560345883,
  18.203790377637347,
  16.726673223896373,
  15.418680077616333,
  14.255463348774555,
  13.216813924455822,
  12.285863265367839,
  11.448455103386316,
  10.69264786991784,
  10.008318406243097,
  9.386844559542364,
  8.820849555709028,
  8.303995015479796,
  7.830812480602469,
  7.396565590750506,
  6.997136783535435,
  6.6289337150797065,
  6.288811617720789,
  5.974008599148894,
  5.682091499237469,
  5.410910398602719,
  5.158560247779217,
  4.9233483814128425,
  4.7037669159381865,
  4.498469215453345,
  4.306249759362758,
  4.12602686485059,
  3.956827813570862,
  3.7977760099059177,
  3.648079861501381,
  3.507023124468945,
  3.3739564979662635,
  3.248290287638216,
  3.1294879860805005,
  3.017060642214655,
  2.910561911161752,
  2.8095836926067714,
  2.713752279350081,
  2.6227249492251308,
  2.536186943210852,
  2.453848780698764,
  2.3754438697460376,
  2.300726375967483,
  2.229469318664735
 ],
 "runs": {
  "now_tau1800": {
   "info": {
    "status": "ok",
    "iters": 101,
    "t_solve": 1.49,
    "th_rms": 3.337746932174923e-07,
    "thd_rms": null,
    "mom_rms": 1.500424271980718e-05
   },
   "ratio20": 1.7079221919287655,
   "ratio50": 1.5864572267375703,
   "lee50": 0.9318597387777688,
   "th_min": -1.179988145828247,
   "th_max": 0.5997070074081421,
   "s20_axis": [
    5.607379438048704,
    5.598822121976188,
    5.5858893494562425,
    5.568917290627577,
    5.548101448668822,
    5.523590596915269,
    5.49550060698228,
    5.46392446231722,
    5.428937026616989,
    5.390601242533379,
    5.348971469799043,
    5.304098253190095,
    5.25603499866134,
    5.204838926802542,
    5.150572979966041,
    5.093314405518291,
    5.033150940872492,
    4.97018415164827,
    4.904529908053182,
    4.836314570194108,
    4.765679279817182,
    4.6927675622701805,
    4.6207183197461505,
    4.548389717636953,
    4.474474332158208,
    4.399123797533392,
    4.322494581775915,
    4.2447473561376485,
    4.166052224039302,
    4.086593239817759,
    4.006571955388106,
    3.926210091928558,
    3.8457469737391756,
    3.765431559221825,
    3.6854991186497545,
    3.6061243736721162,
    3.5273432324108405,
    3.4489376435535264,
    3.370293371037816,
    3.2902360183675765,
    3.2067491398902495,
    3.116112348989493,
    3.009996225685929,
    2.864353083196612,
    2.6077162615626706,
    1.9054674633954556,
    3.3387446958632796,
    3.0421098157720032,
    2.897644766974397,
    2.7992855126673324,
    2.7147560307130947,
    2.6217397140933114,
    2.4881084094985533,
    2.347562101511776,
    1.7500053274704626,
    3.172963654231856,
    2.637668866387523,
    1.6980305364142096,
    3.4404539133480636,
    1.8490166042007146,
    4.589118147864103,
    2.8935236965358713,
    6.678882408864187,
    6.431064122183888,
    6.493084287784516,
    6.7974950644498,
    2.182256418551386,
    2.8949457919957347,
    1.0901890314775293,
    2.0301125976761276,
    1.042597274398216,
    1.470661624430885,
    2.4023312569768813,
    1.4135806282787657,
    1.748507637622406,
    2.084845957520164,
    2.6543457096829557,
    3.172963800741912,
    3.6564670592908857,
    4.124195982528266,
    4.6122716257981375,
    5.238116075549861,
    2.6880625711618094,
    3.4398266078447812,
    3.9451764510877894,
    4.356796912794065,
    4.704157368740874,
    5.002361027008896,
    5.260581523199768,
    5.485584876770985,
    5.6823412171634775,
    5.854371543000893,
    6.004265357116403,
    6.134016737298444,
    6.245207223336007,
    6.339153443245714,
    6.417006632671315,
    6.479822955006724,
    6.528597409601701,
    6.564289836672497,
    6.587830466974947,
    6.600126163965424,
    6.602061790652512,
    6.594497305443189,
    6.578265669492699,
    6.55417062860106,
    6.525211717632657,
    6.49405729712039,
    6.456867222097724,
    6.414396030511464,
    6.367370645628099,
    6.316489433064814,
    6.262424577153165,
    6.20581300036976,
    6.1472649810353515,
    6.087333584614189,
    6.026514731776457,
    5.965234804842747,
    5.9037895964783,
    5.842355885717299,
    5.781011059656914,
    5.719782857153372,
    5.6587030998246055,
    5.59799684777675,
    5.538875644226064,
    5.486155158083252,
    5.458423034133007,
    5.532760676508006
   ],
   "budget": {
    "q_in": 0.0,
    "bg": -0.03597331643678814,
    "cool": -14444300.627099594,
    "sponge": -642386.0904141605,
    "outflow": 15112788.44093697,
    "residual": -26101.759396530688,
    "rel": -0.0008643116884809327
   }
  },
  "now_tau7200": {
   "info": {
    "status": "ok",
    "iters": 151,
    "t_solve": 2.22,
    "th_rms": 3.357821469762712e-07,
    "thd_rms": null,
    "mom_rms": 1.5827317039886226e-05
   },
   "ratio20": 1.8996238919688175,
   "ratio50": 1.7444652583023006,
   "lee50": 1.1436360178299703,
   "th_min": -1.3198646306991577,
   "th_max": 0.6725261807441711,
   "s20_axis": [
    5.606669427710128,
    5.595968252257308,
    5.579471122727945,
    5.557567614968179,
    5.530507591694404,
    5.498482264816852,
    5.461643268691774,
    5.420114581325173,
    5.373996815691309,
    5.323375325953269,
    5.268329267466982,
    5.2089358881733085,
    5.145276250713487,
    5.077441908133657,
    5.005541102744283,
    4.92970019610458,
    4.850070345503753,
    4.766825595673255,
    4.680163833242739,
    4.590307739211514,
    4.497501452216353,
    4.402001984544457,
    4.306959784597368,
    4.2113715179214735,
    4.114094109057964,
    4.015401437379635,
    3.9155699500869,
    3.814885973375713,
    3.7136471581870834,
    3.612164922573087,
    3.510766051245034,
    3.4097965725093546,
    3.309617932140233,
    3.2105969330829773,
    3.1130847925112617,
    3.01737403400716,
    2.9236292450986587,
    2.8317905107964467,
    2.7414564390342857,
    2.6517541205297754,
    2.5611226963299556,
    2.4666420644217317,
    2.361798585923739,
    2.228155195948167,
    2.013455280295647,
    1.4771806344262017,
    2.6196483826764534,
    2.389951193158299,
    2.278327644371613,
    2.2044836796493805,
    2.1433111190480116,
    2.0767462341511447,
    1.978487508831934,
    1.8858297926699075,
    1.431090029633807,
    2.6566499595955073,
    2.2390464402745573,
    1.4651460145541118,
    3.033727196648248,
    1.6510430123847426,
    4.1887391104775995,
    2.6703637466121553,
    6.2661963558833085,
    6.098926641566234,
    6.217483233197796,
    6.570433015134657,
    2.142229529893446,
    2.87883363629581,
    1.0998328558808779,
    2.0685035547249977,
    1.073640800861512,
    1.5383410907918462,
    2.509514533183166,
    1.4856289926441155,
    1.857312824377233,
    2.2267707093278784,
    2.831228889517644,
    3.379815884400183,
    3.889116931315477,
    4.380071256382506,
    4.891041993616655,
    5.545892160975489,
    2.8456191504056534,
    3.644148947638848,
    4.180493064762936,
    4.616883930950929,
    4.984669359222243,
    5.299954821680155,
    5.572338895803415,
    5.808921639715436,
    6.015005318951653,
    6.194334188745282,
    6.349625444652852,
    6.48297093208478,
    6.596029044768396,
    6.690179965937116,
    6.766634531007605,
    6.826503440014574,
    6.8708377132512,
    6.900654626871287,
    6.9169475654768275,
    6.920689229261831,
    6.912835367219459,
    6.894321384921172,
    6.866060511501987,
    6.828939028355129,
    6.786122236842587,
    6.740451218428536,
    6.688025341748414,
    6.629709771343488,
    6.566351612638854,
    6.498794195888416,
    6.427855167265584,
    6.35440609926967,
    6.279268416082532,
    6.203138714590309,
    6.126603034333835,
    6.050091593106716,
    5.973938396286191,
    5.898382736896829,
    5.823560218671738,
    5.749544447592654,
    5.676501912409823,
    5.60495850648541,
    5.536491874584267,
    5.476494238102434,
    5.445232224851532,
    5.525908941886895
   ],
   "budget": {
    "q_in": 0.0,
    "bg": -0.010204106781763755,
    "cool": -6009263.679575307,
    "sponge": -969291.1535549178,
    "outflow": 6974643.306290808,
    "residual": 3911.516635310836,
    "rel": 0.0002803311895499686
   }
  },
  "now_tau21600": {
   "info": {
    "status": "ok",
    "iters": 171,
    "t_solve": 2.52,
    "th_rms": 3.5264156394987367e-07,
    "thd_rms": null,
    "mom_rms": 1.6643654879509863e-05
   },
   "ratio20": 1.9920804793350324,
   "ratio50": 1.819713571306293,
   "lee50": 1.2353988810331438,
   "th_min": -1.3648544549942017,
   "th_max": 0.6902446746826172,
   "s20_axis": [
    5.606416704088411,
    5.594954496704435,
    5.577191364808484,
    5.5535378650611795,
    5.524261503147203,
    5.489566842433371,
    5.449619345643853,
    5.404550620173154,
    5.354472246272107,
    5.299477207499866,
    5.239649904632549,
    5.1750747380863364,
    5.105843737938359,
    5.03205990141464,
    4.953843391641755,
    4.8713396441391765,
    4.784718889609623,
    4.694179014731982,
    4.5999484239352615,
    4.502281746400613,
    4.401460313900266,
    4.297779762674355,
    4.1943929255229575,
    4.090347044553032,
    3.98455666843393,
    3.8773364770157555,
    3.769006845631653,
    3.6598980508652623,
    3.5503499044167524,
    3.4407170153181528,
    3.331368092506136,
    3.222690676296925,
    3.1150843739681386,
    3.0089520016714557,
    2.9046777984677035,
    2.8025867510874183,
    2.7028793247194876,
    2.605540814335716,
    2.51023282672531,
    2.416177356392989,
    2.3219632370142396,
    2.224950625311954,
    2.1193018530511787,
    1.9887744414778563,
    1.7886635422442914,
    1.3156154507067255,
    2.3511141646273326,
    2.147077982616073,
    2.047994311863439,
    1.9833829693997618,
    1.9308316616846024,
    1.8738727115156404,
    1.7884549204421447,
    1.7141433308454332,
    1.313583387244646,
    2.4687546148976502,
    2.0948254898899092,
    1.3818785225976415,
    2.890809808207394,
    1.5822567260077065,
    4.053333849044385,
    2.596080207148396,
    6.132690329369442,
    5.994074545785779,
    6.133031968238903,
    6.503793213989919,
    2.132483822454753,
    2.879114073695935,
    1.105563326815561,
    2.086297599751443,
    1.0863842317227936,
    1.5640022201566113,
    2.549496624500923,
    1.5114120241981568,
    1.8945785022449693,
    2.2739386648811424,
    2.8892061914818044,
    3.4466954819054267,
    3.9633315094327175,
    4.460602904696152,
    4.977576905440131,
    5.639990850506785,
    2.8925147378831504,
    3.7035154270258395,
    4.24771654953288,
    4.690097496025234,
    5.062552265222106,
    5.381480263198863,
    5.656620102851758,
    5.895182114372738,
    6.102578197682293,
    6.282624915882131,
    6.438088486060011,
    6.571098107947269,
    6.6833444507851425,
    6.776235784129192,
    6.851007399768553,
    6.908793648096368,
    6.950671101812537,
    6.977681062295499,
    6.990842275085527,
    6.9911510637806735,
    6.97959093317197,
    6.957123710678905,
    6.924688843813765,
    6.883202262714071,
    6.835886402683486,
    6.785638789648307,
    6.728539032280626,
    6.6654928255953925,
    6.5973978140798,
    6.525144554791245,
    6.449674193998668,
    6.3719125630388,
    6.292710207371794,
    6.212779026924374,
    6.132653576914728,
    6.0527907833371914,
    5.973568043999004,
    5.895268525349446,
    5.818068853422628,
    5.742066489924682,
    5.667505618862845,
    5.595033242241243,
    5.526345263727978,
    5.467026954123128,
    5.437768632478261,
    5.522882479145123
   ],
   "budget": {
    "q_in": 0.0,
    "bg": -0.14328714792455344,
    "cool": -2288498.169924691,
    "sponge": -1090051.943437958,
    "outflow": 3365738.2080330686,
    "residual": 12811.762042432558,
    "rel": 0.0018996462131657948
   }
  },
  "split_tau1800": {
   "info": {
    "status": "ok",
    "iters": 161,
    "t_solve": 2.98,
    "th_rms": 4.4016888978148927e-07,
    "thd_rms": 0.0,
    "mom_rms": 1.5591587576259427e-05
   },
   "ratio20": 2.0509253174682316,
   "ratio50": 1.8670381754922385,
   "lee50": 1.2935836375675753,
   "th_min": -1.3916776180267334,
   "th_max": 0.6995413303375244,
   "s20_axis": [
    5.606275083491486,
    5.594385153277811,
    5.57591153418913,
    5.551275273300042,
    5.520754843534953,
    5.48456196085073,
    5.442868286854834,
    5.395812104631136,
    5.343508809230542,
    5.286054245304946,
    5.223537581868923,
    5.156047034227994,
    5.083679400792976,
    5.006542447337341,
    4.924763012649313,
    4.838494638633061,
    4.747919476904726,
    4.653249719599025,
    4.554727122154572,
    4.452623480431307,
    4.347240630224948,
    4.238894234636408,
    4.130739319473041,
    4.02184886890923,
    3.911168795228137,
    3.7990354635850165,
    3.685792809735663,
    3.571792219203444,
    3.4573965581169332,
    3.3429821572154244,
    3.2289400766631653,
    3.1156759625369,
    3.003608721658289,
    2.8931568612849636,
    2.7847190886631035,
    2.678633476893032,
    2.575115372787834,
    2.4741698135567214,
    2.3754886160951196,
    2.278341939587831,
    2.181398884818168,
    2.0821771167363186,
    1.9752356679770058,
    1.8456642867693447,
    1.6534343106523839,
    1.2184158706388366,
    2.190341498001323,
    2.001574242901608,
    1.9097644246933718,
    1.850377308721483,
    1.8026306040570754,
    1.75102633636993,
    1.6729170783269434,
    1.6096437118667724,
    1.2423191425264573,
    2.3553357731035423,
    2.0077987790598626,
    1.3318715729129584,
    2.8055749495320126,
    1.5413956280235985,
    3.973718637850221,
    2.5526397870823487,
    6.055286323453702,
    5.933648654216257,
    6.084714079910344,
    6.4660841029917595,
    2.1273046446271064,
    2.8801370499796413,
    1.1093285760094118,
    2.097576446653397,
    1.0943076605047117,
    1.579697737349432,
    2.5737860898225473,
    1.5269559582986465,
    1.9168836585739153,
    2.3019600457353118,
    2.923520030614553,
    3.486145409764665,
    4.0069693623652345,
    4.507805653006145,
    5.028134156380209,
    5.69477407660345,
    2.9196650965369804,
    3.7377160111542485,
    4.286294980749414,
    4.731972047297537,
    5.106957643559366,
    5.42782252765874,
    5.704387710418182,
    5.943931953380273,
    6.151929844879104,
    6.3322414719377615,
    6.487661895287376,
    6.620344836706557,
    6.732000194620962,
    6.824052487671855,
    6.897753843412404,
    6.954254601693153,
    6.994646079050567,
    7.0199841302440324,
    7.031299744792357,
    7.029606755907987,
    7.0159009258883716,
    6.991160150316037,
    6.956339681047581,
    6.912370597109612,
    6.862508302559825,
    6.809680369864078,
    6.749955938859142,
    6.684260737258411,
    6.613524359704283,
    6.538674074841789,
    6.460712531022766,
    6.3806298718056516,
    6.299243837330463,
    6.217220990634091,
    6.1351121086146225,
    6.053398435262932,
    5.972483126838541,
    5.89267462119817,
    5.814175775231764,
    5.737099322484634,
    5.661735682639473,
    5.588803385512796,
    5.5200755857844905,
    5.461253869620645,
    5.433276408541977,
    5.521077365309678
   ],
   "budget": {
    "q_in": 0.0,
    "bg": -0.03384673078442313,
    "cool": 0.0,
    "sponge": -1160034.8045928567,
    "outflow": 1142721.0504587125,
    "residual": 17313.720287413336,
    "rel": 0.007518695477398902
   },
   "thd_absmax": 0.0
  },
  "split_tau7200": {
   "info": {
    "status": "ok",
    "iters": 171,
    "t_solve": 3.17,
    "th_rms": 4.2478080786167993e-07,
    "thd_rms": 0.0,
    "mom_rms": 1.8197986387040998e-05
   },
   "ratio20": 2.0511185106688794,
   "ratio50": 1.8672817966675042,
   "lee50": 1.292524155575485,
   "th_min": -1.391578197479248,
   "th_max": 0.6986644864082336,
   "s20_axis": [
    5.60627317614704,
    5.5943765702212485,
    5.575893414384973,
    5.5512433251824715,
    5.520705252438299,
    5.484493296265058,
    5.442778164590225,
    5.395698617340144,
    5.343369572725239,
    5.285888782728556,
    5.223344939586608,
    5.15582768907764,
    5.083433352785335,
    5.006270173255579,
    4.924467373564637,
    4.8381789722747675,
    4.747586167524522,
    4.652902104995939,
    4.554368540330579,
    4.452260606991531,
    4.346878710322448,
    4.238540421147545,
    4.1304015065849695,
    4.02153408006224,
    3.910887007258831,
    3.798796183491061,
    3.685605610565372,
    3.571668543083544,
    3.4573478659663914,
    3.3430206713874884,
    3.229077602102574,
    3.1159252784723384,
    3.003982544574314,
    2.8936670444299764,
    2.7853780774542862,
    2.6794536618316562,
    2.576108235232187,
    2.4753466126679102,
    2.3768606256928315,
    2.2799187683564663,
    2.183189378962994,
    2.084188570691511,
    1.9774702932579689,
    1.8481025438739858,
    1.6559521993418396,
    1.220307575573186,
    2.1935567649206096,
    2.0046316062542355,
    1.9128118972032875,
    1.853447099652645,
    1.8057217247268003,
    1.7541180386710575,
    1.675953087280824,
    1.6124762124164955,
    1.2442629210381058,
    2.35843988562522,
    2.010231839265602,
    1.3332794816537947,
    2.8079692878037483,
    1.5425514553769246,
    3.9759625741938973,
    2.5538645348949975,
    6.057426537297713,
    5.935254038542832,
    6.08589786617554,
    6.466861092286614,
    2.1272585895427385,
    2.879692406820841,
    1.1089862677570603,
    2.096715115655416,
    1.0937502742379903,
    1.5786582556727025,
    2.5721821590856098,
    1.525944333980709,
    1.9154353555269963,
    2.300131739439566,
    2.9212852892097727,
    3.4835695672061515,
    4.004096021666114,
    4.504661298870573,
    5.024721029065695,
    5.691016670000757,
    2.9177514877836246,
    3.735247680939012,
    4.2834638385447406,
    4.728854663484896,
    5.103603880103407,
    5.424268673206638,
    5.700666329061942,
    5.940072750800014,
    6.147956077140078,
    6.3281764446921205,
    6.483527117475108,
    6.616160022411266,
    6.727783747330609,
    6.8198232718222505,
    6.8935308730296665,
    6.950054808103162,
    6.990484437343049,
    7.015875883066366,
    7.02726036083062,
    7.025651215536129,
    7.012042462160093,
    6.987411963584061,
    6.952715519941919,
    6.908883269577071,
    6.859167475055183,
    6.806496393078802,
    6.746939305037553,
    6.681421935871943,
    6.610873405182816,
    6.536213352104715,
    6.458445858946196,
    6.378557732291614,
    6.2973662328269,
    6.215541254574567,
    6.133635487578043,
    6.052128269532008,
    5.971421801653069,
    5.891824520700109,
    5.813536424720005,
    5.7366731015991705,
    5.661522112976013,
    5.588795791795082,
    5.520254412546781,
    5.461575240282563,
    5.433650196250161,
    5.521261832643025
   ],
   "budget": {
    "q_in": 0.0,
    "bg": -0.13452198140140315,
    "cool": 0.0,
    "sponge": -1161798.5077178418,
    "outflow": 1143723.943589561,
    "residual": 18074.42960629938,
    "rel": 0.007839623744044703
   },
   "thd_absmax": 0.0
  },
  "split_tau21600": {
   "info": {
    "status": "ok",
    "iters": 181,
    "t_solve": 3.35,
    "th_rms": 3.7107076877873624e-07,
    "thd_rms": 0.0,
    "mom_rms": 1.6828719328340503e-05
   },
   "ratio20": 2.055356624594318,
   "ratio50": 1.8708053588857825,
   "lee50": 1.2961220187323734,
   "th_min": -1.3916149139404297,
   "th_max": 0.6998751163482666,
   "s20_axis": [
    5.606267454097324,
    5.594353682047298,
    5.575841915992587,
    5.551151295652569,
    5.520561247690332,
    5.484284918504698,
    5.442494923400205,
    5.3953290686999935,
    5.3429013188447705,
    5.2853089489934595,
    5.222642081917392,
    5.154988932901706,
    5.082446300380005,
    5.005122426697046,
    4.923147488949936,
    4.836674074923232,
    4.745884336654765,
    4.650992850408804,
    4.552240894628311,
    4.4499040798493485,
    4.344285195226836,
    4.235701335213032,
    4.127307095117303,
    4.018178603152454,
    3.9072642558651443,
    3.794902255380938,
    3.6814388956031,
    3.5672276532208977,
    3.4526329956052417,
    3.3380331808654296,
    3.2238216208705275,
    3.1104052291102398,
    2.9982045030795845,
    2.8876394844825244,
    2.7791099609743815,
    2.6729551217815,
    2.569391079820263,
    2.4684233421823527,
    2.369745733332163,
    2.272629675026096,
    2.175746950963983,
    2.07662137060316,
    1.9698262501775932,
    1.8405020966112575,
    1.648781486163232,
    1.2151914019718937,
    2.18524552592409,
    1.9972529105484476,
    1.9059531257116802,
    1.8470032337714888,
    1.79966959736786,
    1.7484755137089358,
    1.6707898334217113,
    1.607922660000101,
    1.2412450684107856,
    2.353906638411083,
    2.006942765826731,
    1.3314698201284738,
    2.805135314328074,
    1.5412833892624473,
    3.973882690721051,
    2.5528967595270915,
    6.056428644316288,
    5.935128943871277,
    6.086532884838419,
    6.468276775349587,
    2.1281544059727207,
    2.8814304363879173,
    1.1098551736314968,
    2.098591425667334,
    1.0948032856461587,
    1.5803720787661661,
    2.574801630353982,
    1.5274800446958963,
    1.917440772615738,
    2.3025229576430775,
    2.92414038632506,
    3.4867851752646004,
    4.007608923593785,
    4.508429554878236,
    5.02873237159977,
    5.695345492241427,
    2.9198448637225543,
    3.7378015412259042,
    4.286269481568998,
    4.731814195005606,
    5.106653832930958,
    5.4273651601290815,
    5.703770350664749,
    5.943148814123634,
    6.150977193076522,
    6.331119525691904,
    6.486370110797513,
    6.618883334351316,
    6.730371409848906,
    6.822259210653485,
    6.895800156480004,
    6.952145357796775,
    6.99238628918526,
    7.0175801021194015,
    7.028759665844363,
    7.02693834472333,
    7.013114191954566,
    6.988266028603016,
    6.953349642036287,
    6.909297017206252,
    6.859364326240409,
    6.806482961015376,
    6.746720837178345,
    6.681005115048516,
    6.6102658629647735,
    6.53542891908863,
    6.457499793428135,
    6.377465770312372,
    6.29614459052405,
    6.214205670138693,
    6.132202180697824,
    6.050613929952203,
    5.96984455366719,
    5.890203446059295,
    5.811895850496808,
    5.735043559105687,
    5.659938430536007,
    5.587298532464077,
    5.518895117710859,
    5.460419297838682,
    5.432799727343137,
    5.5209299990708285
   ],
   "budget": {
    "q_in": 0.0,
    "bg": -0.04131400657692019,
    "cool": 0.0,
    "sponge": -1159848.2209492696,
    "outflow": 1142423.5978177905,
    "residual": 17424.581817472586,
    "rel": 0.00756842930654551
   },
   "thd_absmax": 0.0
  }
 },
 "now_delta_ratio20": -0.2841582874062669,
 "now_delta_ratio50": -0.2332563445687228,
 "split_delta_ratio20": -0.0044313071260861925,
 "split_delta_ratio50": -0.0037671833935439825
}
