лучшее {'ex0': 0.65, 'width': 0.2, 'desc': 0.02, 'chi2': 227.2226793249326, 'ndf': 10} номинал χ² 254.8
по группам {'наветренная сторона': (6, 183.0), 'вершина': (4, 41.0), 'подветренная сторона': (3, 30.7)}
профиль ex0 [(0.0, 233.9), (0.05, 233.9), (0.1, 233.9), (0.15, 233.9), (0.2, 233.9), (0.25, 233.8), (0.3, 228.6), (0.35, 227.5), (0.4, 227.5), (0.45, 228.5), (0.5, 227.4), (0.55, 227.7), (0.6, 228.4), (0.65, 227.2), (0.7, 230.1)]
только подветренная (3.172374252863226, (0.65, 0.2, 0.02))
  ASW85_10  данные 0.77 модель 1.72 ± 0.70 (игра 50 м 1.09) lee 0.00 σu 2.20 σw 1.16 u* 0.69
  ASW50_10  данные 0.86 модель 1.81 ± 1.03 (игра 50 м 1.47) lee 0.00 σu 2.25 σw 1.19 u* 0.55
  ASW35_10  данные 1.02 модель 1.56 ± 0.64 (игра 50 м 1.24) lee 0.00 σu 2.09 σw 1.11 u* 0.57
  ASW20_10  данные 0.97 модель 2.36 ± 1.95 (игра 50 м 2.60) lee 0.00 σu 2.57 σw 1.36 u* 0.38
  ASW10_10  данные 1.02 модель 3.31 ± 0.08 (игра 50 м 4.52) lee 0.00 σu 3.05 σw 1.61 u* 1.10
  HT_10     данные 0.90 модель 5.31 ± 2.54 (игра 50 м 2.06) lee 0.00 σu 3.86 σw 2.04 u* 1.28
  ANE10_10  данные 1.51 модель 6.02 ± 2.74 (игра 50 м 5.45) lee 1.00 σu 4.00 σw 2.54 u* 0.60
  ANE20_10  данные 3.29 модель 5.73 ± 0.17 (игра 50 м 5.44) lee 1.00 σu 3.88 σw 2.64 u* 0.22
  ANE40_10  данные 2.95 модель 5.19 ± 0.78 (игра 50 м 4.02) lee 1.00 σu 3.57 σw 2.77 u* 0.22
  AASW10_10 данные 1.09 модель 3.40 ± 2.64 (игра 50 м 1.51) lee 0.00 σu 3.08 σw 1.63 u* 1.01
  CP_10     данные 0.89 модель 2.80 ± 0.44 (игра 50 м 2.13) lee 0.00 σu 2.80 σw 1.48 u* 1.19
  CP_5      данные 0.94 модель 5.97 ± 3.48 (игра 50 м 2.24) lee 0.00 σu 4.00 σw 2.47 u* 1.19
  CP_16     данные 0.80 модель 2.65 ± 0.41 (игра 50 м 2.01) lee 0.00 σu 2.71 σw 1.48 u* 1.19
RS модель {'lee': 0.022454344759111, 'su': 1.67309498786926, 'sw': 0.885877728462219, 'tke': 3.19163651332594, 'u': 8.61116123199463, 'ustar': 0.676096975803375} данные ТКЭ 1.456
номинал χ² AM-09б 33.0 → Б2 254.8
по группам AM-09б {'наветренная сторона': 20.0, 'вершина': 10.3, 'подветренная сторона': 2.8}
по группам Б2 {'наветренная сторона': 183.0, 'вершина': 41.0, 'подветренная сторона': 30.7}
