Godot Engine v4.7.2.stable.official.ed1daf0bf - https://godotengine.org

Terrain: локация 'ongudai' загружена за 0.63 с, чанков 160
air_model: analytic (нет поля)
air_model: field (/home/greg/deltaplan-wf-am09b/tools/research/air_thermals/fields/kayancha_w100_h12, ветер поля 3.0 м/с с 150.0°; уровней 1)
kayancha_w100_h12: источников 109 (2308 мс), w0 2.95 [2.66…3.19] м/с, w0/w* 1.24 [1.24…1.24], столб 1232.28 [944.30…1568.03] м; ядра несут 43 % потока
  сеть window100, шум 0.00540 м/с: источников 109 / 109, других 22
  сеть window100, шум 0.00054 м/с: источников 109 / 109, других 2
air_model: analytic (нет поля)
air_model: field (/home/greg/deltaplan-wf-am09b/tools/research/air_thermals/fields/kayancha_w100_h15, ветер поля 3.0 м/с с 150.0°; уровней 1)
kayancha_w100_h15: источников 85 (2305 мс), w0 3.13 [2.87…3.37] м/с, w0/w* 1.24 [1.24…1.24], столб 1448.44 [1132.53…1746.55] м; ядра несут 41 % потока
  сеть window100, шум 0.00540 м/с: источников 85 / 85, других 3
  сеть window100, шум 0.00054 м/с: источников 85 / 85, других 0
air_model: analytic (нет поля)
air_model: field (/home/greg/deltaplan-wf-am09b/tools/research/air_thermals/fields/kayancha_w100_h09, ветер поля 3.0 м/с с 150.0°; уровней 1)
kayancha_w100_h09: источников 373 (2423 мс), w0 1.31 [1.12…1.48] м/с, w0/w* 1.24 [1.24…1.24], столб 416.37 [309.18…626.87] м; ядра несут 20 % потока
  сеть window100, шум 0.00540 м/с: источников 373 / 373, других 6
  сеть window100, шум 0.00054 м/с: источников 373 / 373, других 1
air_model: analytic (нет поля)
air_model: field (/home/greg/deltaplan-wf-am09b/tools/research/air_thermals/fields/ongudai_d400_h12, ветер поля 3.0 м/с с 150.0°; уровней 1)
ongudai_d400_h12: источников 2900 (2098 мс), w0 2.88 [2.47…3.21] м/с, w0/w* 1.24 [1.24…1.24], столб 1319.57 [845.29…1785.48] м; ядра несут 44 % потока
  сеть domain400, шум 0.00540 м/с: источников 2900 / 2905, других 44
  сеть domain400, шум 0.00054 м/с: источников 2900 / 2901, других 3
air_model: analytic (нет поля)
air_model: field (/home/greg/deltaplan-wf-am09b/tools/research/air_thermals/fields/ongudai_d400_h15, ветер поля 3.0 м/с с 150.0°; уровней 1)
ongudai_d400_h15: источников 2249 (1853 мс), w0 3.05 [2.69…3.36] м/с, w0/w* 1.24 [1.24…1.24], столб 1576.86 [1116.86…2006.47] м; ядра несут 47 % потока
  сеть domain400, шум 0.00540 м/с: источников 2249 / 2246, других 92
  сеть domain400, шум 0.00054 м/с: источников 2249 / 2249, других 4
air_model: analytic (нет поля)
air_model: field (/home/greg/deltaplan-wf-am09b/tools/research/air_thermals/fields/ongudai_d400_h09, ветер поля 3.0 м/с с 150.0°; уровней 1)
ongudai_d400_h09: источников 3931 (2360 мс), w0 1.37 [1.13…1.58] м/с, w0/w* 1.24 [1.24…1.24], столб 530.45 [338.10…780.20] м; ядра несут 11 % потока
  сеть domain400, шум 0.00540 м/с: источников 3931 / 3932, других 29
  сеть domain400, шум 0.00054 м/с: источников 3931 / 3932, других 1
air_model: analytic (нет поля)
air_model: field (/home/greg/deltaplan-wf-am09b/tools/research/air_thermals/fields/kayancha_w100_h12, ветер поля 3.0 м/с с 150.0°; уровней 1)
  поток ξ 0.25: ядра 0.075, ожидание 0.088 (0.86); пузыри+между 0.120, w_conv поля 0.135 м/с
  поток ξ 0.50: ядра 0.097, ожидание 0.122 (0.79); пузыри+между 0.110, w_conv поля 0.133 м/с
  поток ξ 0.75: ядра 0.106, ожидание 0.137 (0.77); пузыри+между 0.095, w_conv поля 0.120 м/с
air_model: analytic (нет поля)
air_model: field (/home/greg/deltaplan-wf-am09b/tools/research/air_thermals/fields/kayancha_w100_h12, ветер поля 3.0 м/с с 150.0°; уровней 1)
  поток по термикам (с тенью): 4403918 м³/с против ожидания 4589539 — 0.96
air_model: analytic (нет поля)
air_model: field (/home/greg/deltaplan-wf-am09b/tools/research/air_thermals/fields/kayancha_w100_h12, ветер поля 3.0 м/с с 150.0°; уровней 1)
  поток по термикам (без тени): 4403918 м³/с против ожидания 4589539 — 0.96
air_model: analytic (нет поля)
air_model: field (/home/greg/deltaplan-wf-am09b/tools/research/air_thermals/fields/ongudai_d400_h12, ветер поля 3.0 м/с с 150.0°; уровней 1)
  12.0 поле: { "count": 3918, "from_field": 3835, "strength": { "mean": 2.95121358485484, "p10": 2.69943165779114, "p50": 2.95487785339355, "p90": 3.20408177375793 }, "ceiling_agl": { "mean": 1288.24695191826, "p10": 951.532915957134, "p50": 1227.7854794337, "p90": 1711.54878509776 }, "radius_top": { "mean": 160.153791903558, "p10": 135.830459594727, "p50": 154.339859008789, "p90": 191.849899291992 }, "alive_mean": 270.320833333333, "neighbor_m": 393.117908337901 }
air_model: analytic (нет поля)
  12.0 аналитика: { "count": 1104, "from_field": 0, "strength": { "mean": 2.3573405451302, "p10": 1.13843954780668, "p50": 2.34570020286871, "p90": 3.36260507747843 }, "ceiling_agl": { "mean": 1424.78087603393, "p10": 1066.46284759776, "p50": 1433.38814056651, "p90": 1785.2571591212 }, "radius_top": { "mean": 127.083084473682, "p10": 103.978520653508, "p50": 127.353068552531, "p90": 149.170268494122 }, "alive_mean": 77.9375, "neighbor_m": 651.12083915633 }
air_model: field (/home/greg/deltaplan-wf-am09b/tools/research/air_thermals/fields/ongudai_d400_h15, ветер поля 3.0 м/с с 150.0°; уровней 1)
  15.0 поле: { "count": 2946, "from_field": 2862, "strength": { "mean": 3.13777152655047, "p10": 2.88562297821045, "p50": 3.14709615707397, "p90": 3.39960408210754 }, "ceiling_agl": { "mean": 1526.17707141909, "p10": 1214.73445807762, "p50": 1479.75862799949, "p90": 1918.93050299949 }, "radius_top": { "mean": 185.685929218627, "p10": 160.845352172852, "p50": 182.654205322266, "p90": 218.157043457031 }, "alive_mean": 204.045833333333, "neighbor_m": 470.888033364621 }
air_model: analytic (нет поля)
  15.0 аналитика: { "count": 1096, "from_field": 0, "strength": { "mean": 2.33883762279554, "p10": 1.09417444794271, "p50": 2.31061507537697, "p90": 3.31388914749696 }, "ceiling_agl": { "mean": 1623.77732491675, "p10": 1272.19734870262, "p50": 1628.94747077293, "p90": 1990.82253180808 }, "radius_top": { "mean": 126.922336506583, "p10": 103.936298662136, "p50": 127.298574891392, "p90": 148.686310770305 }, "alive_mean": 77.0875, "neighbor_m": 651.595888987315 }
air_model: field (/home/greg/deltaplan-wf-am09b/tools/research/air_thermals/fields/ongudai_d400_h09, ветер поля 3.0 м/с с 150.0°; уровней 1)
  9.0 поле: { "count": 4227, "from_field": 4154, "strength": { "mean": 1.35647346000456, "p10": 1.14814805984497, "p50": 1.3574423789978, "p90": 1.52422308921814 }, "ceiling_agl": { "mean": 547.282848306317, "p10": 361.90625, "p50": 522.500549316406, "p90": 776.588935819637 }, "radius_top": { "mean": 82.4544063380579, "p10": 27.5291118621826, "p50": 43.2384414672852, "p90": 146.942092895508 }, "alive_mean": 294.3, "neighbor_m": 319.808155158217 }
air_model: analytic (нет поля)
  9.0 аналитика: { "count": 1079, "from_field": 0, "strength": { "mean": 2.33983809657081, "p10": 1.08317608438456, "p50": 2.31256984314019, "p90": 3.36732761708847 }, "ceiling_agl": { "mean": 988.648249207521, "p10": 623.217842069637, "p50": 991.269721952449, "p90": 1343.11719509698 }, "radius_top": { "mean": 127.159332871001, "p10": 104.405596031733, "p50": 127.092290888944, "p90": 149.356841784138 }, "alive_mean": 75.9291666666667, "neighbor_m": 659.993549898415 }
air_model: field (/home/greg/deltaplan-wf-am09b/tools/research/air_thermals/fields/kayancha_w100_h12, ветер поля 3.0 м/с с 150.0°; уровней 1)
  12.0 поле: { "count": 758, "from_field": 740, "strength": { "mean": 2.9247655069939, "p10": 2.65177249908447, "p50": 2.93413019180298, "p90": 3.17645049095154 }, "ceiling_agl": { "mean": 1166.08539089247, "p10": 929.738360293072, "p50": 1149.77217376963, "p90": 1482.59968841807 }, "radius_top": { "mean": 152.908410080137, "p10": 133.198379516602, "p50": 152.909591674805, "p90": 177.638778686523 }, "alive_mean": 54.0375, "neighbor_m": 433.663017119408 }
air_model: analytic (нет поля)
  12.0 аналитика: { "count": 187, "from_field": 0, "strength": { "mean": 2.33635927522744, "p10": 1.06855086592351, "p50": 2.3564930480932, "p90": 3.37403705596919 }, "ceiling_agl": { "mean": 1252.95892568098, "p10": 962.422076113384, "p50": 1254.21089447276, "p90": 1504.74373138682 }, "radius_top": { "mean": 126.515546041734, "p10": 102.188171414049, "p50": 127.861861670094, "p90": 148.460805065187 }, "alive_mean": 13.1833333333333, "neighbor_m": 706.61924113094 }
