### Раунды прогонок до установившегося поля автомата (GPU RTX 4070 SUPER)

Ошибка — отн. L2 по воздушным клеткам, «все» = max(w, u, θ′). «К неподв.» — к точной неподвижной точке шага автомата (out/fixed, проверена автоматом: за 2 ч с неё поле уходит ≤ 4·10⁻⁴); «к 8 ч» — к эталону «8 ч шагов без остановки» (сам отстоит от неподвижной точки на 1,1–1,3 % по θ′, 0,1–0,3 % по u, w). Время — раунды × мс/раунд (замер под замком GPU, CUDA Graph). Шаги по времени — тот же автомат с покоя, до той же ошибки к неподвижной точке.

| Сценарий | Клетка | Вариант | раундов до 5 % / 1 % (к неподв.) | до 5 % / 1 % к 8 ч: w, u / θ′ | мс/раунд | с до 5 % / 1 % | Шаги: шагов до 5 % / 1 % | мс/шаг | с до 5 % / 1 % | Выигрыш (1 %) |
|---|---|---|---|---|---|---|---|---|---|---|
| 1. солнце на крутой склон | 200 м | неявные шаги Δτ=100 с | 191 / 301 | 131 / 201 ; 181 / 251 | 2.49 | 0.475 / 0.749 | 2208 / 3381 | 0.45 | 0.99 / 1.52 | ×2 |
| 1. солнце на крутой склон | 200 м | прогонки, давление многоуровн. | 76 / 136 | 76 / 136 ; 21 / нет¹ | 2.50 | 0.190 / 0.340 | 2208 / 3381 | 0.45 | 0.99 / 1.52 | ×4 |
| 1. солнце на крутой склон | 200 м | прогонки, давление 1 уровень (ПР) | 76 / 136 | 76 / 136 ; 21 / нет¹ | 1.07 | 0.081 / 0.146 | 2208 / 3381 | 0.45 | 0.99 / 1.52 | ×10 |
| 1. солнце на крутой склон | 100 м | неявные шаги Δτ=100 с | 191 / 301 | 141 / 206 ; 181 / 251 | 3.19 | 0.609 / 0.959 | 4384 / 6850 | 0.48 | 2.10 / 3.29 | ×3 |
| 1. солнце на крутой склон | 100 м | прогонки, давление многоуровн. | 71 / 111 | 71 / 116 ; 26 / нет¹ | 3.20 | 0.227 / 0.355 | 4384 / 6850 | 0.48 | 2.10 / 3.29 | ×9 |
| 1. солнце на крутой склон | 100 м | прогонки, давление 1 уровень (ПР) | 71 / 111 | 71 / 116 ; 26 / нет¹ | 1.43 | 0.101 / 0.158 | 4384 / 6850 | 0.48 | 2.10 / 3.29 | ×21 |
| 1. солнце на крутой склон | 50 м | неявные шаги Δτ=100 с | 196 / 311 | 146 / 216 ; 181 / 256 | 4.87 | 0.955 / 1.516 | 8768 / 13700 | 0.52 | 4.58 / 7.15 | ×5 |
| 1. солнце на крутой склон | 50 м | прогонки, давление многоуровн. | 81 / 121 | 81 / 121 ; 46 / 66 | 4.89 | 0.396 / 0.591 | 8768 / 13700 | 0.52 | 4.58 / 7.15 | ×12 |
| 1. солнце на крутой склон | 50 м | прогонки, давление 1 уровень (ПР) | 86 / 121 | 86 / 121 ; 46 / 71 | 2.59 | 0.223 / 0.314 | 8768 / 13700 | 0.52 | 4.58 / 7.15 | ×23 |
| 1. солнце на крутой склон | 25 м | неявные шаги Δτ=100 с | 226 / 356 | 181 / 261 ; 211 / 296 | 9.28 | 2.098 / 3.305 | 17568 / 27999 | 0.58 | 10.14 / 16.17 | ×5 |
| 1. солнце на крутой склон | 25 м | прогонки, давление многоуровн. | 116 / 176 | 116 / 171 ; 96 / 131 | 9.25 | 1.073 / 1.629 | 17568 / 27999 | 0.58 | 10.14 / 16.17 | ×10 |
| 1. солнце на крутой склон | 25 м | прогонки, давление 1 уровень (ПР) | 121 / 181 | 116 / 171 ; 96 / 136 | 6.46 | 0.782 / 1.170 | 17568 / 27999 | 0.58 | 10.14 / 16.17 | ×14 |
| 4. инверсия на 1,5 км | 200 м | неявные шаги Δτ=100 с | 201 / 311 | 126 / 196 ; 186 / 256 | 2.49 | 0.500 / 0.774 | 2277 / 3519 | 0.45 | 1.02 / 1.58 | ×2 |
| 4. инверсия на 1,5 км | 200 м | прогонки, давление многоуровн. | 126 / 176 | 126 / 176 ; 31 / нет¹ | 2.50 | 0.315 / 0.440 | 2277 / 3519 | 0.45 | 1.02 / 1.58 | ×4 |
| 4. инверсия на 1,5 км | 200 м | прогонки, давление 1 уровень (ПР) | 126 / 176 | 126 / 176 ; 36 / нет¹ | 1.07 | 0.135 / 0.189 | 2277 / 3519 | 0.45 | 1.02 / 1.58 | ×8 |
| 4. инверсия на 1,5 км | 100 м | неявные шаги Δτ=100 с | 201 / 311 | 106 / 186 ; 186 / 256 | 3.19 | 0.641 / 0.991 | 4521 / 6987 | 0.48 | 2.17 / 3.35 | ×3 |
| 4. инверсия на 1,5 км | 100 м | прогонки, давление многоуровн. | 56 / 96 | 56 / 96 ; 31 / нет¹ | 3.20 | 0.179 / 0.307 | 4521 / 6987 | 0.48 | 2.17 / 3.35 | ×11 |
| 4. инверсия на 1,5 км | 100 м | прогонки, давление 1 уровень (ПР) | 61 / 101 | 61 / 101 ; 31 / нет¹ | 1.43 | 0.087 / 0.144 | 4521 / 6987 | 0.48 | 2.17 / 3.35 | ×23 |
| 4. инверсия на 1,5 км | 50 м | неявные шаги Δτ=100 с | 201 / 316 | 116 / 191 ; 186 / 261 | 4.87 | 0.980 / 1.540 | 9042 / 13974 | 0.52 | 4.72 / 7.29 | ×5 |
| 4. инверсия на 1,5 км | 50 м | прогонки, давление многоуровн. | 71 / 146 | 66 / 141 ; 51 / 71 | 4.89 | 0.347 / 0.713 | 9042 / 13974 | 0.52 | 4.72 / 7.29 | ×10 |
| 4. инверсия на 1,5 км | 50 м | прогонки, давление 1 уровень (ПР) | 71 / 141 | 66 / 136 ; 51 / 76 | 2.59 | 0.184 / 0.365 | 9042 / 13974 | 0.52 | 4.72 / 7.29 | ×20 |
| 4. инверсия на 1,5 км | 25 м | неявные шаги Δτ=100 с | 236 / 366 | 146 / 226 ; 216 / 301 | 9.28 | 2.191 / 3.398 | 18117 / 27999 | 0.58 | 10.46 / 16.17 | ×5 |
| 4. инверсия на 1,5 км | 25 м | прогонки, давление многоуровн. | 106 / 186 | 96 / 181 ; 101 / 136 | 9.25 | 0.981 / 1.721 | 18117 / 27999 | 0.58 | 10.46 / 16.17 | ×9 |
| 4. инверсия на 1,5 км | 25 м | прогонки, давление 1 уровень (ПР) | 111 / 186 | 101 / 181 ; 101 / 141 | 6.46 | 0.718 / 1.202 | 18117 / 27999 | 0.58 | 10.46 / 16.17 | ×13 |

¹ θ′ к эталону «8 ч» < 1 % прогонки не дают и не должны: они сходятся к неподвижной точке, а эталон сам в 1,1–1,3 % от неё (шагам по времени нужно ~9–10 ч модели, чтобы войти в 1 %). Вариант «неявные шаги» проходит мимо эталона «8 ч» по пути (он и есть неявный счёт по времени с шагом 100 с), поэтому для него «до 1 % к 8 ч» — момент пролёта.

### Неподвижная точка: проверка автоматом и отличие эталонов

| Сценарий | Клетка | Раундов (Δ < 2·10⁻⁶ м/с) | Невязка тепла / нагрев макс. | Дрейф автомата за 2 ч с неё: w, u, θ′ | Эталон 8 ч от неё: w, u, θ′ | 10 ч от неё | старый эталон out/refs от неё |
|---|---|---|---|---|---|---|---|
| 1. солнце на крутой склон | 200 м | 501 | 3.6e-05 | 4.9e-05, 5.0e-05, 3.5e-04 | 0.22%, 0.22%, 1.12% | 0.06%, 0.06%, 0.36% | 5.9%, 5.2%, 13.8% |
| 1. солнце на крутой склон | 100 м | 501 | 1.9e-05 | 8.2e-05, 7.0e-05, 3.3e-04 | 0.22%, 0.22%, 1.13% | 0.05%, 0.05%, 0.37% | 5.5%, 4.5%, 11.6% |
| 1. солнце на крутой склон | 50 м | 651 | 6.5e-06 | 4.5e-05, 4.4e-05, 1.3e-05 | 0.24%, 0.25%, 1.17% | 0.06%, 0.06%, 0.41% | 5.4%, 4.5%, 10.7% |
| 1. солнце на крутой склон | 25 м | 1401 | 4.0e-06 | 1.5e-05, 1.4e-05, 5.3e-07 | 0.26%, 0.27%, 1.19% | 0.06%, 0.07%, 0.43% | 4.8%, 4.2%, 9.8% |
| 4. инверсия на 1,5 км | 200 м | 1001 | 1.1e-05 | 4.1e-06, 2.5e-06, 3.8e-07 | 0.17%, 0.24%, 1.31% | 0.05%, 0.07%, 0.46% | 4.0%, 4.4%, 14.3% |
| 4. инверсия на 1,5 км | 100 м | 751 | 1.2e-05 | 3.4e-06, 2.5e-06, 4.3e-07 | 0.13%, 0.17%, 1.27% | 0.04%, 0.05%, 0.46% | 3.4%, 3.9%, 14.9% |
| 4. инверсия на 1,5 км | 50 м | 4001 | 1.5e-05 | 1.9e-06, 1.4e-06, 3.7e-07 | 0.15%, 0.17%, 1.27% | 0.05%, 0.04%, 0.47% | 3.1%, 3.6%, 13.5% |
| 4. инверсия на 1,5 км | 25 м | 2101 | 5.8e-06 | 2.5e-06, 2.0e-06, 3.6e-07 | 0.17%, 0.17%, 1.28% | 0.05%, 0.04%, 0.49% | 7.9%, 8.3%, 23.0% |

### Оценка для 3D (квадрат 40×40 км × 32 уровня, тот же GPU)

нс на клетку·раунд: по замеру 2D (1024×512, верхняя граница) — прогонки, давление многоуровн. 65, прогонки, давление 1 уровень (ПР) 47; по пропускной способности (≈ 43 точек-прогонок на клетку за раунд × 0.19 нс + поэлементное ≈ 3 шага автомата) — прогонки, давление многоуровн. 16, прогонки, давление 1 уровень (ПР) 17. Шаг автомата — 2.7 нс на клетку·шаг. Всё × 1,5 за 3D. Раундов — как в 2D (макс. s1/s4), шагов автомата — до той же ошибки 1 % к неподвижной точке.

| Клетка | Ячеек 3D | Вариант | раундов (1 %) | мс/раунд (пропускн. … замер) | до 1 %, с | Шаги: шагов (1 %) | мс/шаг | до 1 %, с |
|---|---|---|---|---|---|---|---|---|
| 200 м | 1.28 млн | прогонки, давление многоуровн. | 176 | 31 … 126 | 6 … 22 | 3519 | 5 | 18 |
| 200 м | 1.28 млн | прогонки, давление 1 уровень (ПР) | 176 | 33 … 91 | 6 … 16 | 3519 | 5 | 18 |
| 100 м | 5.12 млн | прогонки, давление многоуровн. | 111 | 126 … 503 | 14 … 56 | 6987 | 21 | 145 |
| 100 м | 5.12 млн | прогонки, давление 1 уровень (ПР) | 111 | 133 … 364 | 15 … 40 | 6987 | 21 | 145 |
| 50 м | 20.48 млн | прогонки, давление многоуровн. | 146 | 502 … 2011 | 73 … 294 | 13974 | 83 | 1161 |
| 50 м | 20.48 млн | прогонки, давление 1 уровень (ПР) | 141 | 534 … 1456 | 75 … 205 | 13974 | 83 | 1161 |
| 25 м | 81.92 млн | прогонки, давление многоуровн. | 186 | 2009 … 8043 | 374 … 1496 | 27999 | 332 | 9304 |
| 25 м | 81.92 млн | прогонки, давление 1 уровень (ПР) | 186 | 2135 … 5825 | 397 … 1083 | 27999 | 332 | 9304 |

### Сравнение с другими подходами (клетка 25/50/100/200 м, штиль; числа опытов 2 и 4 — из их out/tables.md)

- опыт 2 (Пикар + линейные решения): есть — `exp2_picard/out/tables.md`;
- опыт 4 (два прохода матриц перехода): есть — `exp4_transfer_sweeps/out/tables.md`.

