implicit_steps s1 200 м: vs 8 ч — 5 %: 181, 1 %: 251; vs неподвижной — 5 %: 191, 1 %: 301
implicit_steps s1 100 м: vs 8 ч — 5 %: 181, 1 %: 251; vs неподвижной — 5 %: 191, 1 %: 301
implicit_steps s1 50 м: vs 8 ч — 5 %: 181, 1 %: 256; vs неподвижной — 5 %: 196, 1 %: 311
implicit_steps s1 25 м: vs 8 ч — 5 %: 211, 1 %: 296; vs неподвижной — 5 %: 226, 1 %: 356
implicit_steps s4 200 м: vs 8 ч — 5 %: 186, 1 %: 256; vs неподвижной — 5 %: 201, 1 %: 311
implicit_steps s4 100 м: vs 8 ч — 5 %: 186, 1 %: 256; vs неподвижной — 5 %: 201, 1 %: 311
implicit_steps s4 50 м: vs 8 ч — 5 %: 186, 1 %: 261; vs неподвижной — 5 %: 201, 1 %: 316
implicit_steps s4 25 м: vs 8 ч — 5 %: 216, 1 %: 301; vs неподвижной — 5 %: 236, 1 %: 366
lines_mg s1 200 м: vs 8 ч — 5 %: 76, 1 %: —; vs неподвижной — 5 %: 76, 1 %: 136
lines_mg s1 100 м: vs 8 ч — 5 %: 71, 1 %: —; vs неподвижной — 5 %: 71, 1 %: 111
lines_mg s1 50 м: vs 8 ч — 5 %: 81, 1 %: —; vs неподвижной — 5 %: 81, 1 %: 121
lines_mg s1 25 м: vs 8 ч — 5 %: 116, 1 %: 171; vs неподвижной — 5 %: 116, 1 %: 176
lines_mg s4 200 м: vs 8 ч — 5 %: 126, 1 %: —; vs неподвижной — 5 %: 126, 1 %: 176
lines_mg s4 100 м: vs 8 ч — 5 %: 56, 1 %: —; vs неподвижной — 5 %: 56, 1 %: 96
lines_mg s4 50 м: vs 8 ч — 5 %: 66, 1 %: —; vs неподвижной — 5 %: 71, 1 %: 146
lines_mg s4 25 м: vs 8 ч — 5 %: 101, 1 %: 181; vs неподвижной — 5 %: 106, 1 %: 186
lines_adi s1 200 м: vs 8 ч — 5 %: 76, 1 %: —; vs неподвижной — 5 %: 76, 1 %: 136
lines_adi s1 100 м: vs 8 ч — 5 %: 71, 1 %: —; vs неподвижной — 5 %: 71, 1 %: 111
lines_adi s1 50 м: vs 8 ч — 5 %: 86, 1 %: —; vs неподвижной — 5 %: 86, 1 %: 121
lines_adi s1 25 м: vs 8 ч — 5 %: 116, 1 %: 171; vs неподвижной — 5 %: 121, 1 %: 181
lines_adi s4 200 м: vs 8 ч — 5 %: 126, 1 %: —; vs неподвижной — 5 %: 126, 1 %: 176
lines_adi s4 100 м: vs 8 ч — 5 %: 61, 1 %: —; vs неподвижной — 5 %: 61, 1 %: 101
lines_adi s4 50 м: vs 8 ч — 5 %: 66, 1 %: —; vs неподвижной — 5 %: 71, 1 %: 141
lines_adi s4 25 м: vs 8 ч — 5 %: 101, 1 %: 181; vs неподвижной — 5 %: 111, 1 %: 186
