s1 100 {'dtau': 100.0, 'dtau_h': 100.0, 'heat_iters': 3, 'mom_iters': 3, 'p_mode': 'lmg', 'p_iters': 2} → до 5 %: 191, до 1 %: 301 (итог 0.00191)
s1 100 {'dtau': 100.0, 'dtau_h': 100.0, 'heat_iters': 3, 'mom_iters': 3, 'p_mode': 'adi', 'p_iters': 8} → до 5 %: 196, до 1 %: 301 (итог 0.00194)
s1 100 {'dtau': 100.0, 'dtau_h': 100.0, 'heat_iters': 3, 'mom_iters': 3, 'p_mode': 'mg', 'p_iters': 2} → до 5 %: 191, до 1 %: 301 (итог 0.00193)
s1 100 {'dtau': 150.0, 'dtau_h': 150.0, 'heat_iters': 3, 'mom_iters': 3, 'p_mode': 'lmg', 'p_iters': 2} → до 5 %: 131, до 1 %: 206 (итог 0.00196)
s1 100 {'dtau': 150.0, 'dtau_h': 150.0, 'heat_iters': 3, 'mom_iters': 3, 'p_mode': 'adi', 'p_iters': 8} → до 5 %: 131, до 1 %: 206 (итог 0.00178)
s1 100 {'dtau': 150.0, 'dtau_h': 150.0, 'heat_iters': 3, 'mom_iters': 3, 'p_mode': 'mg', 'p_iters': 2} → до 5 %: 131, до 1 %: 206 (итог 0.00199)
s1 100 {'dtau': 200.0, 'dtau_h': 200.0, 'heat_iters': 3, 'mom_iters': 3, 'p_mode': 'lmg', 'p_iters': 2} → до 5 %: 101, до 1 %: 161 (итог 0.00178)
s1 100 {'dtau': 200.0, 'dtau_h': 200.0, 'heat_iters': 3, 'mom_iters': 3, 'p_mode': 'adi', 'p_iters': 8} → до 5 %: 101, до 1 %: 161 (итог 0.00192)
s1 100 {'dtau': 200.0, 'dtau_h': 200.0, 'heat_iters': 3, 'mom_iters': 3, 'p_mode': 'mg', 'p_iters': 2} → до 5 %: 101, до 1 %: 161 (итог 0.00184)
s1 100 {'dtau': 300.0, 'dtau_h': 300.0, 'heat_iters': 3, 'mom_iters': 3, 'p_mode': 'lmg', 'p_iters': 2} → до 5 %: 76, до 1 %: 116 (итог 0.00169)
s1 100 {'dtau': 300.0, 'dtau_h': 300.0, 'heat_iters': 3, 'mom_iters': 3, 'p_mode': 'adi', 'p_iters': 8} → до 5 %: 81, до 1 %: 121 (итог 0.00177)
s1 100 {'dtau': 300.0, 'dtau_h': 300.0, 'heat_iters': 3, 'mom_iters': 3, 'p_mode': 'mg', 'p_iters': 2} → до 5 %: 76, до 1 %: 116 (итог 0.0018)
s1 100 {'dtau': 400.0, 'dtau_h': 400.0, 'heat_iters': 3, 'mom_iters': 3, 'p_mode': 'lmg', 'p_iters': 2} → до 5 %: 61, до 1 %: 91 (итог 0.00178)
s1 100 {'dtau': 400.0, 'dtau_h': 400.0, 'heat_iters': 3, 'mom_iters': 3, 'p_mode': 'adi', 'p_iters': 8} → до 5 %: 76, до 1 %: 111 (итог 0.00159)
s1 100 {'dtau': 400.0, 'dtau_h': 400.0, 'heat_iters': 3, 'mom_iters': 3, 'p_mode': 'mg', 'p_iters': 2} → до 5 %: 61, до 1 %: 91 (итог 0.00197)
s1 100 {'dtau': 150.0, 'dtau_h': 150.0, 'heat_iters': 3, 'mom_iters': 3, 'p_mode': 'lmg', 'p_iters': 2, 'schur': True} → до 5 %: 131, до 1 %: 206 (итог 0.00197)
s1 100 {'dtau': 150.0, 'dtau_h': 150.0, 'heat_iters': 3, 'mom_iters': 3, 'p_mode': 'lmg', 'p_iters': 2, 'schur': True, 'cfl_loc': 1.0} → до 5 %: 216, до 1 %: 331 (итог 0.00192)
s1 100 {'dtau': 300.0, 'dtau_h': 300.0, 'heat_iters': 3, 'mom_iters': 3, 'p_mode': 'lmg', 'p_iters': 2, 'schur': True} → до 5 %: 76, до 1 %: 116 (итог 0.00175)
s1 100 {'dtau': 300.0, 'dtau_h': 300.0, 'heat_iters': 3, 'mom_iters': 3, 'p_mode': 'lmg', 'p_iters': 2, 'schur': True, 'cfl_loc': 1.0} → до 5 %: 166, до 1 %: 246 (итог 0.00184)
s1 100 {'dtau': 600.0, 'dtau_h': 600.0, 'heat_iters': 3, 'mom_iters': 3, 'p_mode': 'lmg', 'p_iters': 2, 'schur': True} → до 5 %: 51, до 1 %: 76 (итог 0.00174)
s1 100 {'dtau': 600.0, 'dtau_h': 600.0, 'heat_iters': 3, 'mom_iters': 3, 'p_mode': 'lmg', 'p_iters': 2, 'schur': True, 'cfl_loc': 1.0} → до 5 %: 136, до 1 %: 201 (итог 0.00182)
s1 100 {'dtau': 150.0, 'dtau_h': 150.0, 'heat_iters': 1, 'mom_iters': 1, 'p_mode': 'lmg', 'p_iters': 2} → до 5 %: 176, до 1 %: 276 (итог 0.00183)
s1 100 {'dtau': 150.0, 'dtau_h': 150.0, 'heat_iters': 2, 'mom_iters': 2, 'p_mode': 'lmg', 'p_iters': 2} → до 5 %: 141, до 1 %: 216 (итог 0.00198)
s1 100 {'dtau': 150.0, 'dtau_h': 150.0, 'heat_iters': 3, 'mom_iters': 3, 'p_mode': 'lmg', 'p_iters': 1} → до 5 %: —, до 1 %: — (итог 0.625)
s4 100 {'dtau': 100.0, 'dtau_h': 100.0, 'heat_iters': 3, 'mom_iters': 3, 'p_mode': 'lmg', 'p_iters': 2} → до 5 %: 201, до 1 %: 311 (итог 0.00192)
s4 100 {'dtau': 100.0, 'dtau_h': 100.0, 'heat_iters': 3, 'mom_iters': 3, 'p_mode': 'adi', 'p_iters': 8} → до 5 %: 201, до 1 %: 311 (итог 0.00197)
s4 100 {'dtau': 100.0, 'dtau_h': 100.0, 'heat_iters': 3, 'mom_iters': 3, 'p_mode': 'mg', 'p_iters': 2} → до 5 %: 201, до 1 %: 311 (итог 0.00194)
s4 100 {'dtau': 150.0, 'dtau_h': 150.0, 'heat_iters': 3, 'mom_iters': 3, 'p_mode': 'lmg', 'p_iters': 2} → до 5 %: —, до 1 %: — (итог 0.565)
s4 100 {'dtau': 150.0, 'dtau_h': 150.0, 'heat_iters': 3, 'mom_iters': 3, 'p_mode': 'adi', 'p_iters': 8} → до 5 %: —, до 1 %: — (итог 0.672)
s4 100 {'dtau': 150.0, 'dtau_h': 150.0, 'heat_iters': 3, 'mom_iters': 3, 'p_mode': 'mg', 'p_iters': 2} → до 5 %: —, до 1 %: — (итог 0.49)
s4 100 {'dtau': 200.0, 'dtau_h': 200.0, 'heat_iters': 3, 'mom_iters': 3, 'p_mode': 'lmg', 'p_iters': 2} → до 5 %: —, до 1 %: — (итог 3.52)
s4 100 {'dtau': 200.0, 'dtau_h': 200.0, 'heat_iters': 3, 'mom_iters': 3, 'p_mode': 'adi', 'p_iters': 8} → до 5 %: —, до 1 %: — (итог 2.13)
s4 100 {'dtau': 200.0, 'dtau_h': 200.0, 'heat_iters': 3, 'mom_iters': 3, 'p_mode': 'mg', 'p_iters': 2} → до 5 %: —, до 1 %: — (итог 1.59)
s4 100 {'dtau': 300.0, 'dtau_h': 300.0, 'heat_iters': 3, 'mom_iters': 3, 'p_mode': 'lmg', 'p_iters': 2} → до 5 %: —, до 1 %: — (итог 6.99)
s4 100 {'dtau': 300.0, 'dtau_h': 300.0, 'heat_iters': 3, 'mom_iters': 3, 'p_mode': 'adi', 'p_iters': 8} → до 5 %: —, до 1 %: — (итог 2.43)
s4 100 {'dtau': 300.0, 'dtau_h': 300.0, 'heat_iters': 3, 'mom_iters': 3, 'p_mode': 'mg', 'p_iters': 2} → до 5 %: —, до 1 %: — (итог 2.95)
s4 100 {'dtau': 400.0, 'dtau_h': 400.0, 'heat_iters': 3, 'mom_iters': 3, 'p_mode': 'lmg', 'p_iters': 2} → до 5 %: —, до 1 %: — (итог 4.09)
s4 100 {'dtau': 400.0, 'dtau_h': 400.0, 'heat_iters': 3, 'mom_iters': 3, 'p_mode': 'adi', 'p_iters': 8} → до 5 %: —, до 1 %: — (итог 5.22)
s4 100 {'dtau': 400.0, 'dtau_h': 400.0, 'heat_iters': 3, 'mom_iters': 3, 'p_mode': 'mg', 'p_iters': 2} → до 5 %: —, до 1 %: — (итог 3.67)
s4 100 {'dtau': 150.0, 'dtau_h': 150.0, 'heat_iters': 3, 'mom_iters': 3, 'p_mode': 'lmg', 'p_iters': 2, 'schur': True} → до 5 %: 231, до 1 %: 351 (итог 0.00191)
s4 100 {'dtau': 150.0, 'dtau_h': 150.0, 'heat_iters': 3, 'mom_iters': 3, 'p_mode': 'lmg', 'p_iters': 2, 'schur': True, 'cfl_loc': 1.0} → до 5 %: 256, до 1 %: 401 (итог 0.00196)
s4 100 {'dtau': 300.0, 'dtau_h': 300.0, 'heat_iters': 3, 'mom_iters': 3, 'p_mode': 'lmg', 'p_iters': 2, 'schur': True} → до 5 %: —, до 1 %: — (итог 0.799)
s4 100 {'dtau': 300.0, 'dtau_h': 300.0, 'heat_iters': 3, 'mom_iters': 3, 'p_mode': 'lmg', 'p_iters': 2, 'schur': True, 'cfl_loc': 1.0} → до 5 %: 251, до 1 %: 386 (итог 0.00193)
s4 100 {'dtau': 600.0, 'dtau_h': 600.0, 'heat_iters': 3, 'mom_iters': 3, 'p_mode': 'lmg', 'p_iters': 2, 'schur': True} → до 5 %: —, до 1 %: — (итог 3.42)
s4 100 {'dtau': 600.0, 'dtau_h': 600.0, 'heat_iters': 3, 'mom_iters': 3, 'p_mode': 'lmg', 'p_iters': 2, 'schur': True, 'cfl_loc': 1.0} → до 5 %: —, до 1 %: — (итог 0.16)
s4 100 {'dtau': 150.0, 'dtau_h': 150.0, 'heat_iters': 1, 'mom_iters': 1, 'p_mode': 'lmg', 'p_iters': 2} → до 5 %: —, до 1 %: — (итог 0.091)
s4 100 {'dtau': 150.0, 'dtau_h': 150.0, 'heat_iters': 2, 'mom_iters': 2, 'p_mode': 'lmg', 'p_iters': 2} → до 5 %: —, до 1 %: — (итог 0.38)
s4 100 {'dtau': 150.0, 'dtau_h': 150.0, 'heat_iters': 3, 'mom_iters': 3, 'p_mode': 'lmg', 'p_iters': 1} → до 5 %: —, до 1 %: — (итог 5.06)
s1 25 {'dtau': 100.0, 'dtau_h': 100.0, 'heat_iters': 3, 'mom_iters': 3, 'p_mode': 'lmg', 'p_iters': 2} → до 5 %: 441, до 1 %: 696 (итог 0.00508)
s1 25 {'dtau': 100.0, 'dtau_h': 100.0, 'heat_iters': 3, 'mom_iters': 3, 'p_mode': 'adi', 'p_iters': 8} → до 5 %: 446, до 1 %: 706 (итог 0.00537)
s1 25 {'dtau': 100.0, 'dtau_h': 100.0, 'heat_iters': 3, 'mom_iters': 3, 'p_mode': 'mg', 'p_iters': 2} → до 5 %: 441, до 1 %: 696 (итог 0.00509)
s1 25 {'dtau': 150.0, 'dtau_h': 150.0, 'heat_iters': 3, 'mom_iters': 3, 'p_mode': 'lmg', 'p_iters': 2} → до 5 %: 401, до 1 %: 631 (итог 0.00297)
s1 25 {'dtau': 150.0, 'dtau_h': 150.0, 'heat_iters': 3, 'mom_iters': 3, 'p_mode': 'adi', 'p_iters': 8} → до 5 %: 416, до 1 %: 651 (итог 0.00342)
s1 25 {'dtau': 150.0, 'dtau_h': 150.0, 'heat_iters': 3, 'mom_iters': 3, 'p_mode': 'mg', 'p_iters': 2} → до 5 %: 401, до 1 %: 631 (итог 0.00298)
s1 25 {'dtau': 200.0, 'dtau_h': 200.0, 'heat_iters': 3, 'mom_iters': 3, 'p_mode': 'lmg', 'p_iters': 2} → до 5 %: 381, до 1 %: 596 (итог 0.00218)
s1 25 {'dtau': 200.0, 'dtau_h': 200.0, 'heat_iters': 3, 'mom_iters': 3, 'p_mode': 'adi', 'p_iters': 8} → до 5 %: 406, до 1 %: 631 (итог 0.00281)
s1 25 {'dtau': 200.0, 'dtau_h': 200.0, 'heat_iters': 3, 'mom_iters': 3, 'p_mode': 'mg', 'p_iters': 2} → до 5 %: 381, до 1 %: 601 (итог 0.00219)
s1 25 {'dtau': 300.0, 'dtau_h': 300.0, 'heat_iters': 3, 'mom_iters': 3, 'p_mode': 'lmg', 'p_iters': 2} → до 5 %: 361, до 1 %: 566 (итог 0.00197)
s1 25 {'dtau': 300.0, 'dtau_h': 300.0, 'heat_iters': 3, 'mom_iters': 3, 'p_mode': 'adi', 'p_iters': 8} → до 5 %: 416, до 1 %: 631 (итог 0.00261)
s1 25 {'dtau': 300.0, 'dtau_h': 300.0, 'heat_iters': 3, 'mom_iters': 3, 'p_mode': 'mg', 'p_iters': 2} → до 5 %: 361, до 1 %: 566 (итог 0.002)
s1 25 {'dtau': 400.0, 'dtau_h': 400.0, 'heat_iters': 3, 'mom_iters': 3, 'p_mode': 'lmg', 'p_iters': 2} → до 5 %: 351, до 1 %: 551 (итог 0.00195)
s1 25 {'dtau': 400.0, 'dtau_h': 400.0, 'heat_iters': 3, 'mom_iters': 3, 'p_mode': 'adi', 'p_iters': 8} → до 5 %: 441, до 1 %: 646 (итог 0.0029)
s1 25 {'dtau': 400.0, 'dtau_h': 400.0, 'heat_iters': 3, 'mom_iters': 3, 'p_mode': 'mg', 'p_iters': 2} → до 5 %: 351, до 1 %: 551 (итог 0.00198)
s1 25 {'dtau': 150.0, 'dtau_h': 150.0, 'heat_iters': 3, 'mom_iters': 3, 'p_mode': 'lmg', 'p_iters': 2, 'schur': True} → до 5 %: 401, до 1 %: 631 (итог 0.00297)
s1 25 {'dtau': 150.0, 'dtau_h': 150.0, 'heat_iters': 3, 'mom_iters': 3, 'p_mode': 'lmg', 'p_iters': 2, 'schur': True, 'cfl_loc': 1.0} → до 5 %: 731, до 1 %: — (итог 0.0361)
s1 25 {'dtau': 300.0, 'dtau_h': 300.0, 'heat_iters': 3, 'mom_iters': 3, 'p_mode': 'lmg', 'p_iters': 2, 'schur': True} → до 5 %: 361, до 1 %: 566 (итог 0.00197)
s1 25 {'dtau': 300.0, 'dtau_h': 300.0, 'heat_iters': 3, 'mom_iters': 3, 'p_mode': 'lmg', 'p_iters': 2, 'schur': True, 'cfl_loc': 1.0} → до 5 %: 691, до 1 %: — (итог 0.0283)
s1 25 {'dtau': 600.0, 'dtau_h': 600.0, 'heat_iters': 3, 'mom_iters': 3, 'p_mode': 'lmg', 'p_iters': 2, 'schur': True} → до 5 %: 341, до 1 %: 536 (итог 0.00193)
s1 25 {'dtau': 600.0, 'dtau_h': 600.0, 'heat_iters': 3, 'mom_iters': 3, 'p_mode': 'lmg', 'p_iters': 2, 'schur': True, 'cfl_loc': 1.0} → до 5 %: 666, до 1 %: — (итог 0.0247)
s1 25 {'dtau': 150.0, 'dtau_h': 150.0, 'heat_iters': 1, 'mom_iters': 1, 'p_mode': 'lmg', 'p_iters': 2} → до 5 %: —, до 1 %: — (итог 0.098)
s1 25 {'dtau': 150.0, 'dtau_h': 150.0, 'heat_iters': 2, 'mom_iters': 2, 'p_mode': 'lmg', 'p_iters': 2} → до 5 %: 561, до 1 %: — (итог 0.0152)
s1 25 {'dtau': 150.0, 'dtau_h': 150.0, 'heat_iters': 3, 'mom_iters': 3, 'p_mode': 'lmg', 'p_iters': 1} → до 5 %: 391, до 1 %: 626 (итог 0.00285)
s4 25 {'dtau': 100.0, 'dtau_h': 100.0, 'heat_iters': 3, 'mom_iters': 3, 'p_mode': 'lmg', 'p_iters': 2} → до 5 %: 461, до 1 %: 726 (итог 0.00625)
s4 25 {'dtau': 100.0, 'dtau_h': 100.0, 'heat_iters': 3, 'mom_iters': 3, 'p_mode': 'adi', 'p_iters': 8} → до 5 %: 471, до 1 %: 736 (итог 0.00665)
s4 25 {'dtau': 100.0, 'dtau_h': 100.0, 'heat_iters': 3, 'mom_iters': 3, 'p_mode': 'mg', 'p_iters': 2} → до 5 %: 461, до 1 %: 726 (итог 0.00627)
s4 25 {'dtau': 150.0, 'dtau_h': 150.0, 'heat_iters': 3, 'mom_iters': 3, 'p_mode': 'lmg', 'p_iters': 2} → до 5 %: 421, до 1 %: 661 (итог 0.00382)
s4 25 {'dtau': 150.0, 'dtau_h': 150.0, 'heat_iters': 3, 'mom_iters': 3, 'p_mode': 'adi', 'p_iters': 8} → до 5 %: 441, до 1 %: 686 (итог 0.00454)
s4 25 {'dtau': 150.0, 'dtau_h': 150.0, 'heat_iters': 3, 'mom_iters': 3, 'p_mode': 'mg', 'p_iters': 2} → до 5 %: 421, до 1 %: 661 (итог 0.00384)
s4 25 {'dtau': 200.0, 'dtau_h': 200.0, 'heat_iters': 3, 'mom_iters': 3, 'p_mode': 'lmg', 'p_iters': 2} → до 5 %: 401, до 1 %: 626 (итог 0.00289)
s4 25 {'dtau': 200.0, 'dtau_h': 200.0, 'heat_iters': 3, 'mom_iters': 3, 'p_mode': 'adi', 'p_iters': 8} → до 5 %: 441, до 1 %: 671 (итог 0.00399)
s4 25 {'dtau': 200.0, 'dtau_h': 200.0, 'heat_iters': 3, 'mom_iters': 3, 'p_mode': 'mg', 'p_iters': 2} → до 5 %: 401, до 1 %: 626 (итог 0.00292)
s4 25 {'dtau': 300.0, 'dtau_h': 300.0, 'heat_iters': 3, 'mom_iters': 3, 'p_mode': 'lmg', 'p_iters': 2} → до 5 %: 381, до 1 %: 596 (итог 0.00213)
s4 25 {'dtau': 300.0, 'dtau_h': 300.0, 'heat_iters': 3, 'mom_iters': 3, 'p_mode': 'adi', 'p_iters': 8} → до 5 %: 466, до 1 %: 686 (итог 0.00418)
s4 25 {'dtau': 300.0, 'dtau_h': 300.0, 'heat_iters': 3, 'mom_iters': 3, 'p_mode': 'mg', 'p_iters': 2} → до 5 %: 381, до 1 %: 596 (итог 0.00217)
s4 25 {'dtau': 400.0, 'dtau_h': 400.0, 'heat_iters': 3, 'mom_iters': 3, 'p_mode': 'lmg', 'p_iters': 2} → до 5 %: 371, до 1 %: 576 (итог 0.00194)
s4 25 {'dtau': 400.0, 'dtau_h': 400.0, 'heat_iters': 3, 'mom_iters': 3, 'p_mode': 'adi', 'p_iters': 8} → до 5 %: 501, до 1 %: 716 (итог 0.00516)
s4 25 {'dtau': 400.0, 'dtau_h': 400.0, 'heat_iters': 3, 'mom_iters': 3, 'p_mode': 'mg', 'p_iters': 2} → до 5 %: 371, до 1 %: 581 (итог 0.00193)
s4 25 {'dtau': 150.0, 'dtau_h': 150.0, 'heat_iters': 3, 'mom_iters': 3, 'p_mode': 'lmg', 'p_iters': 2, 'schur': True} → до 5 %: 421, до 1 %: 661 (итог 0.00391)
