Godot Engine v4.7.2.stable.official.ed1daf0bf - https://godotengine.org
Vulkan 1.3.277 - Forward+ - Using Device #0: NVIDIA - NVIDIA GeForce RTX 4070 SUPER

  400 м (98x98x52): ядро | мс на итерацию | доля | запусков
  граничные условия | 0.008 | 0 % | 1
  местное K (kloc) | 0.019 | 0 % | 1
  шаблоны импульса ×3 | 0.136 | 3 % | 3
  прогонки импульса z (2×3 зебры) | 0.377 | 9 % | 12
  прогонки импульса x | 0.302 | 7 % | 12
  прогонки импульса y | 0.396 | 10 % | 12
  шаблон тепла θ′_d | 0.043 | 1 % | 1
  прогонки тепла θ′_d z, x, y (4×) | 0.806 | 20 % | 24
  шаблон тепла θ′ | 0.039 | 1 % | 1
  прогонки тепла θ′ z, x, y (4×) | 0.803 | 20 % | 24
  проекция: V-цикл (6 уровней) | 1.075 | 27 % | 61
  проекция: ∇·u, центрирование, поправка | 0.037 | 1 % | 9
  сумма частей 4.04 мс; итерация целиком 4.03 мс (161 запусков); проверка 0.45 мс (раз в 10 итераций)
  итерация без θ′_d (решение без нагрева) 3.18 мс (136 запусков), 79 % от полной
  400 м: ветер | нагрев | итераций (эталон f32) | стена, с | GPU, с | мс/итерацию GPU | порций | макс. порция GPU, мс | CPU в poll Σ/макс, мс
  3 м/с | с нагревом | 190 (191) | 2.08 | 0.86 | 4.50 | 97 | 13.8 | 280 / 6.8
    наибольшая порция — №16 из 97: 528 запусков, 13.8 мс; главный поток: запись 267 мс, ожидание sync 5 мс
  3 м/с | с нагревом, загрузка | 190 (191) | 1.38 | 0.83 | 4.34 | 47 | 24.3 | 1096 / 55.3
    наибольшая порция — №24 из 47: 957 запусков, 24.3 мс; главный поток: запись 275 мс, ожидание sync 817 мс
  ok   test_air_picard_bench.gd::test_bench_ongudai
  Онгудай 400 м, 3 м/с: 12:00 холодный 190 итераций; то же тёплым 20; 12:30 холодный 180, тёплый от 12:00 70 (−61 %); max|Δu| холодный/тёплый 6.06e-02 м/с, max|Δθ′| 2.71e-02 К
  ok   test_air_picard_bench.gd::test_warm_start

2 тестов, 0 упало, 0 пропущено
