Godot Engine v4.7.2.stable.official.ed1daf0bf - https://godotengine.org
Vulkan 1.3.277 - Forward+ - Using Device #0: NVIDIA - NVIDIA GeForce RTX 4070 SUPER

  200 м (194x194x52): ядро | мс на итерацию | доля | запусков
  граничные условия | 0.019 | 0 % | 1
  местное K (kloc) | 0.116 | 1 % | 1
  шаблоны импульса ×3 | 0.825 | 6 % | 3
  прогонки импульса z (2×3 зебры) | 1.321 | 9 % | 12
  прогонки импульса x | 1.076 | 8 % | 12
  прогонки импульса y | 1.621 | 11 % | 12
  шаблон тепла θ′_d | 0.291 | 2 % | 1
  прогонки тепла θ′_d z, x, y (4×) | 2.770 | 20 % | 24
  шаблон тепла θ′ | 0.307 | 2 % | 1
  прогонки тепла θ′ z, x, y (4×) | 2.779 | 20 % | 24
  проекция: V-цикл (7 уровней) | 2.732 | 19 % | 73
  проекция: ∇·u, центрирование, поправка | 0.262 | 2 % | 9
  сумма частей 14.12 мс; итерация целиком 14.20 мс (173 запусков); проверка 2.47 мс (раз в 10 итераций)
  итерация без θ′_d (решение без нагрева) 11.12 мс (148 запусков), 78 % от полной
  200 м: ветер | нагрев | итераций (эталон f32) | стена, с | GPU, с | мс/итерацию GPU | порций | макс. порция GPU, мс | CPU в poll Σ/макс, мс
  0 м/с | с нагревом | 1100 (1101) | 25.25 | 16.57 | 15.06 | 1440 | 20.8 | 1574 / 10.0
    наибольшая порция — №1438 из 1440: 524 запусков, 20.8 мс; главный поток: запись 1463 мс, ожидание sync 45 мс
  3 м/с | с нагревом | 210 (201) | 5.93 | 3.26 | 15.50 | 285 | 20.5 | 253 / 7.8
    наибольшая порция — №283 из 285: 527 запусков, 20.5 мс; главный поток: запись 225 мс, ожидание sync 18 мс
  6 м/с | с нагревом | 190 (191) | 5.57 | 2.96 | 15.57 | 262 | 20.4 | 257 / 7.3
    наибольшая порция — №260 из 262: 521 запусков, 20.4 мс; главный поток: запись 230 мс, ожидание sync 17 мс
  3 м/с | пара (без + с) | 430 (221 + 201) | 10.59 | 5.97 | 13.87 | 533 | 23.2 | 729 / 8.5
    наибольшая порция — №246 из 533: 594 запусков, 23.2 мс; главный поток: запись 679 мс, ожидание sync 23 мс
  3 м/с | с нагревом, загрузка | 210 (201) | 4.98 | 3.19 | 15.17 | 157 | 27.7 | 3400 / 52.1
    наибольшая порция — №156 из 157: 745 запусков, 27.7 мс; главный поток: запись 236 мс, ожидание sync 3156 мс
  6 м/с | с нагревом, загрузка | 190 (191) | 4.43 | 2.89 | 15.19 | 142 | 27.7 | 3182 / 52.3
    наибольшая порция — №141 из 142: 745 запусков, 27.7 мс; главный поток: запись 327 мс, ожидание sync 2848 мс
  3 м/с | пара (без + с), загрузка | 430 (221 + 201) | 8.21 | 5.82 | 13.53 | 274 | 27.9 | 6450 / 55.5
    наибольшая порция — №120 из 274: 751 запусков, 27.9 мс; главный поток: запись 686 мс, ожидание sync 5749 мс
  ok   test_air_picard_bench.gd::test_bench_ongudai
  Онгудай 400 м, 3 м/с: 12:00 холодный 190 итераций; то же тёплым 20; 12:30 холодный 180, тёплый от 12:00 70 (−61 %); max|Δu| холодный/тёплый 6.06e-02 м/с, max|Δθ′| 2.71e-02 К
  ok   test_air_picard_bench.gd::test_warm_start

2 тестов, 0 упало, 0 пропущено
