Godot Engine v4.7.2.stable.official.ed1daf0bf - https://godotengine.org
Vulkan 1.3.277 - Forward+ - Using Device #0: NVIDIA - NVIDIA GeForce RTX 4070 SUPER

  200 м (194x194x52): ядро | мс на итерацию | доля | запусков
  граничные условия | 0.019 | 0 % | 1
  местное K (kloc) | 0.116 | 1 % | 1
  шаблоны импульса ×3 | 0.826 | 6 % | 3
  прогонки импульса z (2×3 зебры) | 1.319 | 9 % | 12
  прогонки импульса x | 1.076 | 8 % | 12
  прогонки импульса y | 1.617 | 11 % | 12
  шаблон тепла θ′_d | 0.291 | 2 % | 1
  прогонки тепла θ′_d z, x, y (4×) | 2.784 | 20 % | 24
  шаблон тепла θ′ | 0.307 | 2 % | 1
  прогонки тепла θ′ z, x, y (4×) | 2.777 | 20 % | 24
  проекция: V-цикл (7 уровней) | 2.730 | 19 % | 73
  проекция: ∇·u, центрирование, поправка | 0.263 | 2 % | 9
  сумма частей 14.12 мс; итерация целиком 14.19 мс (173 запусков); проверка 2.47 мс (раз в 10 итераций)
  итерация без θ′_d (решение без нагрева) 11.13 мс (148 запусков), 78 % от полной
  200 м: ветер | нагрев | итераций (эталон f32) | стена, с | GPU, с | мс/итерацию GPU | порций | макс. порция GPU, мс | CPU в poll Σ/макс, мс
  3 м/с | с нагревом | 210 (201) | 6.07 | 3.26 | 15.51 | 288 | 20.8 | 397 / 9.7
    наибольшая порция — №286 из 288: 525 запусков, 20.8 мс; главный поток: запись 367 мс, ожидание sync 11 мс
  3 м/с | с нагревом, загрузка | 210 (201) | 4.77 | 3.18 | 15.13 | 156 | 27.7 | 3506 / 52.2
    наибольшая порция — №155 из 156: 745 запусков, 27.7 мс; главный поток: запись 358 мс, ожидание sync 3140 мс
  ok   test_air_picard_bench.gd::test_bench_ongudai
  Онгудай 400 м, 3 м/с: 12:00 холодный 190 итераций; то же тёплым 20; 12:30 холодный 180, тёплый от 12:00 70 (−61 %); max|Δu| холодный/тёплый 6.06e-02 м/с, max|Δθ′| 2.71e-02 К
  ok   test_air_picard_bench.gd::test_warm_start

2 тестов, 0 упало, 0 пропущено
