Godot Engine v4.7.2.stable.official.ed1daf0bf - https://godotengine.org
Vulkan 1.3.277 - Forward+ - Using Device #0: NVIDIA - NVIDIA GeForce RTX 4070 SUPER

  200 м (194x194x52): ядро | мс на итерацию | доля | запусков
  граничные условия | 0.019 | 0 % | 1
  местное K (kloc) | 0.116 | 1 % | 1
  шаблоны импульса ×3 | 0.825 | 6 % | 3
  прогонки импульса z (2×3 зебры) | 1.318 | 9 % | 12
  прогонки импульса x | 1.077 | 8 % | 12
  прогонки импульса y | 1.626 | 11 % | 12
  шаблон тепла θ′_d | 0.292 | 2 % | 1
  прогонки тепла θ′_d z, x, y (4×) | 2.795 | 20 % | 24
  шаблон тепла θ′ | 0.307 | 2 % | 1
  прогонки тепла θ′ z, x, y (4×) | 2.788 | 20 % | 24
  проекция: V-цикл (7 уровней) | 2.727 | 19 % | 73
  проекция: ∇·u, центрирование, поправка | 0.266 | 2 % | 9
  сумма частей 14.16 мс; итерация целиком 14.20 мс (173 запусков); проверка 2.47 мс (раз в 10 итераций)
  итерация без θ′_d (решение без нагрева) 11.13 мс (148 запусков), 78 % от полной
  200 м: ветер | нагрев | итераций (эталон f32) | стена, с | GPU, с | мс/итерацию GPU | порций | макс. порция GPU, мс | CPU в poll Σ/макс, мс
  3 м/с | с нагревом | 170 (171) | 5.12 | 2.66 | 15.62 | 232 | 19.5 | 226 / 6.4
    наибольшая порция — №230 из 232: 517 запусков, 19.5 мс; главный поток: запись 205 мс, ожидание sync 12 мс
  3 м/с | с нагревом, загрузка | 170 (171) | 4.03 | 2.59 | 15.25 | 128 | 27.7 | 2794 / 52.0
    наибольшая порция — №127 из 128: 745 запусков, 27.7 мс; главный поток: запись 215 мс, ожидание sync 2574 мс
  ok   test_air_picard_bench.gd::test_bench_ongudai
  Онгудай 400 м, 3 м/с: 12:00 холодный 130 итераций; то же тёплым 20; 12:30 холодный 120, тёплый от 12:00 50 (−58 %); max|Δu| холодный/тёплый 1.13e-01 м/с, max|Δθ′| 8.33e-02 К
  ok   test_air_picard_bench.gd::test_warm_start

2 тестов, 0 упало, 0 пропущено
