Godot Engine v4.7.2.stable.official.ed1daf0bf - https://godotengine.org
Vulkan 1.3.277 - Forward+ - Using Device #0: NVIDIA - NVIDIA GeForce RTX 4070 SUPER

  400 м (98x98x52): ядро | мс на итерацию | доля | запусков
  граничные условия | 0.007 | 0 % | 1
  местное K (kloc) | 0.017 | 0 % | 1
  шаблоны импульса ×3 | 0.139 | 4 % | 3
  прогонки импульса z (2×3 зебры) | 0.343 | 9 % | 12
  прогонки импульса x | 0.275 | 7 % | 12
  прогонки импульса y | 0.363 | 9 % | 12
  шаблон тепла θ′_d | 0.039 | 1 % | 1
  прогонки тепла θ′_d z, x, y (4×) | 0.808 | 20 % | 24
  шаблон тепла θ′ | 0.039 | 1 % | 1
  прогонки тепла θ′ z, x, y (4×) | 0.804 | 20 % | 24
  проекция: V-цикл (6 уровней) | 1.075 | 27 % | 61
  проекция: ∇·u, центрирование, поправка | 0.037 | 1 % | 9
  сумма частей 3.95 мс; итерация целиком 4.03 мс (161 запусков); проверка 0.45 мс (раз в 10 итераций)
  итерация без θ′_d (решение без нагрева) 3.19 мс (136 запусков), 79 % от полной
  400 м: ветер | нагрев | итераций (эталон f32) | стена, с | GPU, с | мс/итерацию GPU | порций | макс. порция GPU, мс | CPU в poll Σ/макс, мс
  3 м/с | с нагревом | 130 (131) | 1.37 | 0.60 | 4.60 | 66 | 13.4 | 142 / 4.4
    наибольшая порция — №49 из 66: 513 запусков, 13.4 мс; главный поток: запись 136 мс, ожидание sync 2 мс
  3 м/с | с нагревом, загрузка | 130 (131) | 0.97 | 0.58 | 4.45 | 35 | 24.0 | 712 / 54.9
    наибольшая порция — №26 из 35: 960 запусков, 24.0 мс; главный поток: запись 134 мс, ожидание sync 576 мс
  ok   test_air_picard_bench.gd::test_bench_ongudai
  Онгудай 400 м, 3 м/с: 12:00 холодный 130 итераций; то же тёплым 20; 12:30 холодный 120, тёплый от 12:00 50 (−58 %); max|Δu| холодный/тёплый 1.13e-01 м/с, max|Δθ′| 8.33e-02 К
  ok   test_air_picard_bench.gd::test_warm_start

2 тестов, 0 упало, 0 пропущено
