Godot Engine v4.7.2.stable.official.ed1daf0bf - https://godotengine.org
Vulkan 1.3.277 - Forward+ - Using Device #0: NVIDIA - NVIDIA GeForce RTX 4070 SUPER

  400 м (98x98x52): ядро | мс на итерацию | доля | запусков
  граничные условия | 0.008 | 0 % | 1
  местное K (kloc) | 0.019 | 0 % | 1
  шаблоны импульса ×3 | 0.136 | 3 % | 3
  прогонки импульса z (2×3 зебры) | 0.377 | 9 % | 12
  прогонки импульса x | 0.303 | 7 % | 12
  прогонки импульса y | 0.397 | 9 % | 12
  шаблон тепла θ′_d | 0.043 | 1 % | 1
  прогонки тепла θ′_d z, x, y (4×) | 0.890 | 21 % | 24
  шаблон тепла θ′ | 0.043 | 1 % | 1
  прогонки тепла θ′ z, x, y (4×) | 0.887 | 20 % | 24
  проекция: V-цикл (6 уровней) | 1.191 | 27 % | 61
  проекция: ∇·u, центрирование, поправка | 0.041 | 1 % | 9
  сумма частей 4.33 мс; итерация целиком 4.43 мс (161 запусков); проверка 0.47 мс (раз в 10 итераций)
  итерация без θ′_d (решение без нагрева) 3.49 мс (136 запусков), 79 % от полной
  400 м: ветер | нагрев | итераций (эталон f32) | стена, с | GPU, с | мс/итерацию GPU | порций | макс. порция GPU, мс | CPU в poll Σ/макс, мс
  0 м/с | с нагревом | 150 (161) | 1.53 | 0.68 | 4.55 | 75 | 13.2 | 172 / 6.5
    наибольшая порция — №53 из 75: 506 запусков, 13.2 мс; главный поток: запись 165 мс, ожидание sync 3 мс
  3 м/с | с нагревом | 130 (131) | 1.37 | 0.60 | 4.59 | 68 | 13.6 | 154 / 5.1
    наибольшая порция — №41 из 68: 521 запусков, 13.6 мс; главный поток: запись 144 мс, ожидание sync 6 мс
  6 м/с | с нагревом | 130 (131) | 1.32 | 0.60 | 4.59 | 64 | 12.5 | 130 / 6.7
    наибольшая порция — №27 из 64: 484 запусков, 12.5 мс; главный поток: запись 122 мс, ожидание sync 4 мс
  3 м/с | пара (без + с) | 280 (151 + 131) | 2.51 | 1.16 | 4.13 | 130 | 13.7 | 294 / 6.5
    наибольшая порция — №46 из 130: 558 запусков, 13.7 мс; главный поток: запись 278 мс, ожидание sync 7 мс
  3 м/с | с нагревом, загрузка | 130 (131) | 0.96 | 0.58 | 4.45 | 35 | 24.4 | 703 / 55.6
    наибольшая порция — №16 из 35: 958 запусков, 24.4 мс; главный поток: запись 126 мс, ожидание sync 576 мс
  6 м/с | с нагревом, загрузка | 130 (131) | 0.96 | 0.58 | 4.44 | 35 | 24.0 | 695 / 53.0
    наибольшая порция — №24 из 35: 961 запусков, 24.0 мс; главный поток: запись 116 мс, ожидание sync 576 мс
  3 м/с | пара (без + с), загрузка | 280 (151 + 131) | 1.72 | 1.12 | 4.01 | 68 | 25.2 | 1365 / 53.6
    наибольшая порция — №37 из 68: 1411 запусков, 25.2 мс; главный поток: запись 246 мс, ожидание sync 1114 мс
  ok   test_air_picard_bench.gd::test_bench_ongudai
  Онгудай 400 м, 3 м/с: 12:00 холодный 130 итераций; то же тёплым 20; 12:30 холодный 120, тёплый от 12:00 50 (−58 %); max|Δu| холодный/тёплый 1.13e-01 м/с, max|Δθ′| 8.33e-02 К
  ok   test_air_picard_bench.gd::test_warm_start

2 тестов, 0 упало, 0 пропущено
