== s1_sun_one_slope_200
   Пикар: 71 итераций, 0.075 с (итерации 0.046), 0.66 мс/итер, пол 101 (floor); шаги: мягкий критерий 1243 шагов 0.55 с, до 1 % по w 1.07 с; ошибка Пикар/эталон w 0.061, Пикар/8 ч w 0.0020, дрейф 2 ч w 0.0000
== s1_sun_one_slope_100
   Пикар: 81 итераций, 0.081 с (итерации 0.053), 0.66 мс/итер, пол 111 (floor); шаги: мягкий критерий 2741 шагов 1.31 с, до 1 % по w 2.36 с; ошибка Пикар/эталон w 0.056, Пикар/8 ч w 0.0020, дрейф 2 ч w 0.0000
== s1_sun_one_slope_50
   Пикар: 101 итераций, 0.107 с (итерации 0.077), 0.77 мс/итер, пол 131 (floor); шаги: мягкий критерий 5755 шагов 3.01 с, до 1 % по w 5.16 с; ошибка Пикар/эталон w 0.055, Пикар/8 ч w 0.0021, дрейф 2 ч w 0.0001
== s1_sun_one_slope_25
   Пикар: 231 итераций, 0.279 с (итерации 0.238), 1.03 мс/итер, пол 371 (floor); шаги: мягкий критерий 12079 шагов 9.94 с, до 1 % по w 14.69 с; ошибка Пикар/эталон w 0.049, Пикар/8 ч w 0.0024, дрейф 2 ч w 0.0000
== s2_both_slopes_200
   Пикар: 141 итераций, 0.113 с (итерации 0.083), 0.59 мс/итер, пол 181 (floor); шаги: мягкий критерий 1588 шагов 0.70 с, до 1 % по w 1.16 с; ошибка Пикар/эталон w 0.044, Пикар/8 ч w 0.0033, дрейф 2 ч w 0.0001
== s2_both_slopes_100
   Пикар: 91 итераций, 0.085 с (итерации 0.060), 0.67 мс/итер, пол 141 (floor); шаги: мягкий критерий 3152 шагов 1.52 с, до 1 % по w 2.57 с; ошибка Пикар/эталон w 0.048, Пикар/8 ч w 0.0038, дрейф 2 ч w 0.0001
== s2_both_slopes_50
   Пикар: 171 итераций, 0.163 с (итерации 0.131), 0.77 мс/итер, пол 291 (floor); шаги: мягкий критерий 6303 шагов 4.49 с, до 1 % по w 8.24 с; ошибка Пикар/эталон w 0.052, Пикар/8 ч w 0.0036, дрейф 2 ч w 0.0000
== s2_both_slopes_25
   Пикар: 301 итераций, 0.357 с (итерации 0.310), 1.03 мс/итер, пол 501 (stalled); шаги: мягкий критерий 14275 шагов 13.03 с, до 1 % по w 20.20 с; ошибка Пикар/эталон w 0.039, Пикар/8 ч w 0.0044, дрейф 2 ч w 0.0000
== s3_wind_200
   Пикар: 171 итераций, 0.138 с (итерации 0.104), 0.61 мс/итер, пол 231 (floor); шаги: мягкий критерий 760 шагов 0.35 с, до 1 % по w 0.60 с; ошибка Пикар/эталон w 0.031, Пикар/8 ч w 0.0002, дрейф 2 ч w 0.0000
== s3_wind_100
   Пикар: 261 итераций, 0.225 с (итерации 0.182), 0.70 мс/итер, пол 341 (floor); шаги: мягкий критерий 1782 шагов 0.89 с, до 1 % по w 1.50 с; ошибка Пикар/эталон w 0.039, Пикар/8 ч w 0.0002, дрейф 2 ч w 0.0000
== s3_wind_50
   Пикар: 341 итераций, 0.333 с (итерации 0.282), 0.83 мс/итер, пол 541 (stalled); шаги: мягкий критерий 5481 шагов 2.96 с, до 1 % по w 4.44 с; ошибка Пикар/эталон w 0.022, Пикар/8 ч w 0.0007, дрейф 2 ч w 0.0000
== s3_wind_25
   Пикар: None итераций, nan с (итерации nan), 1.20 мс/итер, пол 3001 (max); шаги: мягкий критерий 15922 шагов 9.87 с, до 1 % по w 13.62 с; ошибка Пикар/эталон w 0.021, Пикар/8 ч w 0.0047, дрейф 2 ч w 0.0000
== s4_inversion_200
   Пикар: 151 итераций, 0.121 с (итерации 0.089), 0.59 мс/итер, пол 191 (floor); шаги: мягкий критерий 1312 шагов 0.58 с, до 1 % по w 0.98 с; ошибка Пикар/эталон w 0.041, Пикар/8 ч w 0.0015, дрейф 2 ч w 0.0000
== s4_inversion_100
   Пикар: 111 итераций, 0.102 с (итерации 0.074), 0.67 мс/итер, пол 161 (floor); шаги: мягкий критерий 2467 шагов 1.19 с, до 1 % по w 1.99 с; ошибка Пикар/эталон w 0.034, Пикар/8 ч w 0.0016, дрейф 2 ч w 0.0000
== s4_inversion_50
   Пикар: 101 итераций, 0.101 с (итерации 0.077), 0.77 мс/итер, пол 191 (floor); шаги: мягкий критерий 5207 шагов 2.73 с, до 1 % по w 4.31 с; ошибка Пикар/эталон w 0.033, Пикар/8 ч w 0.0013, дрейф 2 ч w 0.0000
== s4_inversion_25
   Пикар: 251 итераций, 0.302 с (итерации 0.261), 1.04 мс/итер, пол 451 (stalled); шаги: мягкий критерий 7138 шагов 4.14 с, до 1 % по w 9.56 с; ошибка Пикар/эталон w 0.083, Пикар/8 ч w 0.0014, дрейф 2 ч w 0.0000
done
