ww__archive_cross-country.html.txt
ww__archive_duck.html.txt
ww__archive_eagle.html.txt
ww__archive_falcon-2.html.txt
ww__archive_falcon-3.html.txt
ww__archive_falcon.html.txt
ww__archive_fusion.html.txt
ww__archive_harrier.html.txt
ww__archive_hp-at.html.txt
ww__archive_hp.html.txt
ww__archive_hp-ii.html.txt
ww__archive_ramair.html.txt
ww__archive_raven.html.txt
ww__archive_skyhawk.html.txt
ww__archive_spectrum.html.txt
ww__archive_sport-at.html.txt
ww__archive_sport.html.txt
ww__archive_super-sport.html.txt
ww__archive_talon.html.txt
ww__archive_ultra-sport.html.txt
ww__condor.html.txt
ww__falcon-4.html.txt
ww__placard.html.txt
ww__polar_data.html.txt
ww__sport-3.html.txt
ww__t2c.html.txt
ww__t3.html.txt
ww__u2.html.txt
