Godot Engine v4.7.2.stable.official.ed1daf0bf - https://godotengine.org
Vulkan 1.3.277 - Forward+ - Using Device #0: NVIDIA - NVIDIA GeForce RTX 4070 SUPER

  200 м (194x194x52): ядро | мс на итерацию | доля | запусков
  граничные условия | 0.016 | 0 % | 1
  местное K (kloc) | 0.118 | 1 % | 1
  шаблоны импульса ×3 | 0.827 | 7 % | 3
  прогонки импульса z (2×3 зебры) | 1.321 | 12 % | 12
  прогонки импульса x | 1.074 | 10 % | 12
  прогонки импульса y | 1.623 | 15 % | 12
  шаблон тепла | 0.289 | 3 % | 1
  прогонки тепла z, x, y (4×) | 2.855 | 26 % | 24
  проекция: V-цикл (7 уровней) | 2.722 | 24 % | 73
  проекция: ∇·u, центрирование, поправка | 0.267 | 2 % | 9
  сумма частей 11.11 мс; итерация целиком 11.26 мс (148 запусков); проверка 2.04 мс (раз в 10 итераций)
  200 м: ветер | нагрев | итераций (эталон f32) | стена, с | GPU, с | мс/итерацию GPU | порций | макс. порция GPU, мс | CPU в poll Σ/макс, мс
  3 м/с | с нагревом | 130 (131) | 3.86 | 1.60 | 12.29 | 182 | 22.4 | 210 / 8.4
    наибольшая порция — №77 из 182: 273 запусков, 22.4 мс; главный поток: запись 193 мс, ожидание sync 7 мс
  3 м/с | с нагревом, загрузка | 130 (131) | 3.03 | 1.66 | 12.74 | 81 | 28.5 | 1822 / 53.3
    наибольшая порция — №80 из 81: 745 запусков, 28.5 мс; главный поток: запись 179 мс, ожидание sync 1637 мс
  ok   test_air_picard_bench.gd::test_bench_ongudai
  Онгудай 400 м, 3 м/с: 12:00 холодный 90 итераций; то же тёплым 10; 12:30 холодный 90, тёплый от 12:00 40 (−56 %); max|Δu| холодный/тёплый 8.67e-02 м/с, max|Δθ′| 2.72e-02 К
  ok   test_air_picard_bench.gd::test_warm_start

2 тестов, 0 упало, 0 пропущено
exit 0
