Godot Engine v4.7.2.stable.official.ed1daf0bf - https://godotengine.org
Vulkan 1.3.277 - Forward+ - Using Device #0: NVIDIA - NVIDIA GeForce RTX 4070 SUPER

  400 м (98x98x52): ядро | мс на итерацию | доля | запусков
  граничные условия | 0.007 | 0 % | 1
  местное K (kloc) | 0.019 | 1 % | 1
  шаблоны импульса ×3 | 0.144 | 4 % | 3
  прогонки импульса z (2×3 зебры) | 0.449 | 12 % | 12
  прогонки импульса x | 0.299 | 8 % | 12
  прогонки импульса y | 0.417 | 11 % | 12
  шаблон тепла | 0.055 | 1 % | 1
  прогонки тепла z, x, y (4×) | 0.929 | 25 % | 24
  проекция: V-цикл (6 уровней) | 1.229 | 33 % | 61
  проекция: ∇·u, центрирование, поправка | 0.170 | 5 % | 9
  сумма частей 3.72 мс; итерация целиком 3.59 мс (136 запусков); проверка 0.41 мс (раз в 10 итераций)
  400 м: ветер | нагрев | итераций (эталон f32) | стена, с | GPU, с | мс/итерацию GPU | порций | макс. порция GPU, мс | CPU в poll Σ/макс, мс
  3 м/с | с нагревом | 90 (91) | 0.98 | 0.34 | 3.83 | 49 | 11.9 | 127 / 8.5
    наибольшая порция — №48 из 49: 625 запусков, 11.9 мс; главный поток: запись 117 мс, ожидание sync 6 мс
  3 м/с | с нагревом, загрузка | 90 (91) | 0.76 | 0.35 | 3.94 | 25 | 23.8 | 452 / 48.6
    наибольшая порция — №16 из 25: 956 запусков, 23.8 мс; главный поток: запись 98 мс, ожидание sync 351 мс
  ok   test_air_picard_bench.gd::test_bench_ongudai
  Онгудай 400 м, 3 м/с: 12:00 холодный 90 итераций; то же тёплым 10; 12:30 холодный 90, тёплый от 12:00 40 (−56 %); max|Δu| холодный/тёплый 8.67e-02 м/с, max|Δθ′| 2.72e-02 К
  ok   test_air_picard_bench.gd::test_warm_start

2 тестов, 0 упало, 0 пропущено
exit 0
