Godot Engine v4.7.2.stable.official.ed1daf0bf - https://godotengine.org
Vulkan 1.3.277 - Forward+ - Using Device #0: NVIDIA - NVIDIA GeForce RTX 4070 SUPER

  400 м (98x98x52): ядро | мс на итерацию | доля | запусков
  граничные условия | 0.008 | 0 % | 1
  местное K (kloc) | 0.019 | 0 % | 1
  шаблоны импульса ×3 | 0.135 | 3 % | 3
  прогонки импульса z (2×3 зебры) | 0.382 | 9 % | 12
  прогонки импульса x | 0.304 | 7 % | 12
  прогонки импульса y | 0.398 | 10 % | 12
  шаблон тепла θ′_d | 0.043 | 1 % | 1
  прогонки тепла θ′_d z, x, y (4×) | 0.882 | 21 % | 24
  шаблон тепла θ′ | 0.039 | 1 % | 1
  прогонки тепла θ′ z, x, y (4×) | 0.802 | 19 % | 24
  проекция: V-цикл (6 уровней) | 1.074 | 26 % | 61
  проекция: ∇·u, центрирование, поправка | 0.040 | 1 % | 9
  сумма частей 4.13 мс; итерация целиком 4.22 мс (161 запусков); проверка 0.45 мс (раз в 10 итераций)
  400 м: ветер | нагрев | итераций (эталон f32) | стена, с | GPU, с | мс/итерацию GPU | порций | макс. порция GPU, мс | CPU в poll Σ/макс, мс
  3 м/с | с нагревом | 130 (131) | 1.33 | 0.58 | 4.46 | 78 | 11.1 | 162 / 4.6
    наибольшая порция — №77 из 78: 625 запусков, 11.1 мс; главный поток: запись 151 мс, ожидание sync 3 мс
  3 м/с | с нагревом, загрузка | 130 (131) | 0.96 | 0.58 | 4.48 | 34 | 24.9 | 703 / 53.5
    наибольшая порция — №31 из 34: 962 запусков, 24.9 мс; главный поток: запись 119 мс, ожидание sync 581 мс
  ok   test_air_picard_bench.gd::test_bench_ongudai
  Онгудай 400 м, 3 м/с: 12:00 холодный 130 итераций; то же тёплым 10; 12:30 холодный 130, тёплый от 12:00 50 (−62 %); max|Δu| холодный/тёплый 6.24e-02 м/с, max|Δθ′| 2.88e-02 К
  ok   test_air_picard_bench.gd::test_warm_start

2 тестов, 0 упало, 0 пропущено
exit 0
