Godot Engine v4.7.2.stable.official.ed1daf0bf - https://godotengine.org
Vulkan 1.3.277 - Forward+ - Using Device #0: NVIDIA - NVIDIA GeForce RTX 4070 SUPER

  400 м (98x98x52): ядро | мс на итерацию | доля | запусков
  граничные условия | 0.008 | 0 % | 1
  местное K (kloc) | 0.019 | 0 % | 1
  шаблоны импульса ×3 | 0.139 | 3 % | 3
  прогонки импульса z (2×3 зебры) | 0.385 | 9 % | 12
  прогонки импульса x | 0.307 | 7 % | 12
  прогонки импульса y | 0.404 | 10 % | 12
  шаблон тепла θ′_d | 0.044 | 1 % | 1
  прогонки тепла θ′_d z, x, y (4×) | 0.983 | 23 % | 24
  шаблон тепла θ′ | 0.043 | 1 % | 1
  прогонки тепла θ′ z, x, y (4×) | 0.804 | 19 % | 24
  проекция: V-цикл (6 уровней) | 1.073 | 25 % | 61
  проекция: ∇·u, центрирование, поправка | 0.043 | 1 % | 9
  сумма частей 4.25 мс; итерация целиком 4.02 мс (161 запусков); проверка 0.45 мс (раз в 10 итераций)
  400 м: ветер | нагрев | итераций (эталон f32) | стена, с | GPU, с | мс/итерацию GPU | порций | макс. порция GPU, мс | CPU в poll Σ/макс, мс
  0 м/с | с нагревом | 150 (161) | 1.47 | 0.66 | 4.40 | 88 | 11.4 | 180 / 10.0
    наибольшая порция — №25 из 88: 463 запусков, 11.4 мс; главный поток: запись 166 мс, ожидание sync 8 мс
  3 м/с | с нагревом | 130 (131) | 1.46 | 0.58 | 4.49 | 85 | 11.8 | 217 / 9.5
    наибольшая порция — №27 из 85: 442 запусков, 11.8 мс; главный поток: запись 202 мс, ожидание sync 8 мс
  6 м/с | с нагревом | 130 (131) | 1.34 | 0.58 | 4.43 | 79 | 11.2 | 155 / 5.1
    наибольшая порция — №78 из 79: 625 запусков, 11.2 мс; главный поток: запись 144 мс, ожидание sync 5 мс
  3 м/с | пара (без + с) | 280 (151 + 131) | 2.56 | 1.24 | 4.42 | 165 | 11.6 | 347 / 7.6
    наибольшая порция — №21 из 165: 437 запусков, 11.6 мс; главный поток: запись 321 мс, ожидание sync 14 мс
  3 м/с | с нагревом, загрузка | 130 (131) | 1.02 | 0.58 | 4.45 | 34 | 24.5 | 727 / 54.5
    наибольшая порция — №19 из 34: 953 запусков, 24.5 мс; главный поток: запись 149 мс, ожидание sync 574 мс
  6 м/с | с нагревом, загрузка | 130 (131) | 1.03 | 0.58 | 4.45 | 34 | 24.3 | 757 / 56.5
    наибольшая порция — №13 из 34: 945 запусков, 24.3 мс; главный поток: запись 181 мс, ожидание sync 572 мс
  3 м/с | пара (без + с), загрузка | 280 (151 + 131) | 1.95 | 1.25 | 4.46 | 69 | 25.2 | 1558 / 56.0
    наибольшая порция — №38 из 69: 1411 запусков, 25.2 мс; главный поток: запись 313 мс, ожидание sync 1237 мс
  ok   test_air_picard_bench.gd::test_bench_ongudai
  Онгудай 400 м, 3 м/с: 12:00 холодный 130 итераций; то же тёплым 10; 12:30 холодный 130, тёплый от 12:00 50 (−62 %); max|Δu| холодный/тёплый 6.24e-02 м/с, max|Δθ′| 2.88e-02 К
  ok   test_air_picard_bench.gd::test_warm_start

2 тестов, 0 упало, 0 пропущено
exit 0
