Godot Engine v4.7.2.stable.official.ed1daf0bf - https://godotengine.org
Vulkan 1.3.277 - Forward+ - Using Device #0: NVIDIA - NVIDIA GeForce RTX 4070 SUPER

  200 м (194x194x52): ядро | мс на итерацию | доля | запусков
  граничные условия | 0.019 | 0 % | 1
  местное K (kloc) | 0.124 | 1 % | 1
  шаблоны импульса ×3 | 0.828 | 6 % | 3
  прогонки импульса z (2×3 зебры) | 1.318 | 9 % | 12
  прогонки импульса x | 1.073 | 7 % | 12
  прогонки импульса y | 1.613 | 11 % | 12
  шаблон тепла θ′_d | 0.294 | 2 % | 1
  прогонки тепла θ′_d z, x, y (4×) | 2.959 | 21 % | 24
  шаблон тепла θ′ | 0.308 | 2 % | 1
  прогонки тепла θ′ z, x, y (4×) | 2.779 | 19 % | 24
  проекция: V-цикл (7 уровней) | 2.778 | 19 % | 73
  проекция: ∇·u, центрирование, поправка | 0.243 | 2 % | 9
  сумма частей 14.34 мс; итерация целиком 14.20 мс (173 запусков); проверка 2.48 мс (раз в 10 итераций)
  200 м: ветер | нагрев | итераций (эталон f32) | стена, с | GPU, с | мс/итерацию GPU | порций | макс. порция GPU, мс | CPU в poll Σ/макс, мс
WARNING: AirGpuJob: таймаут расчёта (60 с)
     at: push_warning (core/variant/variant_utility.cpp:1033)
     GDScript backtrace (most recent call first):
         [0] _fail (res://scripts/atmosphere/air_model/air_gpu_job.gd:303)
         [1] _poll (res://scripts/atmosphere/air_model/air_gpu_job.gd:102)
         [2] poll (res://scripts/atmosphere/air_model/air_gpu_job.gd:85)
         [3] _solve (res://tests/atmosphere/test_air_picard_bench.gd:41)
  3 м/с | с нагревом, загрузка | 3000 (3001) | 50.25 | 44.53 | 14.84 | 2110 | 28.5 | 48155 / 54.4
    наибольшая порция — №2109 из 2110: 745 запусков, 28.5 мс; главный поток: запись 4055 мс, ожидание sync 43984 мс
  FAIL test_air_picard_bench.gd::test_bench_ongudai
         check failed: Онгудай 200 м, 3 м/с: решено (таймаут расчёта (60 с))
  Онгудай 400 м, 3 м/с: 12:00 холодный 130 итераций; то же тёплым 10; 12:30 холодный 130, тёплый от 12:00 50 (−62 %); max|Δu| холодный/тёплый 6.24e-02 м/с, max|Δθ′| 2.88e-02 К
  ok   test_air_picard_bench.gd::test_warm_start

2 тестов, 1 упало, 0 пропущено
tools/gpu_tests.sh: строка 15: 2509097 Ошибка сегментирования                   XDG_DATA_HOME="$profile" godot --path . --audio-driver Dummy --resolution 320x240 res://tests/run_tests.tscn -- --gpu "$@"
exit 139
