Godot Engine v4.7.2.stable.official.ed1daf0bf - https://godotengine.org
Vulkan 1.3.277 - Forward+ - Using Device #0: NVIDIA - NVIDIA GeForce RTX 4070 SUPER

  200 м (194x194x52): ядро | мс на итерацию | доля | запусков
  граничные условия | 0.020 | 0 % | 1
  местное K (kloc) | 0.117 | 1 % | 1
  шаблоны импульса ×3 | 0.873 | 6 % | 3
  прогонки импульса z (2×3 зебры) | 1.319 | 9 % | 12
  прогонки импульса x | 1.155 | 8 % | 12
  прогонки импульса y | 1.696 | 12 % | 12
  шаблон тепла θ′_d | 0.290 | 2 % | 1
  прогонки тепла θ′_d z, x, y (4×) | 2.781 | 19 % | 24
  шаблон тепла θ′ | 0.306 | 2 % | 1
  прогонки тепла θ′ z, x, y (4×) | 2.913 | 20 % | 24
  проекция: V-цикл (7 уровней) | 2.723 | 19 % | 73
  проекция: ∇·u, центрирование, поправка | 0.400 | 3 % | 9
  сумма частей 14.59 мс; итерация целиком 14.44 мс (173 запусков); проверка 2.48 мс (раз в 10 итераций)
  200 м: ветер | нагрев | итераций (эталон f32) | стена, с | GPU, с | мс/итерацию GPU | порций | макс. порция GPU, мс | CPU в poll Σ/макс, мс
  0 м/с | с нагревом | 260 (261) | 7.22 | 4.02 | 15.45 | 446 | 15.8 | 402 / 10.6
    наибольшая порция — №443 из 446: 437 запусков, 15.8 мс; главный поток: запись 360 мс, ожидание sync 20 мс
WARNING: AirGpuJob: таймаут расчёта (60 с)
     at: push_warning (core/variant/variant_utility.cpp:1033)
     GDScript backtrace (most recent call first):
         [0] _fail (res://scripts/atmosphere/air_model/air_gpu_job.gd:303)
         [1] _poll (res://scripts/atmosphere/air_model/air_gpu_job.gd:102)
         [2] poll (res://scripts/atmosphere/air_model/air_gpu_job.gd:85)
         [3] _solve (res://tests/atmosphere/test_air_picard_bench.gd:41)
  6 м/с | с нагревом | 180 (181) | 5.45 | 2.73 | 15.17 | 318 | 16.0 | 389 / 10.3
    наибольшая порция — №315 из 318: 436 запусков, 16.0 мс; главный поток: запись 353 мс, ожидание sync 17 мс
WARNING: AirGpuJob: таймаут расчёта (60 с)
     at: push_warning (core/variant/variant_utility.cpp:1033)
     GDScript backtrace (most recent call first):
         [0] _fail (res://scripts/atmosphere/air_model/air_gpu_job.gd:303)
         [1] _poll (res://scripts/atmosphere/air_model/air_gpu_job.gd:102)
         [2] poll (res://scripts/atmosphere/air_model/air_gpu_job.gd:85)
         [3] _solve (res://tests/atmosphere/test_air_picard_bench.gd:41)
  3 м/с | с нагревом, загрузка | 3000 (3001) | 50.73 | 44.15 | 14.72 | 2109 | 27.6 | 48493 / 56.4
    наибольшая порция — №2108 из 2109: 745 запусков, 27.6 мс; главный поток: запись 4876 мс, ожидание sync 43490 мс
  6 м/с | с нагревом, загрузка | 180 (181) | 4.31 | 2.75 | 15.29 | 135 | 28.0 | 3038 / 54.5
    наибольшая порция — №134 из 135: 745 запусков, 28.0 мс; главный поток: запись 318 мс, ожидание sync 2712 мс
  3 м/с | пара (без + с), загрузка | 3200 (191 + 3001) | 54.70 | 47.85 | 14.95 | 2257 | 28.1 | 52114 / 58.7
    наибольшая порция — №1059 из 2257: 231 запусков, 28.1 мс; главный поток: запись 4723 мс, ожидание sync 47256 мс
  FAIL test_air_picard_bench.gd::test_bench_ongudai
         check failed: Онгудай 200 м, 3 м/с: решено (таймаут расчёта (60 с))
         check failed: Онгудай 200 м, 3 м/с: решено (таймаут расчёта (60 с))
  Онгудай 400 м, 3 м/с: 12:00 холодный 130 итераций; то же тёплым 10; 12:30 холодный 130, тёплый от 12:00 50 (−62 %); max|Δu| холодный/тёплый 6.24e-02 м/с, max|Δθ′| 2.88e-02 К
  ok   test_air_picard_bench.gd::test_warm_start

2 тестов, 1 упало, 0 пропущено
tools/gpu_tests.sh: строка 15: 2516665 Ошибка сегментирования                   XDG_DATA_HOME="$profile" godot --path . --audio-driver Dummy --resolution 320x240 res://tests/run_tests.tscn -- --gpu "$@"
exit 139
