  it    51 th 6.92e-06 thd 9.33e-07 mom 2.57e-04 div 1.04e-07 argmax [27, 130, 1] zagl 2107.29052734375 corr 0.6377638578414917
  it   101 th 1.99e-06 thd 5.97e-07 mom 8.46e-05 div 4.52e-08 argmax [27, 142, 1] zagl 1943.49853515625 corr 0.6474047303199768
  it   151 th 1.06e-06 thd 7.61e-07 mom 3.13e-05 div 4.31e-08 argmax [27, 126, 1] zagl 2168.79248046875 corr 0.6015481352806091
  it   201 th 7.62e-07 thd 6.26e-07 mom 1.52e-05 div 4.62e-08 argmax [25, 122, 1] zagl 1863.2978515625 corr 0.5353320240974426
  it   251 th 7.13e-07 thd 6.01e-07 mom 1.17e-05 div 4.49e-08 argmax [27, 82, 1] zagl 2099.12255859375 corr 0.6975454092025757
  it   301 th 5.42e-07 thd 4.83e-07 mom 1.04e-05 div 4.56e-08 argmax [23, 140, 1] zagl 1582.95556640625 corr 0.7956151366233826
  it   351 th 6.65e-07 thd 6.01e-07 mom 1.10e-05 div 4.63e-08 argmax [23, 122, 1] zagl 1653.2978515625 corr 0.5173224210739136
  it   401 th 9.81e-07 thd 8.78e-07 mom 1.27e-05 div 4.82e-08 argmax [25, 128, 1] zagl 1952.5595703125 corr 0.5625055432319641
  it   451 th 7.13e-07 thd 6.02e-07 mom 1.13e-05 div 4.36e-08 argmax [27, 82, 1] zagl 2099.12255859375 corr 0.7100095748901367
  it   501 th 5.47e-07 thd 4.90e-07 mom 1.05e-05 div 4.63e-08 argmax [23, 140, 1] zagl 1582.95556640625 corr 0.7979505658149719
  it   551 th 6.69e-07 thd 6.05e-07 mom 1.11e-05 div 4.62e-08 argmax [25, 152, 1] zagl 1654.75341796875 corr 0.5176519155502319
  it   601 th 9.69e-07 thd 8.67e-07 mom 1.26e-05 div 4.84e-08 argmax [25, 128, 1] zagl 1952.5595703125 corr 0.5488578677177429
  it   651 th 7.28e-07 thd 6.16e-07 mom 1.14e-05 div 4.33e-08 argmax [27, 82, 1] zagl 2099.12255859375 corr 0.7083539366722107
  it   701 th 5.50e-07 thd 4.93e-07 mom 1.05e-05 div 4.68e-08 argmax [23, 140, 1] zagl 1582.95556640625 corr 0.8013532757759094
  it   751 th 6.60e-07 thd 5.96e-07 mom 1.11e-05 div 4.53e-08 argmax [27, 154, 1] zagl 1723.97314453125 corr 0.5273669362068176
  it   801 th 9.42e-07 thd 8.41e-07 mom 1.24e-05 div 4.91e-08 argmax [25, 128, 1] zagl 1952.5595703125 corr 0.5504169464111328
  it   851 th 7.52e-07 thd 6.31e-07 mom 1.15e-05 div 4.28e-08 argmax [27, 82, 1] zagl 2099.12255859375 corr 0.6939021348953247
  it   901 th 5.60e-07 thd 5.03e-07 mom 1.06e-05 div 4.78e-08 argmax [23, 140, 1] zagl 1582.95556640625 corr 0.789879322052002
  it   951 th 6.54e-07 thd 5.90e-07 mom 1.11e-05 div 4.46e-08 argmax [27, 154, 1] zagl 1723.97314453125 corr 0.5355929136276245
  it  1001 th 9.31e-07 thd 8.32e-07 mom 1.23e-05 div 4.93e-08 argmax [25, 126, 1] zagl 1958.79248046875 corr 0.5478631258010864
  it  1051 th 7.83e-07 thd 6.53e-07 mom 1.18e-05 div 4.26e-08 argmax [27, 82, 1] zagl 2099.12255859375 corr 0.6799346804618835
  it  1101 th 5.57e-07 thd 5.01e-07 mom 1.05e-05 div 4.79e-08 argmax [23, 140, 1] zagl 1582.95556640625 corr 0.7848525643348694
  it  1151 th 6.30e-07 thd 5.65e-07 mom 1.10e-05 div 4.33e-08 argmax [27, 154, 1] zagl 1723.97314453125 corr 0.553861141204834
  it  1201 th 9.34e-07 thd 8.40e-07 mom 1.23e-05 div 4.92e-08 argmax [25, 126, 1] zagl 1958.79248046875 corr 0.5549126863479614
  it  1251 th 7.99e-07 thd 6.70e-07 mom 1.19e-05 div 4.28e-08 argmax [27, 82, 1] zagl 2099.12255859375 corr 0.6830775737762451
  it  1301 th 5.52e-07 thd 4.95e-07 mom 1.04e-05 div 4.80e-08 argmax [23, 140, 1] zagl 1582.95556640625 corr 0.7869928479194641
  it  1351 th 6.23e-07 thd 5.58e-07 mom 1.10e-05 div 4.31e-08 argmax [27, 154, 1] zagl 1723.97314453125 corr 0.5675758719444275
  it  1401 th 9.18e-07 thd 8.30e-07 mom 1.22e-05 div 5.00e-08 argmax [25, 126, 1] zagl 1958.79248046875 corr 0.5406368374824524
  it  1451 th 8.38e-07 thd 7.11e-07 mom 1.20e-05 div 4.31e-08 argmax [27, 130, 1] zagl 2107.29052734375 corr 0.6799963116645813
  it  1501 th 5.49e-07 thd 4.92e-07 mom 1.04e-05 div 4.82e-08 argmax [23, 142, 1] zagl 1523.49853515625 corr 0.7815338373184204
  it  1551 th 6.48e-07 thd 5.86e-07 mom 1.12e-05 div 4.42e-08 argmax [25, 152, 1] zagl 1654.75341796875 corr 0.5714904069900513
  it  1601 th 9.13e-07 thd 8.27e-07 mom 1.22e-05 div 5.01e-08 argmax [25, 126, 1] zagl 1958.79248046875 corr 0.5255033373832703
  it  1651 th 8.59e-07 thd 7.34e-07 mom 1.21e-05 div 4.26e-08 argmax [27, 130, 1] zagl 2107.29052734375 corr 0.6714783310890198
  it  1701 th 5.44e-07 thd 4.86e-07 mom 1.04e-05 div 4.81e-08 argmax [23, 142, 1] zagl 1523.49853515625 corr 0.7778557538986206
  it  1751 th 6.35e-07 thd 5.73e-07 mom 1.12e-05 div 4.38e-08 argmax [21, 126, 1] zagl 1538.79248046875 corr 0.5900254845619202
  it  1801 th 8.95e-07 thd 8.10e-07 mom 1.20e-05 div 5.05e-08 argmax [25, 126, 1] zagl 1958.79248046875 corr 0.5128699541091919
  it  1851 th 8.70e-07 thd 7.46e-07 mom 1.21e-05 div 4.20e-08 argmax [27, 130, 1] zagl 2107.29052734375 corr 0.6740413904190063
  it  1901 th 5.43e-07 thd 4.82e-07 mom 1.04e-05 div 4.82e-08 argmax [23, 140, 1] zagl 1582.95556640625 corr 0.7791054248809814
  it  1951 th 6.32e-07 thd 5.71e-07 mom 1.12e-05 div 4.38e-08 argmax [21, 126, 1] zagl 1538.79248046875 corr 0.5970953702926636
  it  2001 th 8.81e-07 thd 7.98e-07 mom 1.19e-05 div 5.08e-08 argmax [25, 124, 1] zagl 1935.921875 corr 0.5048068165779114
  it  2051 th 9.03e-07 thd 7.85e-07 mom 1.23e-05 div 4.13e-08 argmax [27, 130, 1] zagl 2107.29052734375 corr 0.6633186936378479
  it  2101 th 5.48e-07 thd 4.88e-07 mom 1.05e-05 div 4.83e-08 argmax [23, 142, 1] zagl 1523.49853515625 corr 0.7945199608802795
  it  2151 th 6.18e-07 thd 5.57e-07 mom 1.11e-05 div 4.32e-08 argmax [25, 154, 1] zagl 1513.97314453125 corr 0.5965487360954285
  it  2201 th 8.73e-07 thd 7.90e-07 mom 1.19e-05 div 5.10e-08 argmax [25, 124, 1] zagl 1935.921875 corr 0.5029245615005493
  it  2251 th 9.11e-07 thd 7.96e-07 mom 1.24e-05 div 4.15e-08 argmax [27, 130, 1] zagl 2107.29052734375 corr 0.6649445295333862
  it  2301 th 5.45e-07 thd 4.84e-07 mom 1.04e-05 div 4.84e-08 argmax [23, 142, 1] zagl 1523.49853515625 corr 0.8056252598762512
  it  2351 th 6.06e-07 thd 5.46e-07 mom 1.10e-05 div 4.26e-08 argmax [25, 154, 1] zagl 1513.97314453125 corr 0.6284590363502502
  it  2401 th 8.61e-07 thd 7.79e-07 mom 1.18e-05 div 5.14e-08 argmax [25, 124, 1] zagl 1935.921875 corr 0.5018424391746521
  it  2451 th 9.28e-07 thd 8.13e-07 mom 1.27e-05 div 4.29e-08 argmax [27, 130, 1] zagl 2107.29052734375 corr 0.6568809151649475
  it  2501 th 5.50e-07 thd 4.89e-07 mom 1.04e-05 div 4.85e-08 argmax [23, 142, 1] zagl 1523.49853515625 corr 0.8006520867347717
  it  2551 th 6.05e-07 thd 5.47e-07 mom 1.10e-05 div 4.25e-08 argmax [25, 154, 1] zagl 1513.97314453125 corr 0.6402170658111572
  it  2601 th 8.42e-07 thd 7.61e-07 mom 1.18e-05 div 5.15e-08 argmax [25, 124, 1] zagl 1935.921875 corr 0.49434202909469604
  it  2651 th 9.43e-07 thd 8.24e-07 mom 1.27e-05 div 4.22e-08 argmax [27, 130, 1] zagl 2107.29052734375 corr 0.650862991809845
  it  2701 th 5.39e-07 thd 4.76e-07 mom 1.03e-05 div 4.83e-08 argmax [23, 128, 1] zagl 1742.5595703125 corr 0.7917526960372925
  it  2751 th 5.64e-07 thd 5.04e-07 mom 1.06e-05 div 4.19e-08 argmax [21, 124, 1] zagl 1515.921875 corr 0.6846237182617188
  it  2801 th 8.33e-07 thd 7.52e-07 mom 1.17e-05 div 5.18e-08 argmax [25, 124, 1] zagl 1935.921875 corr 0.49460750818252563
  it  2851 th 9.56e-07 thd 8.33e-07 mom 1.28e-05 div 4.23e-08 argmax [27, 130, 1] zagl 2107.29052734375 corr 0.6415098309516907
  it  2901 th 5.46e-07 thd 4.80e-07 mom 1.04e-05 div 4.83e-08 argmax [23, 128, 1] zagl 1742.5595703125 corr 0.7904872298240662
  it  2951 th 5.59e-07 thd 5.00e-07 mom 1.07e-05 div 4.15e-08 argmax [21, 124, 1] zagl 1515.921875 corr 0.6999906897544861
  it  3001 th 8.44e-07 thd 7.67e-07 mom 1.18e-05 div 5.20e-08 argmax [25, 124, 1] zagl 1935.921875 corr 0.47542715072631836
{"variant": "base32", "dx": 200.0, "dtype": "float32", "params": {"tau_cool": 7200.0, "z0": 0.1, "alpha": 0.14, "max_profile": 1.8, "f_cor": 0.000113, "k_fa": 1.0, "k_smooth_m": 1500.0, "zi_min": 300.0, "pr_t": 0.85, "heat_mode": "cbl", "dtau_u": null, "dtau_per_m": 0.3, "dtau_th": 1200.0, "couple": 1.0, "mom_sweeps": 2, "heat_sweeps": 4, "vcycles": 1, "sponge_top_m": 1000.0, "sponge_side_m": 2000.0, "sponge_rate": 0.0033333333333333335, "sponge_axes": "xy", "heat_taper_m": 2000.0, "adv2": false, "limiter": 0, "closure": "hb", "local_k": true, "lam": 40.0, "lam_frac": 0.25, "k_relax": 0.5, "cs_h": 0.25, "nest_sponge_cells": 4.0, "nest_sponge_top_m": 1000.0, "nu_const": 30.0}, "status": "max", "iters": 3001, "wall": 123.06845602899557, "closure": {"kind": "hb", "ustar": 0.2605766891419511, "h_mech": 691.7965198458879, "wstar_max": 2.567237667410942, "h_max": 2560.1345621536116, "K_max": 254.02744973296308, "K_p50": 1.0}, "th_range": [-0.415766179561615, 1.569422960281372], "thd_range": [0.0, 0.5278978943824768], "budget": {"q_in": 279564230.09540343, "bg": 134710339.86028445, "cool": 103512367.08254585, "sponge": 51128351.510507844, "outflow": 259559957.01749116, "residual": 73894.34514299035, "rel": 8.919318415179231e-05}, "air_py": "/home/greg/deltaplan-wf-a1rev/tools/research/air3d/air.py"}
last: {"it": 3001, "th_rms": 8.444753802905325e-07, "thd_rms": 7.673724553569627e-07, "th_max": 9.128333476837724e-05, "thd_max": 8.505734149366617e-05, "mom_rms": 1.1838337909192451e-05, "div_rms": 5.202310404683885e-08, "th_only_rms": 8.444753802905325e-07, "thd_only_rms": 7.673724553569627e-07, "argmax": [25, 124, 1], "z_argmax": 1935.921875, "rms_Q": 8.363314805137634e-07, "rms_sponge": 3.3592806314430845e-09, "rms_rest": 1.1694885415636236e-07, "prof_kmax": 25, "prof_top3": [2.2151262874786807e-06, 2.3231542889687624e-06, 2.4036010499407517e-06], "corr_prev": 0.47542715072631836}
