==== prt
0.0 1.0 {'iters': {'d400': 161, 'w100': 71, 'w50': 151}, 'status': {'d400': 'ok', 'w100': 'ok', 'w50': 'ok'}, 'd400': {'start_w200_max': 0.25334942563391194, 'w200_p99': 0.38119573164449866, 'start_th50': 0.5590558697000824}, 'w50': {'start_w200_max': 0.4415867316536606, 'start_speed50': 0.5360954758575338, 'start_w50': 0.054595006613154105, 'start_th50': 0.5826821096829875, 'th_max': 0.6478152871131897}, 'k_theta_max_d400': 907.0809936523438, 't': 10.9}
0.0 0.85 {'iters': {'d400': 161, 'w100': 71, 'w50': 161}, 'status': {'d400': 'ok', 'w100': 'ok', 'w50': 'ok'}, 'd400': {'start_w200_max': 0.235945688212745, 'w200_p99': 0.3892057009765651, 'start_th50': 0.5424563002696762}, 'w50': {'start_w200_max': 0.4069875135086477, 'start_speed50': 0.4805921154488847, 'start_w50': 0.04909007913850362, 'start_th50': 0.5691662530593762, 'th_max': 0.6245402097702026}, 'k_theta_max_d400': 1004.447998046875, 't': 9.8}
0.0 0.74 {'iters': {'d400': 161, 'w100': 71, 'w50': 171}, 'status': {'d400': 'ok', 'w100': 'ok', 'w50': 'ok'}, 'd400': {'start_w200_max': 0.2194948187498431, 'w200_p99': 0.3929994288778309, 'start_th50': 0.5277310267703876}, 'w50': {'start_w200_max': 0.3736258708871901, 'start_speed50': 0.42842971169272737, 'start_w50': 0.04535319500264081, 'start_th50': 0.5563664767179766, 'th_max': 0.6017493009567261}, 'k_theta_max_d400': 1096.1527099609375, 't': 9.9}
3.0 1.0 {'iters': {'d400': 131, 'w100': 41, 'w50': 71}, 'status': {'d400': 'ok', 'w100': 'ok', 'w50': 'ok'}, 'd400': {'start_w200_max': 1.2024672460639738, 'w200_p99': 1.2319210772201008, 'start_th50': 0.29888432437916934}, 'w50': {'start_w200_max': 1.3360436607152224, 'start_speed50': 5.09572667564561, 'start_w50': 0.7173459136736466, 'start_th50': 0.3191673356890161, 'th_max': 0.38011470437049866}, 'k_theta_max_d400': 1000.8818359375, 't': 6.5}
3.0 0.85 {'iters': {'d400': 131, 'w100': 41, 'w50': 61}, 'status': {'d400': 'ok', 'w100': 'ok', 'w50': 'ok'}, 'd400': {'start_w200_max': 1.200500495102495, 'w200_p99': 1.2319187096970565, 'start_th50': 0.2951992000818315}, 'w50': {'start_w200_max': 1.3332431151717903, 'start_speed50': 5.088708110740079, 'start_w50': 0.7161346710010833, 'start_th50': 0.31448033192431435, 'th_max': 0.37793251872062683}, 'k_theta_max_d400': 1124.3624267578125, 't': 6.5}
3.0 0.74 {'iters': {'d400': 131, 'w100': 41, 'w50': 61}, 'status': {'d400': 'ok', 'w100': 'ok', 'w50': 'ok'}, 'd400': {'start_w200_max': 1.1986498909119594, 'w200_p99': 1.231916704336736, 'start_th50': 0.29191340655815157}, 'w50': {'start_w200_max': 1.3307854015007616, 'start_speed50': 5.082222310295057, 'start_w50': 0.7149261212614704, 'start_th50': 0.3103462082886346, 'th_max': 0.3757932484149933}, 'k_theta_max_d400': 1241.4609375, 't': 6.4}
{
 "U0_prt1.0": {
  "iters": {
   "d400": 161,
   "w100": 71,
   "w50": 151
  },
  "status": {
   "d400": "ok",
   "w100": "ok",
   "w50": "ok"
  },
  "d400": {
   "start_w200_max": 0.25334942563391194,
   "w200_p99": 0.38119573164449866,
   "start_th50": 0.5590558697000824
  },
  "w50": {
   "start_w200_max": 0.4415867316536606,
   "start_speed50": 0.5360954758575338,
   "start_w50": 0.054595006613154105,
   "start_th50": 0.5826821096829875,
   "th_max": 0.6478152871131897
  },
  "k_theta_max_d400": 907.0809936523438,
  "t": 10.9
 },
 "U0_prt0.85": {
  "iters": {
   "d400": 161,
   "w100": 71,
   "w50": 161
  },
  "status": {
   "d400": "ok",
   "w100": "ok",
   "w50": "ok"
  },
  "d400": {
   "start_w200_max": 0.235945688212745,
   "w200_p99": 0.3892057009765651,
   "start_th50": 0.5424563002696762
  },
  "w50": {
   "start_w200_max": 0.4069875135086477,
   "start_speed50": 0.4805921154488847,
   "start_w50": 0.04909007913850362,
   "start_th50": 0.5691662530593762,
   "th_max": 0.6245402097702026
  },
  "k_theta_max_d400": 1004.447998046875,
  "t": 9.8
 },
 "U0_prt0.74": {
  "iters": {
   "d400": 161,
   "w100": 71,
   "w50": 171
  },
  "status": {
   "d400": "ok",
   "w100": "ok",
   "w50": "ok"
  },
  "d400": {
   "start_w200_max": 0.2194948187498431,
   "w200_p99": 0.3929994288778309,
   "start_th50": 0.5277310267703876
  },
  "w50": {
   "start_w200_max": 0.3736258708871901,
   "start_speed50": 0.42842971169272737,
   "start_w50": 0.04535319500264081,
   "start_th50": 0.5563664767179766,
   "th_max": 0.6017493009567261
  },
  "k_theta_max_d400": 1096.1527099609375,
  "t": 9.9
 },
 "U3_prt1.0": {
  "iters": {
   "d400": 131,
   "w100": 41,
   "w50": 71
  },
  "status": {
   "d400": "ok",
   "w100": "ok",
   "w50": "ok"
  },
  "d400": {
   "start_w200_max": 1.2024672460639738,
   "w200_p99": 1.2319210772201008,
   "start_th50": 0.29888432437916934
  },
  "w50": {
   "start_w200_max": 1.3360436607152224,
   "start_speed50": 5.09572667564561,
   "start_w50": 0.7173459136736466,
   "start_th50": 0.3191673356890161,
   "th_max": 0.38011470437049866
  },
  "k_theta_max_d400": 1000.8818359375,
  "t": 6.5
 },
 "U3_prt0.85": {
  "iters": {
   "d400": 131,
   "w100": 41,
   "w50": 61
  },
  "status": {
   "d400": "ok",
   "w100": "ok",
   "w50": "ok"
  },
  "d400": {
   "start_w200_max": 1.200500495102495,
   "w200_p99": 1.2319187096970565,
   "start_th50": 0.2951992000818315
  },
  "w50": {
   "start_w200_max": 1.3332431151717903,
   "start_speed50": 5.088708110740079,
   "start_w50": 0.7161346710010833,
   "start_th50": 0.31448033192431435,
   "th_max": 0.37793251872062683
  },
  "k_theta_max_d400": 1124.3624267578125,
  "t": 6.5
 },
 "U3_prt0.74": {
  "iters": {
   "d400": 131,
   "w100": 41,
   "w50": 61
  },
  "status": {
   "d400": "ok",
   "w100": "ok",
   "w50": "ok"
  },
  "d400": {
   "start_w200_max": 1.1986498909119594,
   "w200_p99": 1.231916704336736,
   "start_th50": 0.29191340655815157
  },
  "w50": {
   "start_w200_max": 1.3307854015007616,
   "start_speed50": 5.082222310295057,
   "start_w50": 0.7149261212614704,
   "start_th50": 0.3103462082886346,
   "th_max": 0.3757932484149933
  },
  "k_theta_max_d400": 1241.4609375,
  "t": 6.4
 }
}
==== saddle
split 1800.0 {'info': {'status': 'ok', 'iters': 181, 't_solve': 5.27, 'th_rms': 4.055130204960733e-07, 'thd_rms': 0.0, 'mom_rms': 1.8285459719711804e-05}, 'ratio20': 2.0562702751791946, 'ratio50': 1.870825046955159, 'lee50': 1.3004724727151926, 'th_min': -1.3959137201309204, 'th_max': 0.6993445754051208}
split 7200.0 {'info': {'status': 'ok', 'iters': 181, 't_solve': 5.11, 'th_rms': 4.055130204960733e-07, 'thd_rms': 0.0, 'mom_rms': 1.8285459719711804e-05}, 'ratio20': 2.0562702751791946, 'ratio50': 1.870825046955159, 'lee50': 1.3004724727151926, 'th_min': -1.3959137201309204, 'th_max': 0.6993445754051208}
split 21600.0 {'info': {'status': 'ok', 'iters': 181, 't_solve': 5.09, 'th_rms': 4.055130204960733e-07, 'thd_rms': 0.0, 'mom_rms': 1.8285459719711804e-05}, 'ratio20': 2.0562702751791946, 'ratio50': 1.870825046955159, 'lee50': 1.3004724727151926, 'th_min': -1.3959137201309204, 'th_max': 0.6993445754051208}
{
 "x": [
  -6350.0,
  -6250.0,
  -6150.0,
  -6050.0,
  -5950.0,
  -5850.0,
  -5750.0,
  -5650.0,
  -5550.0,
  -5450.0,
  -5350.0,
  -5250.0,
  -5150.0,
  -5050.0,
  -4950.0,
  -4850.0,
  -4750.0,
  -4650.0,
  -4550.0,
  -4450.0,
  -4350.0,
  -4250.0,
  -4150.0,
  -4050.0,
  -3950.0,
  -3850.0,
  -3750.0,
  -3650.0,
  -3550.0,
  -3450.0,
  -3350.0,
  -3250.0,
  -3150.0,
  -3050.0,
  -2950.0,
  -2850.0,
  -2750.0,
  -2650.0,
  -2550.0,
  -2450.0,
  -2350.0,
  -2250.0,
  -2150.0,
  -2050.0,
  -1950.0,
  -1850.0,
  -1750.0,
  -1650.0,
  -1550.0,
  -1450.0,
  -1350.0,
  -1250.0,
  -1150.0,
  -1050.0,
  -950.0,
  -850.0,
  -750.0,
  -650.0,
  -550.0,
  -450.0,
  -350.0,
  -250.0,
  -150.0,
  -50.0,
  50.0,
  150.0,
  250.0,
  350.0,
  450.0,
  550.0,
  650.0,
  750.0,
  850.0,
  950.0,
  1050.0,
  1150.0,
  1250.0,
  1350.0,
  1450.0,
  1550.0,
  1650.0,
  1750.0,
  1850.0,
  1950.0,
  2050.0,
  2150.0,
  2250.0,
  2350.0,
  2450.0,
  2550.0,
  2650.0,
  2750.0,
  2850.0,
  2950.0,
  3050.0,
  3150.0,
  3250.0,
  3350.0,
  3450.0,
  3550.0,
  3650.0,
  3750.0,
  3850.0,
  3950.0,
  4050.0,
  4150.0,
  4250.0,
  4350.0,
  4450.0,
  4550.0,
  4650.0,
  4750.0,
  4850.0,
  4950.0,
  5050.0,
  5150.0,
  5250.0,
  5350.0,
  5450.0,
  5550.0,
  5650.0,
  5750.0,
  5850.0,
  5950.0,
  6050.0,
  6150.0,
  6250.0,
  6350.0
 ],
 "h_axis": [
  2.229469318664735,
  2.300726375967483,
  2.3754438697460376,
  2.453848780698764,
  2.536186943210852,
  2.6227249492251308,
  2.713752279350081,
  2.8095836926067714,
  2.910561911161752,
  3.017060642214655,
  3.1294879860805005,
  3.248290287638216,
  3.3739564979662635,
  3.507023124468945,
  3.648079861501381,
  3.7977760099059177,
  3.956827813570862,
  4.12602686485059,
  4.306249759362758,
  4.498469215453345,
  4.7037669159381865,
  4.9233483814128425,
  5.158560247779217,
  5.410910398602719,
  5.682091499237469,
  5.974008599148894,
  6.288811617720789,
  6.6289337150797065,
  6.997136783535435,
  7.396565590750506,
  7.830812480602469,
  8.303995015479796,
  8.820849555709028,
  9.386844559542364,
  10.008318406243097,
  10.69264786991784,
  11.448455103386316,
  12.285863265367839,
  13.216813924455822,
  14.255463348774555,
  15.418680077616333,
  16.726673223896373,
  18.203790377637347,
  19.879536560345883,
  21.789882415994736,
  23.978951898632673,
  26.501208343777385,
  29.424293773423546,
  32.832718753512424,
  36.8326438808439,
  41.55802316452604,
  47.17835399561928,
  53.90810434269128,
  62.017357645523475,
  71.84188954976483,
  83.78788504071878,
  98.3202011453421,
  115.91103585505189,
  136.90624234955183,
  161.24512987836104,
  187.9800736923898,
  214.67546877296587,
  237.12519099758975,
  250.2079601560775,
  250.2079601560775,
  237.12519099758975,
  214.67546877296587,
  187.9800736923898,
  161.24512987836104,
  136.90624234955183,
  115.91103585505189,
  98.3202011453421,
  83.78788504071878,
  71.84188954976483,
  62.017357645523475,
  53.90810434269128,
  47.17835399561928,
  41.55802316452604,
  36.8326438808439,
  32.832718753512424,
  29.424293773423546,
  26.501208343777385,
  23.978951898632673,
  21.789882415994736,
  19.879536560345883,
  18.203790377637347,
  16.726673223896373,
  15.418680077616333,
  14.255463348774555,
  13.216813924455822,
  12.285863265367839,
  11.448455103386316,
  10.69264786991784,
  10.008318406243097,
  9.386844559542364,
  8.820849555709028,
  8.303995015479796,
  7.830812480602469,
  7.396565590750506,
  6.997136783535435,
  6.6289337150797065,
  6.288811617720789,
  5.974008599148894,
  5.682091499237469,
  5.410910398602719,
  5.158560247779217,
  4.9233483814128425,
  4.7037669159381865,
  4.498469215453345,
  4.306249759362758,
  4.12602686485059,
  3.956827813570862,
  3.7977760099059177,
  3.648079861501381,
  3.507023124468945,
  3.3739564979662635,
  3.248290287638216,
  3.1294879860805005,
  3.017060642214655,
  2.910561911161752,
  2.8095836926067714,
  2.713752279350081,
  2.6227249492251308,
  2.536186943210852,
  2.453848780698764,
  2.3754438697460376,
  2.300726375967483,
  2.229469318664735
 ],
 "runs": {
  "split_tau1800": {
   "info": {
    "status": "ok",
    "iters": 181,
    "t_solve": 5.27,
    "th_rms": 4.055130204960733e-07,
    "thd_rms": 0.0,
    "mom_rms": 1.8285459719711804e-05
   },
   "ratio20": 2.0562702751791946,
   "ratio50": 1.870825046955159,
   "lee50": 1.3004724727151926,
   "th_min": -1.3959137201309204,
   "th_max": 0.6993445754051208,
   "s20_axis": [
    5.6062669772651645,
    5.594351297884775,
    5.575836194003285,
    5.551142712689932,
    5.520548850119392,
    5.48426918313729,
    5.442474419751437,
    5.3953018894407,
    5.342866033490585,
    5.285264127042811,
    5.222583908717414,
    5.154914547471031,
    5.082350457565702,
    5.004999404563874,
    4.922988227506743,
    4.836469991432551,
    4.745623986903866,
    4.6506628828447205,
    4.551827481299591,
    4.449389100913754,
    4.34364767046933,
    4.234918853014904,
    4.126355777772098,
    4.017029200659568,
    3.905884185230622,
    3.7932543352216808,
    3.679479984736874,
    3.564911467607334,
    3.449908336492295,
    3.334844125577479,
    3.2201051159943557,
    3.106093943397772,
    2.9932242324808644,
    2.8819108192265617,
    2.7725465866214387,
    2.665465447641026,
    2.5608781661975177,
    2.4587860745768806,
    2.358879105137589,
    2.260428968347001,
    2.1621144021961562,
    2.061484107642891,
    1.9531930359412635,
    1.822653873036195,
    1.6308606681460012,
    1.2021812310152096,
    2.163681313468272,
    1.976589033064512,
    1.885029576341069,
    1.8255129636446876,
    1.7775450996332347,
    1.7258622595001996,
    1.6483052685111288,
    1.587281338298709,
    1.227354480214659,
    2.331653770576602,
    1.9894358441539506,
    1.3216906367176553,
    2.789070691288281,
    1.533784272980606,
    3.960472272446453,
    2.545906799679499,
    6.044624044574619,
    5.9259875532929,
    6.07933589512695,
    6.463017371331791,
    2.127528120423165,
    2.881573954155082,
    1.1104966457096117,
    2.1005484914046195,
    1.0963005082620985,
    1.5832094358448798,
    2.5794010705152526,
    1.5305728642897725,
    1.921699350473781,
    2.3075250601002386,
    2.9303936166611004,
    3.494030030547037,
    4.015518363481288,
    4.516762623704587,
    5.037347219892813,
    5.704272858939578,
    2.9239601245028597,
    3.742661749834042,
    4.29147853554751,
    4.737259205374661,
    5.112245038129463,
    5.433023239943175,
    5.709441175814936,
    5.948794231641207,
    6.156567242542717,
    6.336634797862872,
    6.491801265729415,
    6.62422855596934,
    6.7356355889513635,
    6.827451888412143,
    6.900934860166984,
    6.957237906477354,
    6.99745581147186,
    7.022646194529317,
    7.033841028107484,
    7.032057055143383,
    7.018290644409632,
    6.993518608455275,
    6.958696961076955,
    6.914754233725163,
    6.864944295419714,
    6.812192411735005,
    6.75256598468918,
    6.686989310743569,
    6.616385778939411,
    6.5416640594828515,
    6.463823017525461,
    6.383837066679587,
    6.302520075751389,
    6.220555791355421,
    6.138494522449568,
    6.056811793116635,
    5.975904083912249,
    5.8960726873975124,
    5.817512830246957,
    5.740339627198312,
    5.664827773211316,
    5.591663846647507,
    5.5225885714383445,
    5.463255357274881,
    5.434542794829949,
    5.521496289045929
   ],
   "budget": {
    "q_in": 0.0,
    "bg": 0.05568400024413833,
    "cool": 0.0,
    "sponge": -1166527.5949707024,
    "outflow": 1149632.896470901,
    "residual": 16894.75418380159,
    "rel": 0.007294293223657693
   },
   "thd_absmax": 0.0
  },
  "split_tau7200": {
   "info": {
    "status": "ok",
    "iters": 181,
    "t_solve": 5.11,
    "th_rms": 4.055130204960733e-07,
    "thd_rms": 0.0,
    "mom_rms": 1.8285459719711804e-05
   },
   "ratio20": 2.0562702751791946,
   "ratio50": 1.870825046955159,
   "lee50": 1.3004724727151926,
   "th_min": -1.3959137201309204,
   "th_max": 0.6993445754051208,
   "s20_axis": [
    5.6062669772651645,
    5.594351297884775,
    5.575836194003285,
    5.551142712689932,
    5.520548850119392,
    5.48426918313729,
    5.442474419751437,
    5.3953018894407,
    5.342866033490585,
    5.285264127042811,
    5.222583908717414,
    5.154914547471031,
    5.082350457565702,
    5.004999404563874,
    4.922988227506743,
    4.836469991432551,
    4.745623986903866,
    4.6506628828447205,
    4.551827481299591,
    4.449389100913754,
    4.34364767046933,
    4.234918853014904,
    4.126355777772098,
    4.017029200659568,
    3.905884185230622,
    3.7932543352216808,
    3.679479984736874,
    3.564911467607334,
    3.449908336492295,
    3.334844125577479,
    3.2201051159943557,
    3.106093943397772,
    2.9932242324808644,
    2.8819108192265617,
    2.7725465866214387,
    2.665465447641026,
    2.5608781661975177,
    2.4587860745768806,
    2.358879105137589,
    2.260428968347001,
    2.1621144021961562,
    2.061484107642891,
    1.9531930359412635,
    1.822653873036195,
    1.6308606681460012,
    1.2021812310152096,
    2.163681313468272,
    1.976589033064512,
    1.885029576341069,
    1.8255129636446876,
    1.7775450996332347,
    1.7258622595001996,
    1.6483052685111288,
    1.587281338298709,
    1.227354480214659,
    2.331653770576602,
    1.9894358441539506,
    1.3216906367176553,
    2.789070691288281,
    1.533784272980606,
    3.960472272446453,
    2.545906799679499,
    6.044624044574619,
    5.9259875532929,
    6.07933589512695,
    6.463017371331791,
    2.127528120423165,
    2.881573954155082,
    1.1104966457096117,
    2.1005484914046195,
    1.0963005082620985,
    1.5832094358448798,
    2.5794010705152526,
    1.5305728642897725,
    1.921699350473781,
    2.3075250601002386,
    2.9303936166611004,
    3.494030030547037,
    4.015518363481288,
    4.516762623704587,
    5.037347219892813,
    5.704272858939578,
    2.9239601245028597,
    3.742661749834042,
    4.29147853554751,
    4.737259205374661,
    5.112245038129463,
    5.433023239943175,
    5.709441175814936,
    5.948794231641207,
    6.156567242542717,
    6.336634797862872,
    6.491801265729415,
    6.62422855596934,
    6.7356355889513635,
    6.827451888412143,
    6.900934860166984,
    6.957237906477354,
    6.99745581147186,
    7.022646194529317,
    7.033841028107484,
    7.032057055143383,
    7.018290644409632,
    6.993518608455275,
    6.958696961076955,
    6.914754233725163,
    6.864944295419714,
    6.812192411735005,
    6.75256598468918,
    6.686989310743569,
    6.616385778939411,
    6.5416640594828515,
    6.463823017525461,
    6.383837066679587,
    6.302520075751389,
    6.220555791355421,
    6.138494522449568,
    6.056811793116635,
    5.975904083912249,
    5.8960726873975124,
    5.817512830246957,
    5.740339627198312,
    5.664827773211316,
    5.591663846647507,
    5.5225885714383445,
    5.463255357274881,
    5.434542794829949,
    5.521496289045929
   ],
   "budget": {
    "q_in": 0.0,
    "bg": 0.05568400024413833,
    "cool": 0.0,
    "sponge": -1166527.5949707024,
    "outflow": 1149632.896470901,
    "residual": 16894.75418380159,
    "rel": 0.007294293223657693
   },
   "thd_absmax": 0.0
  },
  "split_tau21600": {
   "info": {
    "status": "ok",
    "iters": 181,
    "t_solve": 5.09,
    "th_rms": 4.055130204960733e-07,
    "thd_rms": 0.0,
    "mom_rms": 1.8285459719711804e-05
   },
   "ratio20": 2.0562702751791946,
   "ratio50": 1.870825046955159,
   "lee50": 1.3004724727151926,
   "th_min": -1.3959137201309204,
   "th_max": 0.6993445754051208,
   "s20_axis": [
    5.6062669772651645,
    5.594351297884775,
    5.575836194003285,
    5.551142712689932,
    5.520548850119392,
    5.48426918313729,
    5.442474419751437,
    5.3953018894407,
    5.342866033490585,
    5.285264127042811,
    5.222583908717414,
    5.154914547471031,
    5.082350457565702,
    5.004999404563874,
    4.922988227506743,
    4.836469991432551,
    4.745623986903866,
    4.6506628828447205,
    4.551827481299591,
    4.449389100913754,
    4.34364767046933,
    4.234918853014904,
    4.126355777772098,
    4.017029200659568,
    3.905884185230622,
    3.7932543352216808,
    3.679479984736874,
    3.564911467607334,
    3.449908336492295,
    3.334844125577479,
    3.2201051159943557,
    3.106093943397772,
    2.9932242324808644,
    2.8819108192265617,
    2.7725465866214387,
    2.665465447641026,
    2.5608781661975177,
    2.4587860745768806,
    2.358879105137589,
    2.260428968347001,
    2.1621144021961562,
    2.061484107642891,
    1.9531930359412635,
    1.822653873036195,
    1.6308606681460012,
    1.2021812310152096,
    2.163681313468272,
    1.976589033064512,
    1.885029576341069,
    1.8255129636446876,
    1.7775450996332347,
    1.7258622595001996,
    1.6483052685111288,
    1.587281338298709,
    1.227354480214659,
    2.331653770576602,
    1.9894358441539506,
    1.3216906367176553,
    2.789070691288281,
    1.533784272980606,
    3.960472272446453,
    2.545906799679499,
    6.044624044574619,
    5.9259875532929,
    6.07933589512695,
    6.463017371331791,
    2.127528120423165,
    2.881573954155082,
    1.1104966457096117,
    2.1005484914046195,
    1.0963005082620985,
    1.5832094358448798,
    2.5794010705152526,
    1.5305728642897725,
    1.921699350473781,
    2.3075250601002386,
    2.9303936166611004,
    3.494030030547037,
    4.015518363481288,
    4.516762623704587,
    5.037347219892813,
    5.704272858939578,
    2.9239601245028597,
    3.742661749834042,
    4.29147853554751,
    4.737259205374661,
    5.112245038129463,
    5.433023239943175,
    5.709441175814936,
    5.948794231641207,
    6.156567242542717,
    6.336634797862872,
    6.491801265729415,
    6.62422855596934,
    6.7356355889513635,
    6.827451888412143,
    6.900934860166984,
    6.957237906477354,
    6.99745581147186,
    7.022646194529317,
    7.033841028107484,
    7.032057055143383,
    7.018290644409632,
    6.993518608455275,
    6.958696961076955,
    6.914754233725163,
    6.864944295419714,
    6.812192411735005,
    6.75256598468918,
    6.686989310743569,
    6.616385778939411,
    6.5416640594828515,
    6.463823017525461,
    6.383837066679587,
    6.302520075751389,
    6.220555791355421,
    6.138494522449568,
    6.056811793116635,
    5.975904083912249,
    5.8960726873975124,
    5.817512830246957,
    5.740339627198312,
    5.664827773211316,
    5.591663846647507,
    5.5225885714383445,
    5.463255357274881,
    5.434542794829949,
    5.521496289045929
   ],
   "budget": {
    "q_in": 0.0,
    "bg": 0.05568400024413833,
    "cool": 0.0,
    "sponge": -1166527.5949707024,
    "outflow": 1149632.896470901,
    "residual": 16894.75418380159,
    "rel": 0.007294293223657693
   },
   "thd_absmax": 0.0
  }
 },
 "split_delta_ratio20": 0.0,
 "split_delta_ratio50": 0.0
}
==== const
{
 "now_const_cbl": {
  "status": "ok?",
  "info": {
   "status": "ok",
   "iters": 51,
   "t_solve": 0.23,
   "th_rms": 5.373179234879899e-08,
   "thd_rms": 5.2954145957073706e-08,
   "mom_rms": 1.17639216122188e-05
  }
 },
 "now_const_surface": {
  "info": {
   "status": "ok",
   "iters": 51,
   "t_solve": 0.24,
   "th_rms": 2.826995739724225e-07,
   "thd_rms": 2.7887242026736203e-07,
   "mom_rms": 1.953632375296661e-05
  },
  "closure": {
   "kind": "const",
   "nu": 30.0,
   "h_max": 1348.372686904947
  }
 },
 "fixed_const_cbl": {
  "info": {
   "status": "ok",
   "iters": 51,
   "t_solve": 0.24,
   "th_rms": 5.373179234879899e-08,
   "thd_rms": 5.2954145957073706e-08,
   "mom_rms": 1.17639216122188e-05
  },
  "closure": {
   "kind": "const",
   "nu": 30.0,
   "h_max": 1348.372686904947
  },
  "w_max": 0.6481895446777344,
  "th_max": 0.31256958842277527,
  "lam_max": 337.09317172623673
 },
 "hb_cbl_reference": {
  "info": {
   "status": "ok",
   "iters": 41,
   "t_solve": 0.19,
   "th_rms": 7.278832470092311e-08,
   "thd_rms": 7.141628088902507e-08,
   "mom_rms": 1.4737893909409554e-05
  },
  "closure": {
   "kind": "hb",
   "ustar": 0.0,
   "h_mech": 0.0,
   "wstar_max": 2.0189504054362,
   "h_max": 1348.372686904947,
   "K_max": 105.4086059136595,
   "K_p50": 64.69996618648588
  },
  "w_max": 0.5630184412002563,
  "th_max": 0.28080523014068604
 }
}
==== ongudai
split 0.0 {"iters": {"d400": 161, "w100": 71, "w50": 161}, "status": {"d400": "ok", "w100": "ok", "w50": "ok"}, "d400": {"start_w200_max": 0.235945688212745, "w200_p99": 0.3892057009765651, "w200_p01": -0.46762568658192155, "start_th50": 0.5424563002696762, "th_min": -0.23469015955924988, "th_max": 0.8093549013137817, "thd_range": [0.0, 0.9800888895988464], "tha_range": [-0.9586925506591797, 0.7086155414581299]}, "w50": {"start_w200_max": 0.4069875135086477, "start_speed50": 0.4805921154488847, "start_w50": 0.04909007913850362, "start_th50": 0.5691662530593762, "th_min": -0.2902925908565521, "th_max": 0.6245402097702026, "saddle_speed50": 0.509418471488315, "thd_range": [0.0, 0.858651340007782], "tha_range": [-1.0152617692947388, -0.0]}}
split 3.0 {"iters": {"d400": 131, "w100": 41, "w50": 61}, "status": {"d400": "ok", "w100": "ok", "w50": "ok"}, "d400": {"start_w200_max": 1.200500495102495, "w200_p99": 1.2319187096970565, "w200_p01": -0.8048399405948711, "start_th50": 0.2951992000818315, "th_min": -0.32573390007019043, "th_max": 1.4413179159164429, "thd_range": [0.0, 0.5144063234329224], "tha_range": [-0.37047773599624634, 1.4331047534942627]}, "w50": {"start_w200_max": 1.3332431151717903, "start_speed50": 5.088708110740079, "start_w50": 0.7161346710010833, "start_th50": 0.31448033192431435, "th_min": -0.15305116772651672, "th_max": 0.37793251872062683, "saddle_speed50": 4.85073435080502, "thd_range": [0.0, 0.35980600118637085], "tha_range": [-0.2696114778518677, 0.37752482295036316]}}
{
 "split_U0": {
  "iters": {
   "d400": 161,
   "w100": 71,
   "w50": 161
  },
  "status": {
   "d400": "ok",
   "w100": "ok",
   "w50": "ok"
  },
  "t_solve": {
   "d400": 3.094,
   "w100": 1.042,
   "w50": 3.666
  },
  "d400": {
   "start_w200_max": 0.235945688212745,
   "w200_p99": 0.3892057009765651,
   "w200_p01": -0.46762568658192155,
   "start_th50": 0.5424563002696762,
   "th_min": -0.23469015955924988,
   "th_max": 0.8093549013137817,
   "thd_range": [
    0.0,
    0.9800888895988464
   ],
   "tha_range": [
    -0.9586925506591797,
    0.7086155414581299
   ]
  },
  "w50": {
   "start_w200_max": 0.4069875135086477,
   "start_speed50": 0.4805921154488847,
   "start_w50": 0.04909007913850362,
   "start_th50": 0.5691662530593762,
   "th_min": -0.2902925908565521,
   "th_max": 0.6245402097702026,
   "saddle_speed50": 0.509418471488315,
   "thd_range": [
    0.0,
    0.858651340007782
   ],
   "tha_range": [
    -1.0152617692947388,
    -0.0
   ]
  },
  "budget_d400": {
   "q_in": 279563033.3996983,
   "bg": -15140.440925392493,
   "cool": 260017507.10597345,
   "sponge": -95131.29104644206,
   "outflow": 20614452.226836182,
   "residual": -988935.0829902962,
   "rel": -0.0017649933807698302
  },
  "budget_w50": {
   "q_in": 2298745.488778877,
   "bg": -420633.7779483236,
   "cool": 2179926.76487832,
   "sponge": -182364.14548720222,
   "outflow": -124333.72419485255,
   "residual": 4882.815634288156,
   "rel": 0.0009379200874360682
  },
  "t": 9.8
 },
 "split_U3": {
  "iters": {
   "d400": 131,
   "w100": 41,
   "w50": 61
  },
  "status": {
   "d400": "ok",
   "w100": "ok",
   "w50": "ok"
  },
  "t_solve": {
   "d400": 2.376,
   "w100": 0.612,
   "w50": 1.395
  },
  "d400": {
   "start_w200_max": 1.200500495102495,
   "w200_p99": 1.2319187096970565,
   "w200_p01": -0.8048399405948711,
   "start_th50": 0.2951992000818315,
   "th_min": -0.32573390007019043,
   "th_max": 1.4413179159164429,
   "thd_range": [
    0.0,
    0.5144063234329224
   ],
   "tha_range": [
    -0.37047773599624634,
    1.4331047534942627
   ]
  },
  "w50": {
   "start_w200_max": 1.3332431151717903,
   "start_speed50": 5.088708110740079,
   "start_w50": 0.7161346710010833,
   "start_th50": 0.31448033192431435,
   "th_min": -0.15305116772651672,
   "th_max": 0.37793251872062683,
   "saddle_speed50": 4.85073435080502,
   "thd_range": [
    0.0,
    0.35980600118637085
   ],
   "tha_range": [
    -0.2696114778518677,
    0.37752482295036316
   ]
  },
  "budget_d400": {
   "q_in": 279563033.3996983,
   "bg": 138525866.83640897,
   "cool": 103163643.79599737,
   "sponge": 54811717.58607251,
   "outflow": 259741919.3657469,
   "residual": 371619.4882905185,
   "rel": 0.00044462400104895407
  },
  "budget_w50": {
   "q_in": 2298745.488778877,
   "bg": 1363907.5062232192,
   "cool": 737267.2237042524,
   "sponge": -63364.18464145073,
   "outflow": 2989220.920918604,
   "residual": -470.964979309123,
   "rel": -6.319552403077055e-05
  },
  "t": 6.4
 }
}
