Godot Engine v4.7.2.stable.official.ed1daf0bf - https://godotengine.org
Vulkan 1.3.277 - Forward+ - Using Device #0: NVIDIA - NVIDIA GeForce RTX 4070 SUPER

ERROR: Cannot open file 'res://locale/ui.ru.translation'.
   at: load (core/io/resource_format_binary.cpp:1156)
ERROR: Failed loading resource: res://locale/ui.ru.translation.
   at: _load (core/io/resource_loader.cpp:317)
ERROR: Cannot open file 'res://locale/ui.en.translation'.
   at: load (core/io/resource_format_binary.cpp:1156)
ERROR: Failed loading resource: res://locale/ui.en.translation.
   at: _load (core/io/resource_loader.cpp:317)
  200 м (194x194x52): ядро | мс на итерацию | доля | запусков
  граничные условия | 0.019 | 0 % | 1
  местное K (kloc) | 0.115 | 1 % | 1
  шаблоны импульса ×3 | 0.844 | 6 % | 3
  прогонки импульса z (2×3 зебры) | 1.341 | 9 % | 12
  прогонки импульса x | 1.099 | 7 % | 12
  прогонки импульса y | 1.626 | 11 % | 12
  шаблон тепла θ′_d | 0.296 | 2 % | 1
  прогонки тепла θ′_d z, x, y (4×) | 2.804 | 19 % | 24
  шаблон тепла θ′ | 0.313 | 2 % | 1
  прогонки тепла θ′ z, x, y (4×) | 2.842 | 19 % | 24
  проекция: V-цикл (7 уровней) | 2.740 | 19 % | 73
  проекция: ∇·u, центрирование, поправка | 0.686 | 5 % | 9
  сумма частей 14.72 мс; итерация целиком 14.78 мс (173 запусков); проверка 2.79 мс (раз в 10 итераций)
  итерация без θ′_d (решение без нагрева) 11.26 мс (148 запусков), 76 % от полной
  200 м: ветер | нагрев | итераций (эталон f32) | стена, с | GPU, с | мс/итерацию GPU | порций | макс. порция GPU, мс | CPU в poll Σ/макс, мс
  3 м/с | с нагревом | 170 (171) | 5.92 | 2.70 | 15.86 | 309 | 18.1 | 303 / 7.4
    наибольшая порция — №306 из 309: 454 запусков, 18.1 мс; главный поток: запись 270 мс, ожидание sync 14 мс
  3 м/с | с нагревом, загрузка | 170 (171) | 4.37 | 2.69 | 15.84 | 129 | 30.3 | 2933 / 53.2
    наибольшая порция — №128 из 129: 745 запусков, 30.3 мс; главный поток: запись 277 мс, ожидание sync 2648 мс
  ok   test_air_picard_bench.gd::test_bench_ongudai
  Онгудай 400 м, 3 м/с: 12:00 холодный 130 итераций; то же тёплым 20; 12:30 холодный 120, тёплый от 12:00 50 (−58 %); max|Δu| холодный/тёплый 1.13e-01 м/с, max|Δθ′| 8.33e-02 К
  ok   test_air_picard_bench.gd::test_warm_start

2 тестов, 0 упало, 0 пропущено
exit 0
