Godot Engine v4.7.2.stable.official.ed1daf0bf - https://godotengine.org
Vulkan 1.3.277 - Forward+ - Using Device #0: NVIDIA - NVIDIA GeForce RTX 4070 SUPER

ERROR: Cannot open file 'res://locale/ui.ru.translation'.
   at: load (core/io/resource_format_binary.cpp:1156)
ERROR: Failed loading resource: res://locale/ui.ru.translation.
   at: _load (core/io/resource_loader.cpp:317)
ERROR: Cannot open file 'res://locale/ui.en.translation'.
   at: load (core/io/resource_format_binary.cpp:1156)
ERROR: Failed loading resource: res://locale/ui.en.translation.
   at: _load (core/io/resource_loader.cpp:317)
  200 м (194x194x52): ядро | мс на итерацию | доля | запусков
  граничные условия | 0.019 | 0 % | 1
  местное K (kloc) | 0.115 | 1 % | 1
  шаблоны импульса ×3 | 0.844 | 6 % | 3
  прогонки импульса z (2×3 зебры) | 1.342 | 9 % | 12
  прогонки импульса x | 1.204 | 8 % | 12
  прогонки импульса y | 1.626 | 11 % | 12
  шаблон тепла θ′_d | 0.299 | 2 % | 1
  прогонки тепла θ′_d z, x, y (4×) | 2.817 | 19 % | 24
  шаблон тепла θ′ | 0.313 | 2 % | 1
  прогонки тепла θ′ z, x, y (4×) | 3.057 | 21 % | 24
  проекция: V-цикл (7 уровней) | 2.742 | 19 % | 73
  проекция: ∇·u, центрирование, поправка | 0.269 | 2 % | 9
  сумма частей 14.65 мс; итерация целиком 14.97 мс (173 запусков); проверка 2.54 мс (раз в 10 итераций)
  итерация без θ′_d (решение без нагрева) 11.27 мс (148 запусков), 75 % от полной
  200 м: ветер | нагрев | итераций (эталон f32) | стена, с | GPU, с | мс/итерацию GPU | порций | макс. порция GPU, мс | CPU в poll Σ/макс, мс
  0 м/с | с нагревом | 250 (251) | 7.99 | 3.90 | 15.59 | 446 | 19.5 | 439 / 9.9
    наибольшая порция — №35 из 446: 268 запусков, 19.5 мс; главный поток: запись 380 мс, ожидание sync 33 мс
  3 м/с | с нагревом | 170 (171) | 5.95 | 2.68 | 15.76 | 310 | 17.1 | 310 / 6.9
    наибольшая порция — №168 из 310: 198 запусков, 17.1 мс; главный поток: запись 272 мс, ожидание sync 20 мс
  6 м/с | с нагревом | 180 (181) | 6.34 | 2.84 | 15.79 | 326 | 17.8 | 350 / 6.7
    наибольшая порция — №81 из 326: 193 запусков, 17.8 мс; главный поток: запись 302 мс, ожидание sync 29 мс
  3 м/с | пара (без + с) | 370 (191 + 171) | 10.74 | 5.20 | 14.04 | 602 | 18.0 | 656 / 8.8
    наибольшая порция — №294 из 602: 451 запусков, 18.0 мс; главный поток: запись 572 мс, ожидание sync 44 мс
  3 м/с | с нагревом, загрузка | 170 (171) | 4.47 | 2.69 | 15.80 | 129 | 30.7 | 2930 / 52.8
    наибольшая порция — №128 из 129: 745 запусков, 30.7 мс; главный поток: запись 272 мс, ожидание sync 2648 мс
  6 м/с | с нагревом, загрузка | 180 (181) | 4.78 | 2.83 | 15.73 | 136 | 27.6 | 3065 / 55.1
    наибольшая порция — №135 из 136: 745 запусков, 27.6 мс; главный поток: запись 280 мс, ожидание sync 2776 мс
  3 м/с | пара (без + с), загрузка | 370 (191 + 171) | 7.85 | 5.18 | 13.99 | 252 | 29.7 | 5625 / 56.7
    наибольшая порция — №251 из 252: 745 запусков, 29.7 мс; главный поток: запись 513 мс, ожидание sync 5093 мс
  ok   test_air_picard_bench.gd::test_bench_ongudai
  Онгудай 400 м, 3 м/с: 12:00 холодный 130 итераций; то же тёплым 20; 12:30 холодный 120, тёплый от 12:00 50 (−58 %); max|Δu| холодный/тёплый 1.13e-01 м/с, max|Δθ′| 8.33e-02 К
  ok   test_air_picard_bench.gd::test_warm_start

2 тестов, 0 упало, 0 пропущено
exit 0
