Godot Engine v4.7.2.stable.official.ed1daf0bf - https://godotengine.org
Vulkan 1.3.277 - Forward+ - Using Device #0: NVIDIA - NVIDIA GeForce RTX 4070 SUPER

ERROR: Cannot open file 'res://locale/ui.ru.translation'.
   at: load (core/io/resource_format_binary.cpp:1156)
ERROR: Failed loading resource: res://locale/ui.ru.translation.
   at: _load (core/io/resource_loader.cpp:317)
ERROR: Cannot open file 'res://locale/ui.en.translation'.
   at: load (core/io/resource_format_binary.cpp:1156)
ERROR: Failed loading resource: res://locale/ui.en.translation.
   at: _load (core/io/resource_loader.cpp:317)
  400 м (98x98x52): ядро | мс на итерацию | доля | запусков
  граничные условия | 0.007 | 0 % | 1
  местное K (kloc) | 0.017 | 0 % | 1
  шаблоны импульса ×3 | 0.136 | 3 % | 3
  прогонки импульса z (2×3 зебры) | 0.349 | 9 % | 12
  прогонки импульса x | 0.279 | 7 % | 12
  прогонки импульса y | 0.366 | 9 % | 12
  шаблон тепла θ′_d | 0.038 | 1 % | 1
  прогонки тепла θ′_d z, x, y (4×) | 0.802 | 20 % | 24
  шаблон тепла θ′ | 0.038 | 1 % | 1
  прогонки тепла θ′ z, x, y (4×) | 0.800 | 20 % | 24
  проекция: V-цикл (6 уровней) | 1.311 | 33 % | 61
  проекция: ∇·u, центрирование, поправка | -0.201 | -5 % | 9
  сумма частей 3.94 мс; итерация целиком 4.02 мс (161 запусков); проверка 0.46 мс (раз в 10 итераций)
  итерация без θ′_d (решение без нагрева) 3.18 мс (136 запусков), 79 % от полной
  400 м: ветер | нагрев | итераций (эталон f32) | стена, с | GPU, с | мс/итерацию GPU | порций | макс. порция GPU, мс | CPU в poll Σ/макс, мс
  0 м/с | с нагревом | 150 (161) | 1.67 | 0.68 | 4.52 | 92 | 13.8 | 205 / 6.8
    наибольшая порция — №61 из 92: 443 запусков, 13.8 мс; главный поток: запись 189 мс, ожидание sync 8 мс
  3 м/с | с нагревом | 130 (131) | 1.69 | 0.62 | 4.74 | 92 | 20.0 | 204 / 10.1
    наибольшая порция — №75 из 92: 689 запусков, 20.0 мс; главный поток: запись 183 мс, ожидание sync 12 мс
  6 м/с | с нагревом | 130 (131) | 1.63 | 0.61 | 4.66 | 82 | 15.4 | 181 / 8.9
    наибольшая порция — №81 из 82: 625 запусков, 15.4 мс; главный поток: запись 156 мс, ожидание sync 18 мс
  3 м/с | пара (без + с) | 280 (151 + 131) | 2.95 | 1.18 | 4.20 | 172 | 17.8 | 376 / 8.3
    наибольшая порция — №154 из 172: 681 запусков, 17.8 мс; главный поток: запись 338 мс, ожидание sync 21 мс
  3 м/с | с нагревом, загрузка | 130 (131) | 1.15 | 0.60 | 4.63 | 37 | 28.2 | 752 / 59.4
    наибольшая порция — №34 из 37: 961 запусков, 28.2 мс; главный поток: запись 166 мс, ожидание sync 582 мс
  6 м/с | с нагревом, загрузка | 130 (131) | 1.11 | 0.60 | 4.65 | 36 | 28.4 | 735 / 60.1
    наибольшая порция — №31 из 36: 964 запусков, 28.4 мс; главный поток: запись 147 мс, ожидание sync 585 мс
  3 м/с | пара (без + с), загрузка | 280 (151 + 131) | 2.01 | 1.15 | 4.12 | 71 | 25.6 | 1465 / 57.6
    наибольшая порция — №20 из 71: 923 запусков, 25.6 мс; главный поток: запись 341 мс, ожидание sync 1116 мс
  ok   test_air_picard_bench.gd::test_bench_ongudai
  Онгудай 400 м, 3 м/с: 12:00 холодный 130 итераций; то же тёплым 20; 12:30 холодный 120, тёплый от 12:00 50 (−58 %); max|Δu| холодный/тёплый 1.13e-01 м/с, max|Δθ′| 8.33e-02 К
  ok   test_air_picard_bench.gd::test_warm_start

2 тестов, 0 упало, 0 пропущено
exit 0
