Godot Engine v4.7.2.stable.official.ed1daf0bf - https://godotengine.org
Vulkan 1.3.277 - Forward+ - Using Device #0: NVIDIA - NVIDIA GeForce RTX 4070 SUPER

ERROR: Cannot open file 'res://locale/ui.ru.translation'.
   at: load (core/io/resource_format_binary.cpp:1156)
ERROR: Failed loading resource: res://locale/ui.ru.translation.
   at: _load (core/io/resource_loader.cpp:317)
ERROR: Cannot open file 'res://locale/ui.en.translation'.
   at: load (core/io/resource_format_binary.cpp:1156)
ERROR: Failed loading resource: res://locale/ui.en.translation.
   at: _load (core/io/resource_loader.cpp:317)
  400 м (98x98x52): ядро | мс на итерацию | доля | запусков
  граничные условия | 0.008 | 0 % | 1
  местное K (kloc) | 0.019 | 0 % | 1
  шаблоны импульса ×3 | 0.135 | 3 % | 3
  прогонки импульса z (2×3 зебры) | 0.380 | 8 % | 12
  прогонки импульса x | 0.301 | 7 % | 12
  прогонки импульса y | 0.395 | 9 % | 12
  шаблон тепла θ′_d | 0.043 | 1 % | 1
  прогонки тепла θ′_d z, x, y (4×) | 0.892 | 20 % | 24
  шаблон тепла θ′ | 0.043 | 1 % | 1
  прогонки тепла θ′ z, x, y (4×) | 0.891 | 20 % | 24
  проекция: V-цикл (6 уровней) | 1.191 | 26 % | 61
  проекция: ∇·u, центрирование, поправка | 0.228 | 5 % | 9
  сумма частей 4.53 мс; итерация целиком 4.02 мс (161 запусков); проверка 0.46 мс (раз в 10 итераций)
  итерация без θ′_d (решение без нагрева) 3.17 мс (136 запусков), 79 % от полной
  400 м: ветер | нагрев | итераций (эталон f32) | стена, с | GPU, с | мс/итерацию GPU | порций | макс. порция GPU, мс | CPU в poll Σ/макс, мс
  3 м/с | с нагревом | 130 (131) | 1.62 | 0.61 | 4.66 | 85 | 19.0 | 188 / 8.6
    наибольшая порция — №46 из 85: 744 запусков, 19.0 мс; главный поток: запись 169 мс, ожидание sync 11 мс
  3 м/с | с нагревом, загрузка | 130 (131) | 1.12 | 0.59 | 4.54 | 36 | 26.8 | 766 / 59.2
    наибольшая порция — №16 из 36: 1086 запусков, 26.8 мс; главный поток: запись 179 мс, ожидание sync 582 мс
  ok   test_air_picard_bench.gd::test_bench_ongudai
  Онгудай 400 м, 3 м/с: 12:00 холодный 130 итераций; то же тёплым 20; 12:30 холодный 120, тёплый от 12:00 50 (−58 %); max|Δu| холодный/тёплый 1.13e-01 м/с, max|Δθ′| 8.33e-02 К
  ok   test_air_picard_bench.gd::test_warm_start

2 тестов, 0 упало, 0 пропущено
exit 0
