Godot Engine v4.7.2.stable.official.ed1daf0bf - https://godotengine.org
Vulkan 1.3.277 - Forward+ - Using Device #0: NVIDIA - NVIDIA GeForce RTX 4070 SUPER

ERROR: Cannot open file 'res://locale/ui.ru.translation'.
   at: load (core/io/resource_format_binary.cpp:1156)
ERROR: Failed loading resource: res://locale/ui.ru.translation.
   at: _load (core/io/resource_loader.cpp:317)
ERROR: Cannot open file 'res://locale/ui.en.translation'.
   at: load (core/io/resource_format_binary.cpp:1156)
ERROR: Failed loading resource: res://locale/ui.en.translation.
   at: _load (core/io/resource_loader.cpp:317)
  400 м (98x98x52): ядро | мс на итерацию | доля | запусков
  граничные условия | 0.008 | 0 % | 1
  местное K (kloc) | 0.019 | 0 % | 1
  шаблоны импульса ×3 | 0.138 | 3 % | 3
  прогонки импульса z (2×3 зебры) | 0.547 | 12 % | 12
  прогонки импульса x | 0.306 | 7 % | 12
  прогонки импульса y | 0.435 | 10 % | 12
  шаблон тепла θ′_d | 0.039 | 1 % | 1
  прогонки тепла θ′_d z, x, y (4×) | 0.894 | 20 % | 24
  шаблон тепла θ′ | 0.039 | 1 % | 1
  прогонки тепла θ′ z, x, y (4×) | 0.908 | 20 % | 24
  проекция: V-цикл (6 уровней) | 1.103 | 25 % | 61
  проекция: ∇·u, центрирование, поправка | 0.022 | 0 % | 9
  сумма частей 4.46 мс; итерация целиком 4.16 мс (161 запусков); проверка 0.46 мс (раз в 10 итераций)
  400 м: ветер | нагрев | итераций (эталон f32) | стена, с | GPU, с | мс/итерацию GPU | порций | макс. порция GPU, мс | CPU в poll Σ/макс, мс
  3 м/с | с нагревом | 130 (131) | 1.69 | 0.63 | 4.88 | 90 | 15.2 | 212 / 9.7
    наибольшая порция — №35 из 90: 404 запусков, 15.2 мс; главный поток: запись 191 мс, ожидание sync 14 мс
  3 м/с | с нагревом, загрузка | 130 (131) | 1.13 | 0.62 | 4.79 | 37 | 30.6 | 789 / 57.3
    наибольшая порция — №30 из 37: 1071 запусков, 30.6 мс; главный поток: запись 168 мс, ожидание sync 614 мс
  ok   test_air_picard_bench.gd::test_bench_ongudai
  Онгудай 400 м, 3 м/с: 12:00 холодный 130 итераций; то же тёплым 10; 12:30 холодный 130, тёплый от 12:00 50 (−62 %); max|Δu| холодный/тёплый 6.24e-02 м/с, max|Δθ′| 2.88e-02 К
  ok   test_air_picard_bench.gd::test_warm_start

2 тестов, 0 упало, 0 пропущено
exit 0
