Godot Engine v4.7.2.stable.official.ed1daf0bf - https://godotengine.org
Vulkan 1.3.277 - Forward+ - Using Device #0: NVIDIA - NVIDIA GeForce RTX 4070 SUPER

ERROR: Cannot open file 'res://locale/ui.ru.translation'.
   at: load (core/io/resource_format_binary.cpp:1156)
ERROR: Failed loading resource: res://locale/ui.ru.translation.
   at: _load (core/io/resource_loader.cpp:317)
ERROR: Cannot open file 'res://locale/ui.en.translation'.
   at: load (core/io/resource_format_binary.cpp:1156)
ERROR: Failed loading resource: res://locale/ui.en.translation.
   at: _load (core/io/resource_loader.cpp:317)
  200 м (194x194x52): ядро | мс на итерацию | доля | запусков
  граничные условия | 0.019 | 0 % | 1
  местное K (kloc) | 0.122 | 1 % | 1
  шаблоны импульса ×3 | 0.871 | 6 % | 3
  прогонки импульса z (2×3 зебры) | 1.563 | 10 % | 12
  прогонки импульса x | 1.129 | 7 % | 12
  прогонки импульса y | 1.698 | 11 % | 12
  шаблон тепла θ′_d | 0.298 | 2 % | 1
  прогонки тепла θ′_d z, x, y (4×) | 2.898 | 19 % | 24
  шаблон тепла θ′ | 0.315 | 2 % | 1
  прогонки тепла θ′ z, x, y (4×) | 3.341 | 22 % | 24
  проекция: V-цикл (7 уровней) | 2.824 | 18 % | 73
  проекция: ∇·u, центрирование, поправка | 0.303 | 2 % | 9
  сумма частей 15.38 мс; итерация целиком 16.27 мс (173 запусков); проверка 2.78 мс (раз в 10 итераций)
  200 м: ветер | нагрев | итераций (эталон f32) | стена, с | GPU, с | мс/итерацию GPU | порций | макс. порция GPU, мс | CPU в poll Σ/макс, мс
  200 м, 3 м/с (с нагревом, в т.ч. пара и загрузка): пропущено до А2
  0 м/с | с нагревом | 260 (261) | 8.97 | 4.30 | 16.52 | 509 | 18.3 | 523 / 9.5
    наибольшая порция — №105 из 509: 195 запусков, 18.3 мс; главный поток: запись 427 мс, ожидание sync 65 мс
  6 м/с | с нагревом | 180 (181) | 6.97 | 3.05 | 16.93 | 366 | 20.6 | 428 / 10.9
    наибольшая порция — №165 из 366: 182 запусков, 20.6 мс; главный поток: запись 325 мс, ожидание sync 76 мс
  6 м/с | с нагревом, загрузка | 180 (181) | 4.77 | 2.94 | 16.34 | 140 | 32.4 | 3199 / 57.9
    наибольшая порция — №139 из 140: 745 запусков, 32.4 мс; главный поток: запись 282 мс, ожидание sync 2907 мс
  ok   test_air_picard_bench.gd::test_bench_ongudai
  Онгудай 400 м, 3 м/с: 12:00 холодный 130 итераций; то же тёплым 10; 12:30 холодный 130, тёплый от 12:00 50 (−62 %); max|Δu| холодный/тёплый 6.24e-02 м/с, max|Δθ′| 2.88e-02 К
  ok   test_air_picard_bench.gd::test_warm_start

2 тестов, 0 упало, 0 пропущено
exit 0
