Godot Engine v4.7.2.stable.official.ed1daf0bf - https://godotengine.org
Vulkan 1.3.277 - Forward+ - Using Device #0: NVIDIA - NVIDIA GeForce RTX 4070 SUPER

ERROR: Cannot open file 'res://locale/ui.ru.translation'.
   at: load (core/io/resource_format_binary.cpp:1156)
ERROR: Failed loading resource: res://locale/ui.ru.translation.
   at: _load (core/io/resource_loader.cpp:317)
ERROR: Cannot open file 'res://locale/ui.en.translation'.
   at: load (core/io/resource_format_binary.cpp:1156)
ERROR: Failed loading resource: res://locale/ui.en.translation.
   at: _load (core/io/resource_loader.cpp:317)
  400 м (98x98x52): ядро | мс на итерацию | доля | запусков
  граничные условия | 0.008 | 0 % | 1
  местное K (kloc) | 0.019 | 0 % | 1
  шаблоны импульса ×3 | 0.178 | 4 % | 3
  прогонки импульса z (2×3 зебры) | 0.500 | 10 % | 12
  прогонки импульса x | 0.343 | 7 % | 12
  прогонки импульса y | 0.469 | 10 % | 12
  шаблон тепла θ′_d | 0.042 | 1 % | 1
  прогонки тепла θ′_d z, x, y (4×) | 0.978 | 20 % | 24
  шаблон тепла θ′ | 0.042 | 1 % | 1
  прогонки тепла θ′ z, x, y (4×) | 0.981 | 20 % | 24
  проекция: V-цикл (6 уровней) | 1.251 | 25 % | 61
  проекция: ∇·u, центрирование, поправка | 0.126 | 3 % | 9
  сумма частей 4.94 мс; итерация целиком 4.64 мс (161 запусков); проверка 0.69 мс (раз в 10 итераций)
  400 м: ветер | нагрев | итераций (эталон f32) | стена, с | GPU, с | мс/итерацию GPU | порций | макс. порция GPU, мс | CPU в poll Σ/макс, мс
  0 м/с | с нагревом | 150 (161) | 2.03 | 0.73 | 4.84 | 105 | 13.7 | 236 / 11.3
    наибольшая порция — №26 из 105: 329 запусков, 13.7 мс; главный поток: запись 214 мс, ожидание sync 8 мс
  3 м/с | с нагревом | 130 (131) | 1.64 | 0.64 | 4.95 | 93 | 13.1 | 211 / 9.5
    наибольшая порция — №29 из 93: 322 запусков, 13.1 мс; главный поток: запись 185 мс, ожидание sync 16 мс
  6 м/с | с нагревом | 130 (131) | 1.84 | 0.66 | 5.06 | 100 | 16.3 | 229 / 11.9
    наибольшая порция — №99 из 100: 625 запусков, 16.3 мс; главный поток: запись 194 мс, ожидание sync 24 мс
  3 м/с | пара (без + с) | 280 (151 + 131) | 3.36 | 1.39 | 4.96 | 196 | 26.5 | 439 / 9.4
    наибольшая порция — №95 из 196: 806 запусков, 26.5 мс; главный поток: запись 373 мс, ожидание sync 47 мс
  3 м/с | с нагревом, загрузка | 130 (131) | 1.12 | 0.66 | 5.11 | 41 | 28.7 | 823 / 59.4
    наибольшая порция — №22 из 41: 846 запусков, 28.7 мс; главный поток: запись 151 мс, ожидание sync 666 мс
  6 м/с | с нагревом, загрузка | 130 (131) | 1.16 | 0.66 | 5.06 | 41 | 27.5 | 820 / 58.0
    наибольшая порция — №34 из 41: 807 запусков, 27.5 мс; главный поток: запись 159 мс, ожидание sync 656 мс
  3 м/с | пара (без + с), загрузка | 280 (151 + 131) | 2.22 | 1.44 | 5.15 | 86 | 32.6 | 1783 / 61.6
    наибольшая порция — №42 из 86: 976 запусков, 32.6 мс; главный поток: запись 334 мс, ожидание sync 1437 мс
  ok   test_air_picard_bench.gd::test_bench_ongudai
  Онгудай 400 м, 3 м/с: 12:00 холодный 130 итераций; то же тёплым 10; 12:30 холодный 130, тёплый от 12:00 50 (−62 %); max|Δu| холодный/тёплый 6.24e-02 м/с, max|Δθ′| 2.88e-02 К
  ok   test_air_picard_bench.gd::test_warm_start

2 тестов, 0 упало, 0 пропущено
exit 0
