Godot Engine v4.7.2.stable.official.ed1daf0bf - https://godotengine.org
Vulkan 1.3.277 - Forward+ - Using Device #0: NVIDIA - NVIDIA GeForce RTX 4070 SUPER

ERROR: Cannot open file 'res://locale/ui.ru.translation'.
   at: load (core/io/resource_format_binary.cpp:1156)
ERROR: Failed loading resource: res://locale/ui.ru.translation.
   at: _load (core/io/resource_loader.cpp:317)
ERROR: Cannot open file 'res://locale/ui.en.translation'.
   at: load (core/io/resource_format_binary.cpp:1156)
ERROR: Failed loading resource: res://locale/ui.en.translation.
   at: _load (core/io/resource_loader.cpp:317)
  400 м (98x98x52): ядро | мс на итерацию | доля | запусков
  граничные условия | 0.007 | 0 % | 1
  местное K (kloc) | 0.018 | 0 % | 1
  шаблоны импульса ×3 | 0.137 | 2 % | 3
  прогонки импульса z (2×3 зебры) | 0.351 | 5 % | 12
  прогонки импульса x | 0.495 | 8 % | 12
  прогонки импульса y | 0.630 | 10 % | 12
  шаблон тепла θ′_d | 0.039 | 1 % | 1
  прогонки тепла θ′_d z, x, y (4×) | 0.808 | 12 % | 24
  шаблон тепла θ′ | 0.042 | 1 % | 1
  прогонки тепла θ′ z, x, y (4×) | 1.865 | 28 % | 24
  проекция: V-цикл (6 уровней) | 1.859 | 28 % | 61
  проекция: ∇·u, центрирование, поправка | 0.308 | 5 % | 9
  сумма частей 6.56 мс; итерация целиком 9.16 мс (161 запусков); проверка 0.99 мс (раз в 10 итераций)
  400 м: ветер | нагрев | итераций (эталон f32) | стена, с | GPU, с | мс/итерацию GPU | порций | макс. порция GPU, мс | CPU в poll Σ/макс, мс
  0 м/с | с нагревом | 150 (161) | 2.90 | 1.19 | 7.90 | 163 | 20.7 | 311 / 10.7
    наибольшая порция — №81 из 163: 335 запусков, 20.7 мс; главный поток: запись 234 мс, ожидание sync 55 мс
  3 м/с | с нагревом | 130 (131) | 2.52 | 1.05 | 8.10 | 141 | 18.0 | 249 / 8.0
    наибольшая порция — №126 из 141: 246 запусков, 18.0 мс; главный поток: запись 182 мс, ожидание sync 47 мс
  6 м/с | с нагревом | 130 (131) | 2.53 | 1.09 | 8.35 | 143 | 20.6 | 247 / 9.9
    наибольшая порция — №105 из 143: 301 запусков, 20.6 мс; главный поток: запись 186 мс, ожидание sync 41 мс
  3 м/с | пара (без + с) | 280 (151 + 131) | 3.54 | 1.36 | 4.87 | 192 | 18.4 | 429 / 12.1
    наибольшая порция — №62 из 192: 279 запусков, 18.4 мс; главный поток: запись 354 мс, ожидание sync 43 мс
  3 м/с | с нагревом, загрузка | 130 (131) | 1.11 | 0.61 | 4.66 | 35 | 28.4 | 780 / 59.0
    наибольшая порция — №22 из 35: 940 запусков, 28.4 мс; главный поток: запись 168 мс, ожидание sync 607 мс
  6 м/с | с нагревом, загрузка | 130 (131) | 1.18 | 0.64 | 4.90 | 38 | 27.6 | 789 / 60.5
    наибольшая порция — №28 из 38: 1042 запусков, 27.6 мс; главный поток: запись 155 мс, ожидание sync 630 мс
  3 м/с | пара (без + с), загрузка | 280 (151 + 131) | 1.97 | 1.20 | 4.27 | 70 | 27.8 | 1513 / 55.1
    наибольшая порция — №63 из 70: 930 запусков, 27.8 мс; главный поток: запись 324 мс, ожидание sync 1177 мс
  ok   test_air_picard_bench.gd::test_bench_ongudai
  Онгудай 400 м, 3 м/с: 12:00 холодный 130 итераций; то же тёплым 10; 12:30 холодный 130, тёплый от 12:00 50 (−62 %); max|Δu| холодный/тёплый 6.24e-02 м/с, max|Δθ′| 2.88e-02 К
  ok   test_air_picard_bench.gd::test_warm_start

2 тестов, 0 упало, 0 пропущено
exit 0
