Godot Engine v4.7.2.stable.official.ed1daf0bf - https://godotengine.org
Vulkan 1.3.277 - Forward+ - Using Device #0: NVIDIA - NVIDIA GeForce RTX 4070 SUPER

ERROR: Cannot open file 'res://locale/ui.ru.translation'.
   at: load (core/io/resource_format_binary.cpp:1156)
ERROR: Failed loading resource: res://locale/ui.ru.translation.
   at: _load (core/io/resource_loader.cpp:317)
ERROR: Cannot open file 'res://locale/ui.en.translation'.
   at: load (core/io/resource_format_binary.cpp:1156)
ERROR: Failed loading resource: res://locale/ui.en.translation.
   at: _load (core/io/resource_loader.cpp:317)
  400 м (98x98x52): ядро | мс на итерацию | доля | запусков
  граничные условия | 0.007 | 0 % | 1
  местное K (kloc) | 0.017 | 0 % | 1
  шаблоны импульса ×3 | 0.139 | 2 % | 3
  прогонки импульса z (2×3 зебры) | 0.560 | 9 % | 12
  прогонки импульса x | 0.435 | 7 % | 12
  прогонки импульса y | 0.444 | 7 % | 12
  шаблон тепла θ′_d | 0.038 | 1 % | 1
  прогонки тепла θ′_d z, x, y (4×) | 0.968 | 16 % | 24
  шаблон тепла θ′ | 0.042 | 1 % | 1
  прогонки тепла θ′ z, x, y (4×) | 1.331 | 22 % | 24
  проекция: V-цикл (6 уровней) | 1.783 | 29 % | 61
  проекция: ∇·u, центрирование, поправка | 0.423 | 7 % | 9
  сумма частей 6.19 мс; итерация целиком 6.24 мс (161 запусков); проверка 1.15 мс (раз в 10 итераций)
  400 м: ветер | нагрев | итераций (эталон f32) | стена, с | GPU, с | мс/итерацию GPU | порций | макс. порция GPU, мс | CPU в poll Σ/макс, мс
  3 м/с | с нагревом | 130 (131) | 2.50 | 0.93 | 7.16 | 125 | 25.8 | 235 / 10.3
    наибольшая порция — №83 из 125: 603 запусков, 25.8 мс; главный поток: запись 190 мс, ожидание sync 23 мс
  3 м/с | с нагревом, загрузка | 130 (131) | 1.82 | 1.11 | 8.53 | 63 | 45.0 | 1329 / 59.3
    наибольшая порция — №52 из 63: 616 запусков, 45.0 мс; главный поток: запись 199 мс, ожидание sync 1119 мс
  ok   test_air_picard_bench.gd::test_bench_ongudai
  Онгудай 400 м, 3 м/с: 12:00 холодный 130 итераций; то же тёплым 10; 12:30 холодный 130, тёплый от 12:00 50 (−62 %); max|Δu| холодный/тёплый 6.24e-02 м/с, max|Δθ′| 2.88e-02 К
  ok   test_air_picard_bench.gd::test_warm_start

2 тестов, 0 упало, 0 пропущено
exit 0
