Godot Engine v4.7.2.stable.official.ed1daf0bf - https://godotengine.org
Vulkan 1.3.277 - Forward+ - Using Device #0: NVIDIA - NVIDIA GeForce RTX 4070 SUPER

ERROR: Cannot open file 'res://locale/ui.ru.translation'.
   at: load (core/io/resource_format_binary.cpp:1156)
ERROR: Failed loading resource: res://locale/ui.ru.translation.
   at: _load (core/io/resource_loader.cpp:317)
ERROR: Cannot open file 'res://locale/ui.en.translation'.
   at: load (core/io/resource_format_binary.cpp:1156)
ERROR: Failed loading resource: res://locale/ui.en.translation.
   at: _load (core/io/resource_loader.cpp:317)
  200 м (194x194x52): ядро | мс на итерацию | доля | запусков
  граничные условия | 0.019 | 0 % | 1
  местное K (kloc) | 0.115 | 1 % | 1
  шаблоны импульса ×3 | 0.848 | 6 % | 3
  прогонки импульса z (2×3 зебры) | 1.337 | 9 % | 12
  прогонки импульса x | 1.523 | 10 % | 12
  прогонки импульса y | 1.637 | 11 % | 12
  шаблон тепла θ′_d | 0.300 | 2 % | 1
  прогонки тепла θ′_d z, x, y (4×) | 2.798 | 19 % | 24
  шаблон тепла θ′ | 0.317 | 2 % | 1
  прогонки тепла θ′ z, x, y (4×) | 2.992 | 20 % | 24
  проекция: V-цикл (7 уровней) | 2.808 | 19 % | 73
  проекция: ∇·u, центрирование, поправка | 0.234 | 2 % | 9
  сумма частей 14.93 мс; итерация целиком 15.30 мс (173 запусков); проверка 2.54 мс (раз в 10 итераций)
  200 м: ветер | нагрев | итераций (эталон f32) | стена, с | GPU, с | мс/итерацию GPU | порций | макс. порция GPU, мс | CPU в poll Σ/макс, мс
  200 м, 3 м/с (с нагревом, в т.ч. пара и загрузка): пропущено до А2
  0 м/с | с нагревом | 260 (261) | 8.47 | 4.14 | 15.92 | 488 | 20.7 | 523 / 9.4
    наибольшая порция — №481 из 488: 207 запусков, 20.7 мс; главный поток: запись 442 мс, ожидание sync 51 мс
  6 м/с | с нагревом | 180 (181) | 6.35 | 2.91 | 16.17 | 343 | 15.8 | 380 / 7.3
    наибольшая порция — №228 из 343: 182 запусков, 15.8 мс; главный поток: запись 319 мс, ожидание sync 42 мс
  6 м/с | с нагревом, загрузка | 180 (181) | 4.78 | 2.90 | 16.11 | 139 | 28.6 | 3137 / 57.1
    наибольшая порция — №68 из 139: 308 запусков, 28.6 мс; главный поток: запись 290 мс, ожидание sync 2838 мс
  ok   test_air_picard_bench.gd::test_bench_ongudai
  Онгудай 400 м, 3 м/с: 12:00 холодный 130 итераций; то же тёплым 10; 12:30 холодный 130, тёплый от 12:00 50 (−62 %); max|Δu| холодный/тёплый 6.24e-02 м/с, max|Δθ′| 2.88e-02 К
  ok   test_air_picard_bench.gd::test_warm_start

2 тестов, 0 упало, 0 пропущено
exit 0
