h13_U0_d0        D400      96×96×48 ok         41 итер. 0.41 с  подъём у старта 0.15  ветер у старта 0.08  в седловине 0.10
h13_U0_d0        D200      192×192×48 ok         51 итер. 1.45 с  подъём у старта 0.17  ветер у старта 0.17  в седловине 0.06
h13_U0_d0        W100      64×64×62 ok         51 итер. 0.42 с  подъём у старта 0.18  ветер у старта 0.19  в седловине 0.06
h13_U0_d0        W100p400  64×64×62 ok         51 итер. 0.41 с  подъём у старта 0.18  ветер у старта 0.18  в седловине 0.05
h13_U0_d0        W50       64×64×112 ok        141 итер. 1.81 с  подъём у старта 0.21  ветер у старта 0.20  в седловине 0.08
h13_U3_d180      D400      96×96×48 ok         51 итер. 0.49 с  подъём у старта 0.66  ветер у старта 2.40  в седловине 2.50
h13_U3_d180      D200      192×192×48 ok         71 итер. 2.02 с  подъём у старта 0.70  ветер у старта 2.61  в седловине 3.01
h13_U3_d180      W100      64×64×62 ok        161 итер. 1.29 с  подъём у старта 0.75  ветер у старта 2.55  в седловине 2.84
h13_U3_d180      W100p400  64×64×62 ok        161 итер. 1.29 с  подъём у старта 0.75  ветер у старта 2.56  в седловине 2.86
h13_U3_d180      W50       64×64×112 ok        491 итер. 6.30 с  подъём у старта 0.79  ветер у старта 2.76  в седловине 2.87
h13_U3_d135      D400      96×96×48 ok         51 итер. 0.49 с  подъём у старта 0.59  ветер у старта 3.09  в седловине 2.74
h13_U3_d135      D200      192×192×48 ok         81 итер. 2.29 с  подъём у старта 0.73  ветер у старта 3.09  в седловине 3.15
h13_U3_d135      W100      64×64×62 ok        191 итер. 1.53 с  подъём у старта 0.79  ветер у старта 3.00  в седловине 2.82
h13_U3_d135      W100p400  64×64×62 ok        191 итер. 1.53 с  подъём у старта 0.79  ветер у старта 3.03  в седловине 2.84
h13_U3_d135      W50       64×64×112 ok        561 итер. 7.20 с  подъём у старта 0.80  ветер у старта 3.09  в седловине 3.29
h13_U3_d270      D400      96×96×48 ok         61 итер. 0.58 с  подъём у старта 0.54  ветер у старта 3.33  в седловине 2.98
h13_U3_d270      D200      192×192×48 ok         81 итер. 2.32 с  подъём у старта 0.60  ветер у старта 3.23  в седловине 3.35
h13_U3_d270      W100      64×64×62 ok        181 итер. 1.51 с  подъём у старта 0.68  ветер у старта 3.25  в седловине 2.82
h13_U3_d270      W100p400  64×64×62 ok        181 итер. 1.52 с  подъём у старта 0.68  ветер у старта 3.27  в седловине 2.85
h13_U3_d270      W50       64×64×112 ok        531 итер. 7.06 с  подъём у старта 0.82  ветер у старта 3.26  в седловине 3.49
h13_U6_d180      D400      96×96×48 ok         71 итер. 0.68 с  подъём у старта 1.15  ветер у старта 3.98  в седловине 4.22
h13_U6_d180      D200      192×192×48 ok        131 итер. 3.70 с  подъём у старта 1.21  ветер у старта 4.13  в седловине 5.00
h13_U6_d180      W100      64×64×62 ok        291 итер. 2.34 с  подъём у старта 1.31  ветер у старта 4.08  в седловине 4.84
h13_U6_d180      W100p400  64×64×62 ok        291 итер. 2.33 с  подъём у старта 1.31  ветер у старта 4.09  в седловине 4.88
h13_U6_d180      W50       64×64×112 ok        771 итер. 9.96 с  подъём у старта 1.34  ветер у старта 4.53  в седловине 4.83
noheat_U3_d180   D400      96×96×48 ok         71 итер. 0.71 с  подъём у старта 0.31  ветер у старта 2.34  в седловине 2.43
noheat_U3_d180   D200      192×192×48 ok         81 итер. 2.41 с  подъём у старта 0.37  ветер у старта 2.54  в седловине 2.96
noheat_U3_d180   W100      64×64×62 ok        141 итер. 1.18 с  подъём у старта 0.48  ветер у старта 2.41  в седловине 2.83
noheat_U3_d180   W100p400  64×64×62 ok        141 итер. 1.18 с  подъём у старта 0.48  ветер у старта 2.39  в седловине 2.82
noheat_U3_d180   W50       64×64×112 ok        471 итер. 6.08 с  подъём у старта 0.47  ветер у старта 2.49  в седловине 2.88
noheat_U6_d180   D400      96×96×48 ok         81 итер. 0.77 с  подъём у старта 0.69  ветер у старта 3.79  в седловине 4.10
noheat_U6_d180   D200      192×192×48 ok        131 итер. 3.71 с  подъём у старта 0.72  ветер у старта 4.04  в седловине 4.94
noheat_U6_d180   W100      64×64×62 ok        271 итер. 2.18 с  подъём у старта 0.87  ветер у старта 3.96  в седловине 4.83
noheat_U6_d180   W100p400  64×64×62 ok        271 итер. 2.17 с  подъём у старта 0.88  ветер у старта 3.94  в седловине 4.82
noheat_U6_d180   W50       64×64×112 ok        771 итер. 9.88 с  подъём у старта 0.85  ветер у старта 4.27  в седловине 4.79
