400 м h9_U0_d0           ok         31 итер. 0.30 с (+проверки 0.01, подготовка 0.4+0.15) w200 p99 0.11  баланс 6.4e-03
400 м h11_U0_d0          ok         31 итер. 0.30 с (+проверки 0.01, подготовка 0.1+0.10) w200 p99 0.13  баланс 7.1e-03
400 м h12_U0_d0          ok         41 итер. 0.39 с (+проверки 0.01, подготовка 0.1+0.10) w200 p99 0.14  баланс 1.4e-03
400 м h13_U0_d0          ok         41 итер. 0.39 с (+проверки 0.01, подготовка 0.1+0.10) w200 p99 0.14  баланс 1.4e-03
400 м h15_U0_d0          ok         41 итер. 0.39 с (+проверки 0.01, подготовка 0.1+0.10) w200 p99 0.14  баланс 1.4e-03
400 м h17_U0_d0          ok         31 итер. 0.30 с (+проверки 0.01, подготовка 0.1+0.11) w200 p99 0.13  баланс 6.9e-03
400 м noheat_U0_d0       ok         11 итер. 0.11 с (+проверки 0.00, подготовка 0.1+0.11) w200 p99 0.00  баланс 0.0e+00
400 м h9_U3_d0           ok         51 итер. 0.48 с (+проверки 0.01, подготовка 0.1+0.10) w200 p99 0.52  баланс -3.4e-04
400 м h11_U3_d0          ok         51 итер. 0.48 с (+проверки 0.01, подготовка 0.1+0.10) w200 p99 0.55  баланс -1.5e-04
400 м h12_U3_d0          ok         51 итер. 0.48 с (+проверки 0.01, подготовка 0.1+0.10) w200 p99 0.56  баланс -1.1e-04
400 м h13_U3_d0          ok         51 итер. 0.48 с (+проверки 0.01, подготовка 0.1+0.11) w200 p99 0.57  баланс -8.9e-05
400 м h15_U3_d0          ok         51 итер. 0.48 с (+проверки 0.01, подготовка 0.1+0.10) w200 p99 0.57  баланс -9.6e-05
400 м h17_U3_d0          ok         51 итер. 0.48 с (+проверки 0.01, подготовка 0.1+0.10) w200 p99 0.55  баланс -1.8e-04
400 м noheat_U3_d0       ok         71 итер. 0.67 с (+проверки 0.01, подготовка 0.1+0.10) w200 p99 0.41  баланс 0.0e+00
400 м h9_U3_d45          ok         51 итер. 0.48 с (+проверки 0.01, подготовка 0.1+0.10) w200 p99 0.55  баланс -1.4e-04
400 м h11_U3_d45         ok         51 итер. 0.48 с (+проверки 0.01, подготовка 0.1+0.10) w200 p99 0.58  баланс -6.5e-05
400 м h12_U3_d45         ok         51 итер. 0.48 с (+проверки 0.01, подготовка 0.1+0.10) w200 p99 0.59  баланс -5.2e-05
400 м h13_U3_d45         ok         51 итер. 0.48 с (+проверки 0.01, подготовка 0.1+0.10) w200 p99 0.58  баланс -4.6e-05
400 м h15_U3_d45         ok         51 итер. 0.48 с (+проверки 0.01, подготовка 0.1+0.10) w200 p99 0.57  баланс -5.0e-05
400 м h17_U3_d45         ok         51 итер. 0.48 с (+проверки 0.01, подготовка 0.1+0.10) w200 p99 0.54  баланс -8.2e-05
400 м noheat_U3_d45      ok         61 итер. 0.58 с (+проверки 0.01, подготовка 0.1+0.10) w200 p99 0.52  баланс 0.0e+00
400 м h9_U3_d90          ok         61 итер. 0.58 с (+проверки 0.01, подготовка 0.1+0.10) w200 p99 0.59  баланс -3.4e-04
400 м h11_U3_d90         ok         51 итер. 0.48 с (+проверки 0.01, подготовка 0.1+0.10) w200 p99 0.62  баланс -8.7e-05
400 м h12_U3_d90         ok         51 итер. 0.48 с (+проверки 0.01, подготовка 0.1+0.10) w200 p99 0.62  баланс -6.4e-05
400 м h13_U3_d90         ok         51 итер. 0.48 с (+проверки 0.01, подготовка 0.1+0.10) w200 p99 0.62  баланс -5.4e-05
400 м h15_U3_d90         ok         51 итер. 0.48 с (+проверки 0.01, подготовка 0.1+0.10) w200 p99 0.60  баланс -6.4e-05
400 м h17_U3_d90         ok         61 итер. 0.58 с (+проверки 0.01, подготовка 0.1+0.10) w200 p99 0.57  баланс -2.4e-04
400 м noheat_U3_d90      ok         71 итер. 0.67 с (+проверки 0.01, подготовка 0.1+0.10) w200 p99 0.50  баланс 0.0e+00
400 м h9_U3_d135         ok         51 итер. 0.48 с (+проверки 0.01, подготовка 0.1+0.10) w200 p99 0.63  баланс 2.5e-05
400 м h11_U3_d135        ok         51 итер. 0.48 с (+проверки 0.01, подготовка 0.1+0.10) w200 p99 0.66  баланс 4.7e-05
400 м h12_U3_d135        ok         51 итер. 0.48 с (+проверки 0.01, подготовка 0.1+0.10) w200 p99 0.67  баланс 5.2e-05
400 м h13_U3_d135        ok         51 итер. 0.48 с (+проверки 0.01, подготовка 0.1+0.10) w200 p99 0.67  баланс 5.5e-05
400 м h15_U3_d135        ok         51 итер. 0.48 с (+проверки 0.01, подготовка 0.1+0.10) w200 p99 0.66  баланс 5.3e-05
400 м h17_U3_d135        ok         51 итер. 0.48 с (+проверки 0.01, подготовка 0.1+0.10) w200 p99 0.63  баланс 4.0e-05
400 м noheat_U3_d135     ok         61 итер. 0.58 с (+проверки 0.01, подготовка 0.1+0.10) w200 p99 0.57  баланс 0.0e+00
400 м h9_U3_d180         ok         51 итер. 0.48 с (+проверки 0.01, подготовка 0.1+0.10) w200 p99 0.52  баланс -2.7e-04
400 м h11_U3_d180        ok         51 итер. 0.48 с (+проверки 0.01, подготовка 0.1+0.10) w200 p99 0.56  баланс -2.0e-08
400 м h12_U3_d180        ok         51 итер. 0.48 с (+проверки 0.01, подготовка 0.1+0.10) w200 p99 0.57  баланс 4.5e-05
400 м h13_U3_d180        ok         51 итер. 0.48 с (+проверки 0.01, подготовка 0.1+0.10) w200 p99 0.58  баланс 6.5e-05
400 м h15_U3_d180        ok         51 итер. 0.48 с (+проверки 0.01, подготовка 0.1+0.10) w200 p99 0.58  баланс 5.1e-05
400 м h17_U3_d180        ok         51 итер. 0.48 с (+проверки 0.01, подготовка 0.1+0.10) w200 p99 0.54  баланс -6.3e-05
400 м noheat_U3_d180     ok         71 итер. 0.67 с (+проверки 0.01, подготовка 0.1+0.10) w200 p99 0.40  баланс 0.0e+00
400 м h9_U3_d225         ok         51 итер. 0.48 с (+проверки 0.01, подготовка 0.1+0.10) w200 p99 0.52  баланс 6.3e-05
400 м h11_U3_d225        ok         41 итер. 0.39 с (+проверки 0.01, подготовка 0.1+0.10) w200 p99 0.56  баланс 3.9e-05
400 м h12_U3_d225        ok         41 итер. 0.39 с (+проверки 0.01, подготовка 0.1+0.10) w200 p99 0.57  баланс 6.2e-05
400 м h13_U3_d225        ok         41 итер. 0.39 с (+проверки 0.01, подготовка 0.1+0.10) w200 p99 0.58  баланс 7.3e-05
400 м h15_U3_d225        ok         41 итер. 0.39 с (+проверки 0.01, подготовка 0.1+0.10) w200 p99 0.58  баланс 6.8e-05
400 м h17_U3_d225        ok         41 итер. 0.39 с (+проверки 0.01, подготовка 0.1+0.10) w200 p99 0.56  баланс 2.1e-05
400 м noheat_U3_d225     ok         61 итер. 0.58 с (+проверки 0.01, подготовка 0.1+0.10) w200 p99 0.43  баланс 0.0e+00
400 м h9_U3_d270         ok         61 итер. 0.58 с (+проверки 0.01, подготовка 0.1+0.10) w200 p99 0.53  баланс 1.7e-05
400 м h11_U3_d270        ok         61 итер. 0.57 с (+проверки 0.01, подготовка 0.1+0.11) w200 p99 0.58  баланс -2.6e-05
400 м h12_U3_d270        ok         61 итер. 0.58 с (+проверки 0.01, подготовка 0.1+0.10) w200 p99 0.59  баланс -2.9e-05
400 м h13_U3_d270        ok         61 итер. 0.58 с (+проверки 0.01, подготовка 0.1+0.11) w200 p99 0.60  баланс -2.9e-05
400 м h15_U3_d270        ok         61 итер. 0.58 с (+проверки 0.01, подготовка 0.1+0.11) w200 p99 0.61  баланс -2.7e-05
400 м h17_U3_d270        ok         61 итер. 0.58 с (+проверки 0.01, подготовка 0.1+0.10) w200 p99 0.60  баланс -1.7e-05
400 м noheat_U3_d270     ok         71 итер. 0.67 с (+проверки 0.01, подготовка 0.1+0.10) w200 p99 0.46  баланс 0.0e+00
400 м h9_U3_d315         ok         51 итер. 0.48 с (+проверки 0.01, подготовка 0.1+0.10) w200 p99 0.53  баланс 6.2e-05
400 м h11_U3_d315        ok         51 итер. 0.49 с (+проверки 0.01, подготовка 0.1+0.10) w200 p99 0.57  баланс 5.8e-05
400 м h12_U3_d315        ok         51 итер. 0.48 с (+проверки 0.01, подготовка 0.1+0.10) w200 p99 0.59  баланс 5.8e-05
400 м h13_U3_d315        ok         51 итер. 0.48 с (+проверки 0.01, подготовка 0.1+0.10) w200 p99 0.60  баланс 5.9e-05
400 м h15_U3_d315        ok         51 итер. 0.48 с (+проверки 0.01, подготовка 0.1+0.11) w200 p99 0.60  баланс 5.8e-05
400 м h17_U3_d315        ok         51 итер. 0.48 с (+проверки 0.01, подготовка 0.1+0.10) w200 p99 0.60  баланс 5.9e-05
400 м noheat_U3_d315     ok         61 итер. 0.57 с (+проверки 0.01, подготовка 0.1+0.11) w200 p99 0.50  баланс 0.0e+00
400 м h9_U6_d0           ok         81 итер. 0.76 с (+проверки 0.01, подготовка 0.1+0.10) w200 p99 1.08  баланс 1.6e-04
400 м h11_U6_d0          ok         71 итер. 0.67 с (+проверки 0.01, подготовка 0.1+0.10) w200 p99 1.12  баланс -4.1e-04
400 м h12_U6_d0          ok         71 итер. 0.67 с (+проверки 0.01, подготовка 0.1+0.10) w200 p99 1.12  баланс -3.4e-04
400 м h13_U6_d0          ok         71 итер. 0.67 с (+проверки 0.01, подготовка 0.1+0.10) w200 p99 1.13  баланс -3.0e-04
400 м h15_U6_d0          ok         71 итер. 0.67 с (+проверки 0.01, подготовка 0.1+0.10) w200 p99 1.12  баланс -3.2e-04
400 м h17_U6_d0          ok         81 итер. 0.76 с (+проверки 0.01, подготовка 0.1+0.10) w200 p99 1.11  баланс 5.2e-05
400 м noheat_U6_d0       ok         81 итер. 0.77 с (+проверки 0.01, подготовка 0.1+0.10) w200 p99 0.96  баланс 0.0e+00
400 м h9_U6_d90          ok         81 итер. 0.76 с (+проверки 0.01, подготовка 0.1+0.10) w200 p99 1.19  баланс 2.6e-04
400 м h11_U6_d90         ok         81 итер. 0.76 с (+проверки 0.01, подготовка 0.1+0.10) w200 p99 1.21  баланс 1.2e-04
400 м h12_U6_d90         ok         81 итер. 0.76 с (+проверки 0.01, подготовка 0.1+0.10) w200 p99 1.22  баланс 9.5e-05
400 м h13_U6_d90         ok         81 итер. 0.77 с (+проверки 0.01, подготовка 0.1+0.10) w200 p99 1.22  баланс 8.5e-05
400 м h15_U6_d90         ok         81 итер. 0.76 с (+проверки 0.01, подготовка 0.1+0.11) w200 p99 1.21  баланс 9.3e-05
400 м h17_U6_d90         ok         81 итер. 0.76 с (+проверки 0.01, подготовка 0.1+0.10) w200 p99 1.19  баланс 1.6e-04
400 м noheat_U6_d90      ok         81 итер. 0.77 с (+проверки 0.01, подготовка 0.1+0.10) w200 p99 1.13  баланс 0.0e+00
400 м h9_U6_d180         ok         71 итер. 0.67 с (+проверки 0.01, подготовка 0.1+0.10) w200 p99 1.06  баланс -3.8e-04
400 м h11_U6_d180        ok         71 итер. 0.67 с (+проверки 0.01, подготовка 0.1+0.10) w200 p99 1.09  баланс -1.7e-04
400 м h12_U6_d180        ok         71 итер. 0.67 с (+проверки 0.01, подготовка 0.1+0.10) w200 p99 1.11  баланс -1.4e-04
400 м h13_U6_d180        ok         71 итер. 0.67 с (+проверки 0.01, подготовка 0.1+0.11) w200 p99 1.12  баланс -1.2e-04
400 м h15_U6_d180        ok         71 итер. 0.67 с (+проверки 0.01, подготовка 0.1+0.11) w200 p99 1.10  баланс -1.3e-04
400 м h17_U6_d180        ok         71 итер. 0.67 с (+проверки 0.01, подготовка 0.1+0.10) w200 p99 1.07  баланс -2.4e-04
400 м noheat_U6_d180     ok         81 итер. 0.76 с (+проверки 0.01, подготовка 0.1+0.10) w200 p99 0.94  баланс 0.0e+00
400 м h9_U6_d270         ok         81 итер. 0.77 с (+проверки 0.01, подготовка 0.1+0.10) w200 p99 1.12  баланс 3.0e-05
400 м h11_U6_d270        ok         81 итер. 0.77 с (+проверки 0.01, подготовка 0.1+0.10) w200 p99 1.15  баланс 8.7e-05
400 м h12_U6_d270        ok         81 итер. 0.77 с (+проверки 0.01, подготовка 0.1+0.10) w200 p99 1.16  баланс 9.3e-05
400 м h13_U6_d270        ok         81 итер. 0.77 с (+проверки 0.01, подготовка 0.1+0.11) w200 p99 1.17  баланс 9.6e-05
400 м h15_U6_d270        ok         81 итер. 0.77 с (+проверки 0.01, подготовка 0.1+0.11) w200 p99 1.17  баланс 9.4e-05
400 м h17_U6_d270        ok         81 итер. 0.77 с (+проверки 0.02, подготовка 0.1+0.11) w200 p99 1.16  баланс 7.9e-05
400 м noheat_U6_d270     ok         81 итер. 0.76 с (+проверки 0.01, подготовка 0.1+0.10) w200 p99 1.04  баланс 0.0e+00
200 м h9_U0_d0           ok         41 итер. 1.16 с (+проверки 0.01, подготовка 0.3+0.16) w200 p99 0.15  баланс 8.1e-03
200 м h11_U0_d0          ok         51 итер. 1.44 с (+проверки 0.01, подготовка 0.3+0.17) w200 p99 0.16  баланс 3.6e-03
200 м h12_U0_d0          ok         51 итер. 1.45 с (+проверки 0.01, подготовка 0.3+0.16) w200 p99 0.17  баланс 4.0e-03
200 м h13_U0_d0          ok         51 итер. 1.45 с (+проверки 0.01, подготовка 0.3+0.17) w200 p99 0.17  баланс 4.3e-03
200 м h15_U0_d0          ok         51 итер. 1.45 с (+проверки 0.01, подготовка 0.3+0.16) w200 p99 0.17  баланс 4.1e-03
200 м h17_U0_d0          ok         51 итер. 1.45 с (+проверки 0.01, подготовка 0.3+0.17) w200 p99 0.16  баланс 3.2e-03
200 м noheat_U0_d0       ok         11 итер. 0.32 с (+проверки 0.00, подготовка 0.2+0.17) w200 p99 0.00  баланс 0.0e+00
200 м h9_U3_d0           ok         81 итер. 2.29 с (+проверки 0.02, подготовка 0.3+0.17) w200 p99 0.56  баланс 6.1e-05
200 м h11_U3_d0          ok         71 итер. 2.01 с (+проверки 0.02, подготовка 0.3+0.16) w200 p99 0.58  баланс 9.4e-05
200 м h12_U3_d0          ok         71 итер. 2.01 с (+проверки 0.02, подготовка 0.3+0.16) w200 p99 0.59  баланс 1.4e-04
200 м h13_U3_d0          ok         81 итер. 2.29 с (+проверки 0.02, подготовка 0.3+0.17) w200 p99 0.60  баланс 4.4e-05
200 м h15_U3_d0          ok         71 итер. 2.01 с (+проверки 0.02, подготовка 0.3+0.16) w200 p99 0.60  баланс 1.5e-04
200 м h17_U3_d0          ok         71 итер. 2.01 с (+проверки 0.02, подготовка 0.3+0.17) w200 p99 0.57  баланс 5.3e-05
200 м noheat_U3_d0       ok         91 итер. 2.58 с (+проверки 0.02, подготовка 0.2+0.17) w200 p99 0.48  баланс 0.0e+00
200 м h9_U3_d45          ok         71 итер. 2.01 с (+проверки 0.02, подготовка 0.3+0.16) w200 p99 0.60  баланс -2.0e-05
200 м h11_U3_d45         ok         71 итер. 2.01 с (+проверки 0.02, подготовка 0.3+0.17) w200 p99 0.62  баланс 4.5e-05
200 м h12_U3_d45         ok         71 итер. 2.01 с (+проверки 0.02, подготовка 0.3+0.16) w200 p99 0.62  баланс 6.4e-05
200 м h13_U3_d45         ok         81 итер. 2.29 с (+проверки 0.02, подготовка 0.3+0.17) w200 p99 0.62  баланс 4.2e-05
200 м h15_U3_d45         ok         71 итер. 2.01 с (+проверки 0.02, подготовка 0.3+0.16) w200 p99 0.61  баланс 6.7e-05
200 м h17_U3_d45         ok         71 итер. 2.01 с (+проверки 0.02, подготовка 0.3+0.17) w200 p99 0.59  баланс 2.2e-05
200 м noheat_U3_d45      ok         71 итер. 2.01 с (+проверки 0.02, подготовка 0.2+0.17) w200 p99 0.57  баланс 0.0e+00
200 м h9_U3_d90          ok         81 итер. 2.29 с (+проверки 0.02, подготовка 0.3+0.16) w200 p99 0.64  баланс 7.0e-05
200 м h11_U3_d90         ok         81 итер. 2.29 с (+проверки 0.02, подготовка 0.3+0.17) w200 p99 0.66  баланс 4.7e-05
200 м h12_U3_d90         ok         81 итер. 2.29 с (+проверки 0.02, подготовка 0.3+0.17) w200 p99 0.67  баланс 4.7e-05
200 м h13_U3_d90         ok         81 итер. 2.30 с (+проверки 0.02, подготовка 0.3+0.17) w200 p99 0.67  баланс 4.8e-05
200 м h15_U3_d90         ok         81 итер. 2.30 с (+проверки 0.02, подготовка 0.3+0.17) w200 p99 0.65  баланс 4.3e-05
200 м h17_U3_d90         ok         81 итер. 2.30 с (+проверки 0.02, подготовка 0.3+0.17) w200 p99 0.62  баланс 3.6e-05
200 м noheat_U3_d90      ok         91 итер. 2.58 с (+проверки 0.02, подготовка 0.2+0.17) w200 p99 0.57  баланс 0.0e+00
200 м h9_U3_d135         ok         71 итер. 2.02 с (+проверки 0.02, подготовка 0.3+0.17) w200 p99 0.67  баланс 1.9e-04
200 м h11_U3_d135        ok         81 итер. 2.30 с (+проверки 0.02, подготовка 0.3+0.17) w200 p99 0.70  баланс 6.4e-05
200 м h12_U3_d135        ok         81 итер. 2.30 с (+проверки 0.02, подготовка 0.3+0.17) w200 p99 0.70  баланс 7.3e-05
200 м h13_U3_d135        ok         81 итер. 2.30 с (+проверки 0.02, подготовка 0.3+0.17) w200 p99 0.71  баланс 7.9e-05
200 м h15_U3_d135        ok         81 итер. 2.30 с (+проверки 0.02, подготовка 0.3+0.17) w200 p99 0.70  баланс 7.6e-05
200 м h17_U3_d135        ok         71 итер. 2.02 с (+проверки 0.02, подготовка 0.3+0.17) w200 p99 0.66  баланс 2.3e-04
200 м noheat_U3_d135     ok         81 итер. 2.30 с (+проверки 0.02, подготовка 0.2+0.17) w200 p99 0.65  баланс 0.0e+00
200 м h9_U3_d180         ok         71 итер. 2.02 с (+проверки 0.02, подготовка 0.3+0.17) w200 p99 0.55  баланс -3.1e-05
200 м h11_U3_d180        ok         71 итер. 2.04 с (+проверки 0.02, подготовка 0.3+0.17) w200 p99 0.60  баланс 2.4e-04
200 м h12_U3_d180        ok         71 итер. 2.02 с (+проверки 0.02, подготовка 0.3+0.17) w200 p99 0.61  баланс 3.1e-04
200 м h13_U3_d180        ok         71 итер. 2.02 с (+проверки 0.02, подготовка 0.3+0.17) w200 p99 0.62  баланс 3.4e-04
200 м h15_U3_d180        ok         71 итер. 2.01 с (+проверки 0.02, подготовка 0.3+0.17) w200 p99 0.62  баланс 3.2e-04
200 м h17_U3_d180        ok         71 итер. 2.01 с (+проверки 0.02, подготовка 0.3+0.17) w200 p99 0.58  баланс 1.6e-04
200 м noheat_U3_d180     ok         81 итер. 2.30 с (+проверки 0.02, подготовка 0.2+0.17) w200 p99 0.46  баланс 0.0e+00
200 м h9_U3_d225         ok         71 итер. 2.01 с (+проверки 0.02, подготовка 0.3+0.17) w200 p99 0.54  баланс 8.9e-05
200 м h11_U3_d225        ok         71 итер. 2.01 с (+проверки 0.02, подготовка 0.3+0.17) w200 p99 0.59  баланс 1.2e-04
200 м h12_U3_d225        ok         71 итер. 2.02 с (+проверки 0.02, подготовка 0.3+0.17) w200 p99 0.60  баланс 1.4e-04
200 м h13_U3_d225        ok         71 итер. 2.02 с (+проверки 0.02, подготовка 0.3+0.17) w200 p99 0.61  баланс 1.4e-04
200 м h15_U3_d225        ok         71 итер. 2.01 с (+проверки 0.02, подготовка 0.3+0.17) w200 p99 0.62  баланс 1.4e-04
200 м h17_U3_d225        ok         71 итер. 2.01 с (+проверки 0.02, подготовка 0.3+0.17) w200 p99 0.60  баланс 1.0e-04
200 м noheat_U3_d225     ok         71 итер. 2.02 с (+проверки 0.02, подготовка 0.2+0.17) w200 p99 0.50  баланс 0.0e+00
200 м h9_U3_d270         ok         81 итер. 2.30 с (+проверки 0.02, подготовка 0.3+0.17) w200 p99 0.57  баланс 4.2e-04
200 м h11_U3_d270        ok         81 итер. 2.30 с (+проверки 0.02, подготовка 0.3+0.17) w200 p99 0.61  баланс 2.5e-04
200 м h12_U3_d270        ok         81 итер. 2.30 с (+проверки 0.02, подготовка 0.3+0.17) w200 p99 0.63  баланс 2.3e-04
200 м h13_U3_d270        ok         81 итер. 2.30 с (+проверки 0.02, подготовка 0.3+0.17) w200 p99 0.64  баланс 2.2e-04
200 м h15_U3_d270        ok         81 итер. 2.30 с (+проверки 0.02, подготовка 0.3+0.17) w200 p99 0.64  баланс 2.2e-04
200 м h17_U3_d270        ok         81 итер. 2.30 с (+проверки 0.02, подготовка 0.3+0.17) w200 p99 0.63  баланс 2.8e-04
200 м noheat_U3_d270     ok         91 итер. 2.58 с (+проверки 0.02, подготовка 0.2+0.17) w200 p99 0.52  баланс 0.0e+00
200 м h9_U3_d315         ok         71 итер. 2.01 с (+проверки 0.02, подготовка 0.3+0.17) w200 p99 0.60  баланс 1.2e-04
200 м h11_U3_d315        ok         71 итер. 2.02 с (+проверки 0.02, подготовка 0.3+0.17) w200 p99 0.62  баланс 1.7e-04
200 м h12_U3_d315        ok         71 итер. 2.01 с (+проверки 0.02, подготовка 0.3+0.16) w200 p99 0.63  баланс 1.9e-04
200 м h13_U3_d315        ok         81 итер. 2.30 с (+проверки 0.02, подготовка 0.3+0.17) w200 p99 0.64  баланс 6.5e-05
200 м h15_U3_d315        ok         81 итер. 2.31 с (+проверки 0.02, подготовка 0.3+0.17) w200 p99 0.65  баланс 6.2e-05
200 м h17_U3_d315        ok         71 итер. 2.01 с (+проверки 0.02, подготовка 0.3+0.17) w200 p99 0.64  баланс 1.5e-04
200 м noheat_U3_d315     ok         81 итер. 2.50 с (+проверки 0.02, подготовка 0.2+0.17) w200 p99 0.58  баланс 0.0e+00
200 м h9_U6_d0           ok        131 итер. 3.71 с (+проверки 0.03, подготовка 0.3+0.17) w200 p99 1.11  баланс -4.7e-04
200 м h11_U6_d0          ok        131 итер. 3.71 с (+проверки 0.03, подготовка 0.3+0.17) w200 p99 1.13  баланс -2.9e-04
200 м h12_U6_d0          ok        131 итер. 3.72 с (+проверки 0.03, подготовка 0.3+0.20) w200 p99 1.15  баланс -2.5e-04
200 м h13_U6_d0          ok        131 итер. 3.71 с (+проверки 0.03, подготовка 0.3+0.17) w200 p99 1.15  баланс -2.3e-04
200 м h15_U6_d0          ok        131 итер. 3.71 с (+проверки 0.03, подготовка 0.3+0.17) w200 p99 1.15  баланс -2.4e-04
200 м h17_U6_d0          ok        131 итер. 3.72 с (+проверки 0.03, подготовка 0.3+0.17) w200 p99 1.14  баланс -3.3e-04
200 м noheat_U6_d0       ok        131 итер. 3.71 с (+проверки 0.03, подготовка 0.2+0.17) w200 p99 1.09  баланс 0.0e+00
200 м h9_U6_d90          ok        141 итер. 4.07 с (+проверки 0.03, подготовка 0.3+0.17) w200 p99 1.27  баланс -5.5e-07
200 м h11_U6_d90         ok        141 итер. 3.99 с (+проверки 0.03, подготовка 0.3+0.17) w200 p99 1.30  баланс -1.4e-05
200 м h12_U6_d90         ok        141 итер. 3.99 с (+проверки 0.03, подготовка 0.3+0.17) w200 p99 1.30  баланс -1.6e-05
200 м h13_U6_d90         ok        141 итер. 3.99 с (+проверки 0.03, подготовка 0.3+0.17) w200 p99 1.30  баланс -1.7e-05
200 м h15_U6_d90         ok        141 итер. 3.99 с (+проверки 0.03, подготовка 0.3+0.17) w200 p99 1.29  баланс -1.7e-05
200 м h17_U6_d90         ok        141 итер. 4.03 с (+проверки 0.03, подготовка 0.3+0.17) w200 p99 1.27  баланс -1.5e-05
200 м noheat_U6_d90      ok        141 итер. 4.23 с (+проверки 0.04, подготовка 0.2+0.18) w200 p99 1.25  баланс 0.0e+00
200 м h9_U6_d180         ok        121 итер. 3.63 с (+проверки 0.03, подготовка 0.3+0.17) w200 p99 1.09  баланс 1.6e-05
200 м h11_U6_d180        ok        131 итер. 3.94 с (+проверки 0.03, подготовка 0.3+0.18) w200 p99 1.13  баланс -8.1e-05
200 м h12_U6_d180        ok        131 итер. 3.92 с (+проверки 0.03, подготовка 0.3+0.18) w200 p99 1.14  баланс -6.8e-05
200 м h13_U6_d180        ok        131 итер. 3.91 с (+проверки 0.03, подготовка 0.3+0.18) w200 p99 1.15  баланс -6.2e-05
200 м h15_U6_d180        ok        131 итер. 3.89 с (+проверки 0.03, подготовка 0.3+0.17) w200 p99 1.14  баланс -6.5e-05
200 м h17_U6_d180        ok        131 итер. 3.88 с (+проверки 0.03, подготовка 0.3+0.17) w200 p99 1.11  баланс -9.3e-05
200 м noheat_U6_d180     ok        131 итер. 3.88 с (+проверки 0.03, подготовка 0.3+0.17) w200 p99 1.02  баланс 0.0e+00
200 м h9_U6_d270         ok        141 итер. 4.17 с (+проверки 0.03, подготовка 0.3+0.17) w200 p99 1.16  баланс 2.7e-04
200 м h11_U6_d270        ok        141 итер. 4.18 с (+проверки 0.03, подготовка 0.3+0.17) w200 p99 1.19  баланс 1.2e-04
200 м h12_U6_d270        ok        141 итер. 4.00 с (+проверки 0.03, подготовка 0.3+0.17) w200 p99 1.20  баланс 9.5e-05
200 м h13_U6_d270        ok        141 итер. 4.04 с (+проверки 0.04, подготовка 0.3+0.17) w200 p99 1.21  баланс 8.4e-05
200 м h15_U6_d270        ok        141 итер. 4.00 с (+проверки 0.03, подготовка 0.3+0.17) w200 p99 1.21  баланс 9.0e-05
200 м h17_U6_d270        ok        141 итер. 4.01 с (+проверки 0.03, подготовка 0.3+0.17) w200 p99 1.20  баланс 1.5e-04
200 м noheat_U6_d270     ok        141 итер. 4.06 с (+проверки 0.03, подготовка 0.2+0.17) w200 p99 1.14  баланс 0.0e+00
