200 м час          12 ← 11 (1 ч)                        холодный   71  тёплый   31 (без p   71)  опора как есть: w 0.05
200 м час          13 ← 11 (2 ч)                        холодный   71  тёплый   41 (без p   71)  опора как есть: w 0.08
200 м час          15 ← 13 (2 ч)                        холодный   71  тёплый   21 (без p   71)  опора как есть: w 0.05
200 м час          12 ← 9 (3 ч)                         холодный   71  тёплый   41 (без p   71)  опора как есть: w 0.20
200 м час          17 ← 13 (4 ч)                        холодный   71  тёплый   41 (без p   61)  опора как есть: w 0.16
200 м час          штиль 13 ← 11 (2 ч)                  холодный   51  тёплый   41 (без p   41)  опора как есть: w 0.20
200 м час          штиль 15 ← 12 (3 ч)                  холодный   51  тёплый   21 (без p   21)  опора как есть: w 0.22
200 м направление  180° ← 135° (45°)                    холодный   71  тёплый   71 (без p   81)  опора как есть: w 0.90
200 м направление  180° ← 90° (90°)                     холодный   71  тёплый   91 (без p   91)  опора как есть: w 1.37
200 м направление  180° ← 0° (180°)                     холодный   71  тёплый  111 (без p  111)  опора как есть: w 1.70
200 м направление  U6 180° ← 90° (90°)                  холодный  131  тёплый  131 (без p  131)  опора как есть: w 1.44
200 м сила         6 ← 3 м/с                            холодный  131  тёплый  111 (без p  131)  опора как есть: w 0.73
200 м сила         3 ← 6 м/с                            холодный   71  тёплый  111 (без p  111)  опора как есть: w 1.68
200 м сила         3 ← 0 (штиль)                        холодный   71  тёплый   81 (без p   81)  опора как есть: w 0.97
200 м нагрев       U3 полдень ← без нагрева             холодный   71  тёплый   51 (без p   71)  опора как есть: w 0.63
200 м нагрев       U3 без нагрева ← полдень             холодный   81  тёплый   71 (без p   71)  опора как есть: w 0.80
200 м нагрев       штиль полдень ← без нагрева          холодный   51  тёплый   51 (без p   51)  опора как есть: w 1.00
200 м нагрев       U6 полдень ← без нагрева             холодный  131  тёплый   91 (без p  131)  опора как есть: w 0.47
200 м опора        U4 160° 14 ч ← U3 180° 13 ч          холодный  101  тёплый   81 (без p   91)  опора как есть: w 0.61
200 м опора        U4 160° 14 ч ← U3 135° без нагрева   холодный  101  тёплый   81 (без p  101)  опора как есть: w 0.78
200 м опора        U5 200° 10 ч ← U6 180° 13 ч          холодный  111  тёплый   91 (без p  111)  опора как есть: w 0.86
200 м опора        U5 200° 10 ч ← U6 180° без нагрева   холодный  111  тёплый   91 (без p  111)  опора как есть: w 0.87
200 м опора        U2 250° 16 ч ← штиль 13 ч            холодный   51  тёплый   61 (без p   61)  опора как есть: w 1.00
200 м опора        U2 250° 16 ч ← U3 225° 15 ч          холодный   51  тёплый   51 (без p   51)  опора как есть: w 0.72
400 м час          12 ← 11 (1 ч)                        холодный   51  тёплый   21 (без p   41)  опора как есть: w 0.05
400 м час          13 ← 11 (2 ч)                        холодный   51  тёплый   21 (без p   41)  опора как есть: w 0.08
400 м час          15 ← 13 (2 ч)                        холодный   51  тёплый   21 (без p   41)  опора как есть: w 0.05
400 м час          12 ← 9 (3 ч)                         холодный   51  тёплый   31 (без p   41)  опора как есть: w 0.19
400 м час          17 ← 13 (4 ч)                        холодный   51  тёплый   31 (без p   41)  опора как есть: w 0.16
400 м час          штиль 13 ← 11 (2 ч)                  холодный   41  тёплый   21 (без p   21)  опора как есть: w 0.21
400 м час          штиль 15 ← 12 (3 ч)                  холодный   41  тёплый   21 (без p   21)  опора как есть: w 0.23
400 м направление  180° ← 135° (45°)                    холодный   51  тёплый   51 (без p   61)  опора как есть: w 0.88
400 м направление  180° ← 90° (90°)                     холодный   51  тёплый   61 (без p   61)  опора как есть: w 1.35
400 м направление  180° ← 0° (180°)                     холодный   51  тёплый   81 (без p   81)  опора как есть: w 1.71
400 м направление  U6 180° ← 90° (90°)                  холодный   71  тёплый   81 (без p   81)  опора как есть: w 1.41
400 м сила         6 ← 3 м/с                            холодный   71  тёплый   71 (без p   71)  опора как есть: w 0.69
400 м сила         3 ← 6 м/с                            холодный   51  тёплый   81 (без p   81)  опора как есть: w 1.54
400 м сила         3 ← 0 (штиль)                        холодный   51  тёплый   51 (без p   51)  опора как есть: w 0.98
400 м нагрев       U3 полдень ← без нагрева             холодный   51  тёплый   41 (без p   41)  опора как есть: w 0.62
400 м нагрев       U3 без нагрева ← полдень             холодный   71  тёплый   61 (без p   61)  опора как есть: w 0.87
400 м нагрев       штиль полдень ← без нагрева          холодный   41  тёплый   41 (без p   41)  опора как есть: w 1.00
400 м нагрев       U6 полдень ← без нагрева             холодный   71  тёплый   61 (без p   71)  опора как есть: w 0.45
400 м опора        U4 160° 14 ч ← U3 180° 13 ч          холодный   61  тёплый   51 (без p   61)  опора как есть: w 0.58
400 м опора        U4 160° 14 ч ← U3 135° без нагрева   холодный   61  тёплый   51 (без p   61)  опора как есть: w 0.74
400 м опора        U5 200° 10 ч ← U6 180° 13 ч          холодный   61  тёплый   61 (без p   61)  опора как есть: w 0.80
400 м опора        U5 200° 10 ч ← U6 180° без нагрева   холодный   61  тёплый   61 (без p   61)  опора как есть: w 0.77
400 м опора        U2 250° 16 ч ← штиль 13 ч            холодный   41  тёплый   41 (без p   41)  опора как есть: w 0.97
400 м опора        U2 250° 16 ч ← U3 225° 15 ч          холодный   41  тёплый   31 (без p   41)  опора как есть: w 0.70
