{
 "before": {
  "params": [
   0.25,
   0.17,
   0.0345
  ],
  "chi2": 206.45609655660235,
  "ndf": 45,
  "groups": {
   "наветренная сторона": {
    "n": 12,
    "chi2": 8.85301398168124
   },
   "вершина/гребень": {
    "n": 8,
    "chi2": 18.82837903068175
   },
   "подветренная сторона": {
    "n": 8,
    "chi2": 29.429402086968516
   },
   "линия B (вдоль гребня)": {
    "n": 11,
    "chi2": 28.486083951178973
   },
   "профиль RS": {
    "n": 8,
    "chi2": 120.85921750609188
   }
  },
  "chi2_speedup": 85.59687905051045,
  "chi2_rs": 120.85921750609188,
  "chi2_interp": 206.26959926007808
 },
 "fits": {
  "all": {
   "lam_frac": 0.030742311223452324,
   "alpha": 0.23463778108115693,
   "z0": 0.0899999996526758,
   "chi2": 68.15092652272187,
   "ndf": 44,
   "chi2_speedup": 45.622516068679715,
   "chi2_rs": 22.528410454042135,
   "chi2_all_obs": 68.15092652272187
  },
  "all_amax0.27": {
   "lam_frac": 0.030740763441448275,
   "alpha": 0.23464000817813854,
   "z0": 0.0899999997303546,
   "chi2": 68.15092645153912,
   "ndf": 44,
   "chi2_speedup": 45.62230012333785,
   "chi2_rs": 22.528626328201263,
   "chi2_all_obs": 68.15092645153912
  },
  "speedup_only": {
   "lam_frac": 0.050422259819725486,
   "alpha": 0.23999999874951244,
   "z0": 0.08999999999994344,
   "chi2": 44.468808185603955,
   "ndf": 36,
   "chi2_speedup": 44.468808185603955,
   "chi2_rs": 25.91546015284267,
   "chi2_all_obs": 70.38426833844663
  },
  "speedup_only_amax0.27": {
   "lam_frac": 0.04498520832620394,
   "alpha": 0.2445445088833389,
   "z0": 0.0899999995984227,
   "chi2": 44.41196773684212,
   "ndf": 36,
   "chi2_speedup": 44.41196773684213,
   "chi2_rs": 27.05759390699756,
   "chi2_all_obs": 71.46956164383968
  },
  "all_z0prior": {
   "lam_frac": 0.0251381966259034,
   "alpha": 0.2340633298094489,
   "z0": 0.0482749322733327,
   "chi2": 72.6050574780002,
   "ndf": 45,
   "chi2_speedup": 49.267417935255764,
   "chi2_rs": 21.961106007348697,
   "chi2_all_obs": 71.22852394260448
  },
  "all_z0prior_amax0.27": {
   "lam_frac": 0.025144236187335915,
   "alpha": 0.23406585375643396,
   "z0": 0.04827390536170457,
   "chi2": 72.60505811038672,
   "ndf": 45,
   "chi2_speedup": 49.26688063237835,
   "chi2_rs": 21.961767047760432,
   "chi2_all_obs": 71.22864768013878
  }
 },
 "prof": {
  "lf": [
   0.02240099818300393,
   0.04422742164579873
  ],
  "al": [
   0.22875,
   0.24
  ],
  "z0": [
   0.07494148598900437,
   0.08999999999999998
  ]
 },
 "minos": {
  "lf": [
   -0.009046798665038833,
   0.01836506233243068
  ],
  "al": [
   -0.006635370778038945,
   0.005362218918843059
  ],
  "z0": [
   -0.018550542180515512,
   3.473241833029661e-10
  ]
 },
 "corr": {
  "lf-al": -0.1784833532358237,
  "lf-z0": 0.0002784675994873582,
  "al-z0": 5.8935863235225784e-05
 }
}
